Archive member included to satisfy reference by file (symbol)

C:\Users\acafa\Desktop\FACU\PROYECTO_TD3\lpc_board_nxp_lpcxpresso_1769\Debug\liblpc_board_nxp_lpcxpresso_1769.a(board.o)
                              ./src/GPIO.o (Board_LED_Set)
C:\Users\acafa\Desktop\FACU\PROYECTO_TD3\lpc_board_nxp_lpcxpresso_1769\Debug\liblpc_board_nxp_lpcxpresso_1769.a(board_sysinit.o)
                              ./src/sysinit.o (Board_SystemInit)
C:\Users\acafa\Desktop\FACU\PROYECTO_TD3\lpc_chip_175x_6x\Debug\liblpc_chip_175x_6x.a(chip_17xx_40xx.o)
                              ./src/GPIO.o (SystemCoreClockUpdate)
C:\Users\acafa\Desktop\FACU\PROYECTO_TD3\lpc_chip_175x_6x\Debug\liblpc_chip_175x_6x.a(clock_17xx_40xx.o)
                              C:\Users\acafa\Desktop\FACU\PROYECTO_TD3\lpc_chip_175x_6x\Debug\liblpc_chip_175x_6x.a(chip_17xx_40xx.o) (Chip_Clock_EnablePLL)
C:\Users\acafa\Desktop\FACU\PROYECTO_TD3\lpc_chip_175x_6x\Debug\liblpc_chip_175x_6x.a(i2c_17xx_40xx.o)
                              ./src/GPIO.o (Chip_I2C_EventHandler)
C:\Users\acafa\Desktop\FACU\PROYECTO_TD3\lpc_chip_175x_6x\Debug\liblpc_chip_175x_6x.a(i2s_17xx_40xx.o)
                              C:\Users\acafa\Desktop\FACU\PROYECTO_TD3\lpc_board_nxp_lpcxpresso_1769\Debug\liblpc_board_nxp_lpcxpresso_1769.a(board.o) (Chip_I2S_Init)
C:\Users\acafa\Desktop\FACU\PROYECTO_TD3\lpc_chip_175x_6x\Debug\liblpc_chip_175x_6x.a(iocon_17xx_40xx.o)
                              C:\Users\acafa\Desktop\FACU\PROYECTO_TD3\lpc_board_nxp_lpcxpresso_1769\Debug\liblpc_board_nxp_lpcxpresso_1769.a(board.o) (Chip_IOCON_PinMux)
C:\Users\acafa\Desktop\FACU\PROYECTO_TD3\lpc_chip_175x_6x\Debug\liblpc_chip_175x_6x.a(sysinit_17xx_40xx.o)
                              C:\Users\acafa\Desktop\FACU\PROYECTO_TD3\lpc_board_nxp_lpcxpresso_1769\Debug\liblpc_board_nxp_lpcxpresso_1769.a(board_sysinit.o) (Chip_SetupXtalClocking)
C:\Users\acafa\Desktop\FACU\PROYECTO_TD3\lpc_chip_175x_6x\Debug\liblpc_chip_175x_6x.a(uart_17xx_40xx.o)
                              C:\Users\acafa\Desktop\FACU\PROYECTO_TD3\lpc_board_nxp_lpcxpresso_1769\Debug\liblpc_board_nxp_lpcxpresso_1769.a(board.o) (Chip_UART_Init)
C:\Users\acafa\Desktop\FACU\PROYECTO_TD3\lpc_chip_175x_6x\Debug\liblpc_chip_175x_6x.a(ring_buffer.o)
                              C:\Users\acafa\Desktop\FACU\PROYECTO_TD3\lpc_chip_175x_6x\Debug\liblpc_chip_175x_6x.a(uart_17xx_40xx.o) (RingBuffer_Insert)
C:\Users\acafa\Desktop\FACU\PROYECTO_TD3\freertos\Debug\libfreertos.a(tasks.o)
                              ./src/GPIO.o (xTaskGenericCreate)
C:\Users\acafa\Desktop\FACU\PROYECTO_TD3\freertos\Debug\libfreertos.a(heap_3.o)
                              C:\Users\acafa\Desktop\FACU\PROYECTO_TD3\freertos\Debug\libfreertos.a(tasks.o) (pvPortMalloc)
C:\Users\acafa\Desktop\FACU\PROYECTO_TD3\freertos\Debug\libfreertos.a(list.o)
                              C:\Users\acafa\Desktop\FACU\PROYECTO_TD3\freertos\Debug\libfreertos.a(tasks.o) (vListInitialise)
C:\Users\acafa\Desktop\FACU\PROYECTO_TD3\freertos\Debug\libfreertos.a(port.o)
                              C:\Users\acafa\Desktop\FACU\PROYECTO_TD3\freertos\Debug\libfreertos.a(tasks.o) (pxPortInitialiseStack)
d:/nxp2/lpcxpresso_8.2.0_647/lpcxpresso/tools/bin/../lib/gcc/arm-none-eabi/5.3.1/../../../../arm-none-eabi/lib/armv7-m\libcr_nohost.a(_cr__main.o)
                              ./src/cr_startup_lpc175x_6x.o (__main)
d:/nxp2/lpcxpresso_8.2.0_647/lpcxpresso/tools/bin/../lib/gcc/arm-none-eabi/5.3.1/../../../../arm-none-eabi/lib/armv7-m\libcr_c.a(atan2f.o)
                              ./src/GPIO.o (atan2f)
d:/nxp2/lpcxpresso_8.2.0_647/lpcxpresso/tools/bin/../lib/gcc/arm-none-eabi/5.3.1/../../../../arm-none-eabi/lib/armv7-m\libcr_c.a(atanf.o)
                              d:/nxp2/lpcxpresso_8.2.0_647/lpcxpresso/tools/bin/../lib/gcc/arm-none-eabi/5.3.1/../../../../arm-none-eabi/lib/armv7-m\libcr_c.a(atan2f.o) (atanf)
d:/nxp2/lpcxpresso_8.2.0_647/lpcxpresso/tools/bin/../lib/gcc/arm-none-eabi/5.3.1/../../../../arm-none-eabi/lib/armv7-m\libcr_c.a(fabsf.o)
                              d:/nxp2/lpcxpresso_8.2.0_647/lpcxpresso/tools/bin/../lib/gcc/arm-none-eabi/5.3.1/../../../../arm-none-eabi/lib/armv7-m\libcr_c.a(atan2f.o) (fabsf)
d:/nxp2/lpcxpresso_8.2.0_647/lpcxpresso/tools/bin/../lib/gcc/arm-none-eabi/5.3.1/../../../../arm-none-eabi/lib/armv7-m\libcr_c.a(memcpy.o)
                              C:\Users\acafa\Desktop\FACU\PROYECTO_TD3\lpc_board_nxp_lpcxpresso_1769\Debug\liblpc_board_nxp_lpcxpresso_1769.a(board.o) (memcpy)
d:/nxp2/lpcxpresso_8.2.0_647/lpcxpresso/tools/bin/../lib/gcc/arm-none-eabi/5.3.1/../../../../arm-none-eabi/lib/armv7-m\libcr_c.a(memset.o)
                              C:\Users\acafa\Desktop\FACU\PROYECTO_TD3\freertos\Debug\libfreertos.a(tasks.o) (memset)
d:/nxp2/lpcxpresso_8.2.0_647/lpcxpresso/tools/bin/../lib/gcc/arm-none-eabi/5.3.1/../../../../arm-none-eabi/lib/armv7-m\libcr_c.a(alloc.o)
[...]
Memory Configuration

Name             Origin             Length             Attributes
MFlash512        0x00000000         0x00080000         xr
RamLoc32         0x10000000         0x00008000         xrw
RamAHB32         0x2007c000         0x00008000         xrw
*default*        0x00000000         0xffffffff

Linker script and memory map

LOAD ./src/GPIO.o
LOAD ./src/cr_startup_lpc175x_6x.o
LOAD ./src/crp.o
LOAD ./src/display.o
LOAD ./src/sysinit.o
LOAD C:\Users\acafa\Desktop\FACU\PROYECTO_TD3\lpc_board_nxp_lpcxpresso_1769\Debug\liblpc_board_nxp_lpcxpresso_1769.a
LOAD C:\Users\acafa\Desktop\FACU\PROYECTO_TD3\lpc_chip_175x_6x\Debug\liblpc_chip_175x_6x.a
LOAD C:\Users\acafa\Desktop\FACU\PROYECTO_TD3\freertos\Debug\libfreertos.a
START GROUP
LOAD d:/nxp2/lpcxpresso_8.2.0_647/lpcxpresso/tools/bin/../lib/gcc/arm-none-eabi/5.3.1/../../../../arm-none-eabi/lib/armv7-m\libcr_nohost.a
LOAD d:/nxp2/lpcxpresso_8.2.0_647/lpcxpresso/tools/bin/../lib/gcc/arm-none-eabi/5.3.1/../../../../arm-none-eabi/lib/armv7-m\libcr_c.a
LOAD d:/nxp2/lpcxpresso_8.2.0_647/lpcxpresso/tools/bin/../lib/gcc/arm-none-eabi/5.3.1/armv7-m\libcr_eabihelpers.a
END GROUP
                0x00000000                __base_MFlash512 = 0x0
                0x00000000                __base_Flash = 0x0
                0x00080000                __top_MFlash512 = 0x80000
                0x00080000                __top_Flash = 0x80000
                0x10000000                __base_RamLoc32 = 0x10000000
                0x10000000                __base_RAM = 0x10000000
                0x10008000                __top_RamLoc32 = 0x10008000
                0x10008000                __top_RAM = 0x10008000
                0x2007c000                __base_RamAHB32 = 0x2007c000
                0x2007c000                __base_RAM2 = 0x2007c000
                0x20084000                __top_RamAHB32 = 0x20084000
                0x20084000                __top_RAM2 = 0x20084000

.text           0x00000000     0x7128
 FILL mask 0xff
                0x00000000                __vectors_start__ = ABSOLUTE (.)
 *(.isr_vector)
 .isr_vector    0x00000000       0xcc ./src/cr_startup_lpc175x_6x.o
                0x00000000                g_pfnVectors
                0x000000cc                . = ALIGN (0x4)
                0x000000cc                __section_table_start = .
                0x000000cc                __data_section_table = .
                0x000000cc        0x4 LONG 0x7128 LOADADDR (.data)
                0x000000d0        0x4 LONG 0x10000000 ADDR (.data)
                0x000000d4        0x4 LONG 0x60 SIZEOF (.data)
                0x000000d8        0x4 LONG 0x7128 LOADADDR (.data_RAM2)
                0x000000dc        0x4 LONG 0x2007c000 ADDR (.data_RAM2)
                0x000000e0        0x4 LONG 0x0 SIZEOF (.data_RAM2)
                0x000000e4                __data_section_table_end = .
                0x000000e4                __bss_section_table = .
                0x000000e4        0x4 LONG 0x10000060 ADDR (.bss)
                0x000000e8        0x4 LONG 0x33c SIZEOF (.bss)
                0x000000ec        0x4 LONG 0x2007c000 ADDR (.bss_RAM2)
                0x000000f0        0x4 LONG 0x0 SIZEOF (.bss_RAM2)
                0x000000f4                __bss_section_table_end = .
                0x000000f4                __section_table_end = .
 *(.after_vectors*)
 .after_vectors
                0x000000f4      0x144 ./src/cr_startup_lpc175x_6x.o
                0x000000f4                data_init
                0x00000138                bss_init
                0x00000170                ResetISR
                0x000001e8                NMI_Handler
                0x000001f0                HardFault_Handler
                0x000001f8                MemManage_Handler
                0x00000200                BusFault_Handler
                0x00000208                UsageFault_Handler
                0x00000218                DebugMon_Handler
                0x00000230                CANActivity_IRQHandler
                0x00000230                TIMER3_IRQHandler
                0x00000230                UART0_IRQHandler
                0x00000230                PWM1_IRQHandler
                0x00000230                EINT3_IRQHandler
                0x00000230                UART1_IRQHandler
                0x00000230                IntDefaultHandler
                0x00000230                PLL0_IRQHandler
                0x00000230                CAN_IRQHandler
                0x00000230                PLL1_IRQHandler
                0x00000230                USBActivity_IRQHandler
                0x00000230                I2S_IRQHandler
                0x00000230                I2C2_IRQHandler
                0x00000230                RTC_IRQHandler
                0x00000230                TIMER0_IRQHandler
                0x00000230                SPI_IRQHandler
                0x00000230                RIT_IRQHandler
                0x00000230                EINT1_IRQHandler
                0x00000230                TIMER1_IRQHandler
                0x00000230                UART2_IRQHandler
                0x00000230                ADC_IRQHandler
                0x00000230                SSP1_IRQHandler
                0x00000230                USB_IRQHandler
                0x00000230                BOD_IRQHandler
                0x00000230                EINT2_IRQHandler
                0x00000230                WDT_IRQHandler
                0x00000230                QEI_IRQHandler
                0x00000230                EINT0_IRQHandler
                0x00000230                ETH_IRQHandler
                0x00000230                SSP0_IRQHandler
                0x00000230                DMA_IRQHandler
                0x00000230                TIMER2_IRQHandler
                0x00000230                UART3_IRQHandler
                0x00000230                MCPWM_IRQHandler
                0x000002fc                . = 0x2fc
 *fill*         0x00000238       0xc4 ff
                0x000002fc                PROVIDE (__CRP_WORD_START__, .)
 *(.crp)
 .crp           0x000002fc        0x4 ./src/crp.o
                0x000002fc                CRP_WORD
                0x00000300                PROVIDE (__CRP_WORD_END__, .)
                0x00000001                ASSERT (! ((__CRP_WORD_START__ == __CRP_WORD_END__)), Linker CRP Enabled, but no CRP_WORD provided within application)
 *(.text*)
 .text.NVIC_EnableIRQ
                0x00000300       0x30 ./src/GPIO.o
 .text.NVIC_DisableIRQ
                0x00000330       0x34 ./src/GPIO.o
 .text.NVIC_SetPriority
                0x00000364       0x54 ./src/GPIO.o
 .text.Chip_GPIO_SetPinState
                0x000003b8       0x68 ./src/GPIO.o
 .text.Chip_GPIO_GetPinState
                0x00000420       0x38 ./src/GPIO.o
 .text.Chip_GPIO_ReadPortBit
                0x00000458       0x28 ./src/GPIO.o
 .text.getAres  0x00000480       0x5c ./src/GPIO.o
                0x00000480                getAres
 .text.getGres  0x000004dc       0x64 ./src/GPIO.o
                0x000004dc                getGres
 .text.i2c_state_handling
                0x00000540       0x34 ./src/GPIO.o
 .text.i2c_set_mode
                0x00000574       0x84 ./src/GPIO.o
 .text.i2c_app_init
                0x000005f8       0x3c ./src/GPIO.o
 .text.I2C1_IRQHandler
                0x00000634       0x10 ./src/GPIO.o
                0x00000634                I2C1_IRQHandler
 .text.I2C0_IRQHandler
                0x00000644       0x1c ./src/GPIO.o
                0x00000644                I2C0_IRQHandler
 .text.vENTRADA
                0x00000660       0x50 ./src/GPIO.o
                0x00000660                vENTRADA
 .text.vINCLINOMETRO
                0x000006b0      0x140 ./src/GPIO.o
 .text.main     0x000007f0       0xe8 ./src/GPIO.o
                0x000007f0                main
 .text.delay_lcd
                0x000008d8       0x18 ./src/GPIO.o
                0x000008d8                delay_lcd
 .text.complementaryFilter
                0x000008f0      0x330 ./src/GPIO.o
                0x000008f0                complementaryFilter
 .text.calibrate
                0x00000c20      0x3d8 ./src/GPIO.o
                0x00000c20                calibrate
 .text.readAccelData
                0x00000ff8       0x58 ./src/GPIO.o
                0x00000ff8                readAccelData
 .text.readGyroData
                0x00001050       0x58 ./src/GPIO.o
                0x00001050                readGyroData
 .text.reset    0x000010a8       0x18 ./src/GPIO.o
                0x000010a8                reset
 .text.init     0x000010c0       0xdc ./src/GPIO.o
                0x000010c0                init
 .text.whoAmI   0x0000119c       0x4c ./src/GPIO.o
                0x0000119c                whoAmI
 .text.writeByte
                0x000011e8       0x38 ./src/GPIO.o
                0x000011e8                writeByte
 .text.readByte
                0x00001220       0x44 ./src/GPIO.o
                0x00001220                readByte
 .text.readBytes
                0x00001264       0x6c ./src/GPIO.o
                0x00001264                readBytes
 .text.botones  0x000012d0       0x80 ./src/GPIO.o
                0x000012d0                botones
 .text.presentacion_referencia
                0x00001350       0xa4 ./src/GPIO.o
                0x00001350                presentacion_referencia
 .text.Chip_GPIO_SetPinState
                0x000013f4       0x68 ./src/display.o
 .text.Chip_GPIO_SetPortOutHigh
                0x0000145c       0x24 ./src/display.o
 .text.Chip_GPIO_SetPortOutLow
                0x00001480       0x24 ./src/display.o
 .text.inicializacion_lcd
                0x000014a4       0x30 ./src/display.o
                0x000014a4                inicializacion_lcd
 .text.goto_xy  0x000014d4       0x40 ./src/display.o
                0x000014d4                goto_xy
 .text.instruccion
                0x00001514       0x68 ./src/display.o
                0x00001514                instruccion
 .text.imprimecaracter
                0x0000157c       0x68 ./src/display.o
                0x0000157c                imprimecaracter
 .text.instruccion_init
                0x000015e4       0x68 ./src/display.o
                0x000015e4                instruccion_init
 .text.delay_ms_init
                0x0000164c       0x38 ./src/display.o
                0x0000164c                delay_ms_init
 .text.presentacion_angulo
                0x00001684       0x8c ./src/display.o
                0x00001684                presentacion_angulo
 .text.SystemInit
                0x00001710       0x24 ./src/sysinit.o
                0x00001710                SystemInit
 .text.Chip_IOCON_Init
                0x00001734       0x18 C:\Users\acafa\Desktop\FACU\PROYECTO_TD3\lpc_board_nxp_lpcxpresso_1769\Debug\liblpc_board_nxp_lpcxpresso_1769.a(board.o)
 .text.Chip_IOCON_EnableOD
                0x0000174c       0x38 C:\Users\acafa\Desktop\FACU\PROYECTO_TD3\lpc_board_nxp_lpcxpresso_1769\Debug\liblpc_board_nxp_lpcxpresso_1769.a(board.o)
 .text.Chip_IOCON_SetI2CPad
                0x00001784       0x1c C:\Users\acafa\Desktop\FACU\PROYECTO_TD3\lpc_board_nxp_lpcxpresso_1769\Debug\liblpc_board_nxp_lpcxpresso_1769.a(board.o)
 .text.Chip_GPIO_Init
                0x000017a0       0x18 C:\Users\acafa\Desktop\FACU\PROYECTO_TD3\lpc_board_nxp_lpcxpresso_1769\Debug\liblpc_board_nxp_lpcxpresso_1769.a(board.o)
 .text.Chip_GPIO_SetPinState
                0x000017b8       0x68 C:\Users\acafa\Desktop\FACU\PROYECTO_TD3\lpc_board_nxp_lpcxpresso_1769\Debug\liblpc_board_nxp_lpcxpresso_1769.a(board.o)
 .text.Chip_GPIO_WritePortBit
                0x00001820       0x2c C:\Users\acafa\Desktop\FACU\PROYECTO_TD3\lpc_board_nxp_lpcxpresso_1769\Debug\liblpc_board_nxp_lpcxpresso_1769.a(board.o)
 .text.Chip_GPIO_GetPinState
                0x0000184c       0x38 C:\Users\acafa\Desktop\FACU\PROYECTO_TD3\lpc_board_nxp_lpcxpresso_1769\Debug\liblpc_board_nxp_lpcxpresso_1769.a(board.o)
 .text.Chip_GPIO_ReadPortBit
                0x00001884       0x28 C:\Users\acafa\Desktop\FACU\PROYECTO_TD3\lpc_board_nxp_lpcxpresso_1769\Debug\liblpc_board_nxp_lpcxpresso_1769.a(board.o)
 .text.Chip_GPIO_SetPinDIROutput
                0x000018ac       0x38 C:\Users\acafa\Desktop\FACU\PROYECTO_TD3\lpc_board_nxp_lpcxpresso_1769\Debug\liblpc_board_nxp_lpcxpresso_1769.a(board.o)
 .text.Chip_GPIO_SetPinDIRInput
                0x000018e4       0x3c C:\Users\acafa\Desktop\FACU\PROYECTO_TD3\lpc_board_nxp_lpcxpresso_1769\Debug\liblpc_board_nxp_lpcxpresso_1769.a(board.o)
 .text.Chip_GPIO_SetPinDIR
                0x00001920       0x44 C:\Users\acafa\Desktop\FACU\PROYECTO_TD3\lpc_board_nxp_lpcxpresso_1769\Debug\liblpc_board_nxp_lpcxpresso_1769.a(board.o)
 .text.Chip_GPIO_WriteDirBit
                0x00001964       0x30 C:\Users\acafa\Desktop\FACU\PROYECTO_TD3\lpc_board_nxp_lpcxpresso_1769\Debug\liblpc_board_nxp_lpcxpresso_1769.a(board.o)
 .text.Chip_UART_SendByte
                0x00001994       0x1c C:\Users\acafa\Desktop\FACU\PROYECTO_TD3\lpc_board_nxp_lpcxpresso_1769\Debug\liblpc_board_nxp_lpcxpresso_1769.a(board.o)
 .text.Chip_UART_ConfigData
                0x000019b0       0x1c C:\Users\acafa\Desktop\FACU\PROYECTO_TD3\lpc_board_nxp_lpcxpresso_1769\Debug\liblpc_board_nxp_lpcxpresso_1769.a(board.o)
 .text.Chip_UART_ReadLineStatus
                0x000019cc       0x18 C:\Users\acafa\Desktop\FACU\PROYECTO_TD3\lpc_board_nxp_lpcxpresso_1769\Debug\liblpc_board_nxp_lpcxpresso_1769.a(board.o)
 .text.__sys_write
                0x000019e4       0x38 C:\Users\acafa\Desktop\FACU\PROYECTO_TD3\lpc_board_nxp_lpcxpresso_1769\Debug\liblpc_board_nxp_lpcxpresso_1769.a(board.o)
                0x000019e4                __sys_write
 .text.Board_LED_Init
                0x00001a1c       0xbc C:\Users\acafa\Desktop\FACU\PROYECTO_TD3\lpc_board_nxp_lpcxpresso_1769\Debug\liblpc_board_nxp_lpcxpresso_1769.a(board.o)
 .text.Board_UART_Init
                0x00001ad8       0x14 C:\Users\acafa\Desktop\FACU\PROYECTO_TD3\lpc_board_nxp_lpcxpresso_1769\Debug\liblpc_board_nxp_lpcxpresso_1769.a(board.o)
                0x00001ad8                Board_UART_Init
 .text.Board_Debug_Init
                0x00001aec       0x30 C:\Users\acafa\Desktop\FACU\PROYECTO_TD3\lpc_board_nxp_lpcxpresso_1769\Debug\liblpc_board_nxp_lpcxpresso_1769.a(board.o)
                0x00001aec                Board_Debug_Init
 .text.Board_UARTPutChar
                0x00001b1c       0x34 C:\Users\acafa\Desktop\FACU\PROYECTO_TD3\lpc_board_nxp_lpcxpresso_1769\Debug\liblpc_board_nxp_lpcxpresso_1769.a(board.o)
                0x00001b1c                Board_UARTPutChar
 .text.Board_LED_Set
                0x00001b50       0x30 C:\Users\acafa\Desktop\FACU\PROYECTO_TD3\lpc_board_nxp_lpcxpresso_1769\Debug\liblpc_board_nxp_lpcxpresso_1769.a(board.o)
                0x00001b50                Board_LED_Set
 .text.Board_LED_Test
                0x00001b80       0x30 C:\Users\acafa\Desktop\FACU\PROYECTO_TD3\lpc_board_nxp_lpcxpresso_1769\Debug\liblpc_board_nxp_lpcxpresso_1769.a(board.o)
                0x00001b80                Board_LED_Test
 .text.Board_LED_Toggle
                0x00001bb0       0x44 C:\Users\acafa\Desktop\FACU\PROYECTO_TD3\lpc_board_nxp_lpcxpresso_1769\Debug\liblpc_board_nxp_lpcxpresso_1769.a(board.o)
                0x00001bb0                Board_LED_Toggle
 .text.Board_Init
                0x00001bf4       0x24 C:\Users\acafa\Desktop\FACU\PROYECTO_TD3\lpc_board_nxp_lpcxpresso_1769\Debug\liblpc_board_nxp_lpcxpresso_1769.a(board.o)
                0x00001bf4                Board_Init
 .text.Board_I2C_Init
                0x00001c18       0xbc C:\Users\acafa\Desktop\FACU\PROYECTO_TD3\lpc_board_nxp_lpcxpresso_1769\Debug\liblpc_board_nxp_lpcxpresso_1769.a(board.o)
                0x00001c18                Board_I2C_Init
 .text.Chip_SYSCTL_SetFLASHAccess
                0x00001cd4       0x30 C:\Users\acafa\Desktop\FACU\PROYECTO_TD3\lpc_board_nxp_lpcxpresso_1769\Debug\liblpc_board_nxp_lpcxpresso_1769.a(board_sysinit.o)
 .text.Board_SetupMuxing
                0x00001d04       0x1c C:\Users\acafa\Desktop\FACU\PROYECTO_TD3\lpc_board_nxp_lpcxpresso_1769\Debug\liblpc_board_nxp_lpcxpresso_1769.a(board_sysinit.o)
                0x00001d04                Board_SetupMuxing
 .text.Board_SetupClocking
                0x00001d20       0x14 C:\Users\acafa\Desktop\FACU\PROYECTO_TD3\lpc_board_nxp_lpcxpresso_1769\Debug\liblpc_board_nxp_lpcxpresso_1769.a(board_sysinit.o)
                0x00001d20                Board_SetupClocking
 .text.Board_SystemInit
                0x00001d34       0x10 C:\Users\acafa\Desktop\FACU\PROYECTO_TD3\lpc_board_nxp_lpcxpresso_1769\Debug\liblpc_board_nxp_lpcxpresso_1769.a(board_sysinit.o)
                0x00001d34                Board_SystemInit
 .text.SystemCoreClockUpdate
                0x00001d44       0x18 C:\Users\acafa\Desktop\FACU\PROYECTO_TD3\lpc_chip_175x_6x\Debug\liblpc_chip_175x_6x.a(chip_17xx_40xx.o)
                0x00001d44                SystemCoreClockUpdate
 .text.Chip_Clock_IsMainPLLEnabled
                0x00001d5c       0x24 C:\Users\acafa\Desktop\FACU\PROYECTO_TD3\lpc_chip_175x_6x\Debug\liblpc_chip_175x_6x.a(clock_17xx_40xx.o)
 .text.Chip_Clock_IsMainPLLConnected
                0x00001d80       0x24 C:\Users\acafa\Desktop\FACU\PROYECTO_TD3\lpc_chip_175x_6x\Debug\liblpc_chip_175x_6x.a(clock_17xx_40xx.o)
 .text.Chip_Clock_FeedPLL
                0x00001da4       0x34 C:\Users\acafa\Desktop\FACU\PROYECTO_TD3\lpc_chip_175x_6x\Debug\liblpc_chip_175x_6x.a(clock_17xx_40xx.o)
 .text.Chip_Clock_GetMainPLLSource
                0x00001dd8       0x20 C:\Users\acafa\Desktop\FACU\PROYECTO_TD3\lpc_chip_175x_6x\Debug\liblpc_chip_175x_6x.a(clock_17xx_40xx.o)
 .text.Chip_Clock_GetMainOscRate
                0x00001df8       0x14 C:\Users\acafa\Desktop\FACU\PROYECTO_TD3\lpc_chip_175x_6x\Debug\liblpc_chip_175x_6x.a(clock_17xx_40xx.o)
 .text.Chip_Clock_GetIntOscRate
                0x00001e0c       0x14 C:\Users\acafa\Desktop\FACU\PROYECTO_TD3\lpc_chip_175x_6x\Debug\liblpc_chip_175x_6x.a(clock_17xx_40xx.o)
 .text.Chip_Clock_GetRTCOscRate
                0x00001e20       0x14 C:\Users\acafa\Desktop\FACU\PROYECTO_TD3\lpc_chip_175x_6x\Debug\liblpc_chip_175x_6x.a(clock_17xx_40xx.o)
 .text.Chip_Clock_GetMainPLLInClockRate
                0x00001e34       0x10 C:\Users\acafa\Desktop\FACU\PROYECTO_TD3\lpc_chip_175x_6x\Debug\liblpc_chip_175x_6x.a(clock_17xx_40xx.o)
 .text.Chip_Clock_EnablePLL
                0x00001e44       0x44 C:\Users\acafa\Desktop\FACU\PROYECTO_TD3\lpc_chip_175x_6x\Debug\liblpc_chip_175x_6x.a(clock_17xx_40xx.o)
                0x00001e44                Chip_Clock_EnablePLL
 .text.Chip_Clock_DisablePLL
                0x00001e88       0x48 C:\Users\acafa\Desktop\FACU\PROYECTO_TD3\lpc_chip_175x_6x\Debug\liblpc_chip_175x_6x.a(clock_17xx_40xx.o)
                0x00001e88                Chip_Clock_DisablePLL
 .text.Chip_Clock_SetupPLL
                0x00001ed0       0x5c C:\Users\acafa\Desktop\FACU\PROYECTO_TD3\lpc_chip_175x_6x\Debug\liblpc_chip_175x_6x.a(clock_17xx_40xx.o)
                0x00001ed0                Chip_Clock_SetupPLL
 .text.Chip_Clock_EnablePeriphClock
                0x00001f2c       0x34 C:\Users\acafa\Desktop\FACU\PROYECTO_TD3\lpc_chip_175x_6x\Debug\liblpc_chip_175x_6x.a(clock_17xx_40xx.o)
                0x00001f2c                Chip_Clock_EnablePeriphClock
 .text.Chip_Clock_GetCPUClockSource
                0x00001f60       0x24 C:\Users\acafa\Desktop\FACU\PROYECTO_TD3\lpc_chip_175x_6x\Debug\liblpc_chip_175x_6x.a(clock_17xx_40xx.o)
                0x00001f60                Chip_Clock_GetCPUClockSource
 .text.Chip_Clock_SetCPUClockDiv
                0x00001f84       0x20 C:\Users\acafa\Desktop\FACU\PROYECTO_TD3\lpc_chip_175x_6x\Debug\liblpc_chip_175x_6x.a(clock_17xx_40xx.o)
                0x00001f84                Chip_Clock_SetCPUClockDiv
 .text.Chip_Clock_GetCPUClockDiv
                0x00001fa4       0x1c C:\Users\acafa\Desktop\FACU\PROYECTO_TD3\lpc_chip_175x_6x\Debug\liblpc_chip_175x_6x.a(clock_17xx_40xx.o)
                0x00001fa4                Chip_Clock_GetCPUClockDiv
 .text.Chip_Clock_GetPCLKDiv
                0x00001fc0       0x8c C:\Users\acafa\Desktop\FACU\PROYECTO_TD3\lpc_chip_175x_6x\Debug\liblpc_chip_175x_6x.a(clock_17xx_40xx.o)
                0x00001fc0                Chip_Clock_GetPCLKDiv
 .text.Chip_Clock_GetSYSCLKRate
                0x0000204c       0x34 C:\Users\acafa\Desktop\FACU\PROYECTO_TD3\lpc_chip_175x_6x\Debug\liblpc_chip_175x_6x.a(clock_17xx_40xx.o)
                0x0000204c                Chip_Clock_GetSYSCLKRate
 .text.Chip_Clock_GetMainPLLOutClockRate
                0x00002080       0x54 C:\Users\acafa\Desktop\FACU\PROYECTO_TD3\lpc_chip_175x_6x\Debug\liblpc_chip_175x_6x.a(clock_17xx_40xx.o)
                0x00002080                Chip_Clock_GetMainPLLOutClockRate
 .text.Chip_Clock_GetMainClockRate
                0x000020d4       0x28 C:\Users\acafa\Desktop\FACU\PROYECTO_TD3\lpc_chip_175x_6x\Debug\liblpc_chip_175x_6x.a(clock_17xx_40xx.o)
                0x000020d4                Chip_Clock_GetMainClockRate
 .text.Chip_Clock_GetSystemClockRate
                0x000020fc       0x18 C:\Users\acafa\Desktop\FACU\PROYECTO_TD3\lpc_chip_175x_6x\Debug\liblpc_chip_175x_6x.a(clock_17xx_40xx.o)
                0x000020fc                Chip_Clock_GetSystemClockRate
 .text.Chip_Clock_GetPeripheralClockRate
                0x00002114       0x28 C:\Users\acafa\Desktop\FACU\PROYECTO_TD3\lpc_chip_175x_6x\Debug\liblpc_chip_175x_6x.a(clock_17xx_40xx.o)
                0x00002114                Chip_Clock_GetPeripheralClockRate
 .text.enableClk
                0x0000213c       0x30 C:\Users\acafa\Desktop\FACU\PROYECTO_TD3\lpc_chip_175x_6x\Debug\liblpc_chip_175x_6x.a(i2c_17xx_40xx.o)
 .text.getClkRate
                0x0000216c       0x24 C:\Users\acafa\Desktop\FACU\PROYECTO_TD3\lpc_chip_175x_6x\Debug\liblpc_chip_175x_6x.a(i2c_17xx_40xx.o)
 .text.startMasterXfer
                0x00002190       0x20 C:\Users\acafa\Desktop\FACU\PROYECTO_TD3\lpc_chip_175x_6x\Debug\liblpc_chip_175x_6x.a(i2c_17xx_40xx.o)
 .text.startSlaverXfer
                0x000021b0       0x20 C:\Users\acafa\Desktop\FACU\PROYECTO_TD3\lpc_chip_175x_6x\Debug\liblpc_chip_175x_6x.a(i2c_17xx_40xx.o)
 .text.isI2CBusFree
                0x000021d0       0x24 C:\Users\acafa\Desktop\FACU\PROYECTO_TD3\lpc_chip_175x_6x\Debug\liblpc_chip_175x_6x.a(i2c_17xx_40xx.o)
 .text.getCurState
                0x000021f4       0x1c C:\Users\acafa\Desktop\FACU\PROYECTO_TD3\lpc_chip_175x_6x\Debug\liblpc_chip_175x_6x.a(i2c_17xx_40xx.o)
 .text.isMasterState
                0x00002210       0x24 C:\Users\acafa\Desktop\FACU\PROYECTO_TD3\lpc_chip_175x_6x\Debug\liblpc_chip_175x_6x.a(i2c_17xx_40xx.o)
 .text.isSlaveAddrMatching
                0x00002234       0x40 C:\Users\acafa\Desktop\FACU\PROYECTO_TD3\lpc_chip_175x_6x\Debug\liblpc_chip_175x_6x.a(i2c_17xx_40xx.o)
 .text.lookupSlaveIndex
                0x00002274       0x9c C:\Users\acafa\Desktop\FACU\PROYECTO_TD3\lpc_chip_175x_6x\Debug\liblpc_chip_175x_6x.a(i2c_17xx_40xx.o)
 .text.handleMasterXferState
                0x00002310      0x284 C:\Users\acafa\Desktop\FACU\PROYECTO_TD3\lpc_chip_175x_6x\Debug\liblpc_chip_175x_6x.a(i2c_17xx_40xx.o)
                0x00002310                handleMasterXferState
 .text.getSlaveIndex
                0x00002594       0x4c C:\Users\acafa\Desktop\FACU\PROYECTO_TD3\lpc_chip_175x_6x\Debug\liblpc_chip_175x_6x.a(i2c_17xx_40xx.o)
                0x00002594                getSlaveIndex
 .text.handleSlaveXferState
                0x000025e0      0x2b8 C:\Users\acafa\Desktop\FACU\PROYECTO_TD3\lpc_chip_175x_6x\Debug\liblpc_chip_175x_6x.a(i2c_17xx_40xx.o)
                0x000025e0                handleSlaveXferState
 .text.Chip_I2C_EventHandler
                0x00002898       0x4c C:\Users\acafa\Desktop\FACU\PROYECTO_TD3\lpc_chip_175x_6x\Debug\liblpc_chip_175x_6x.a(i2c_17xx_40xx.o)
                0x00002898                Chip_I2C_EventHandler
 .text.Chip_I2C_EventHandlerPolling
                0x000028e4       0x60 C:\Users\acafa\Desktop\FACU\PROYECTO_TD3\lpc_chip_175x_6x\Debug\liblpc_chip_175x_6x.a(i2c_17xx_40xx.o)
                0x000028e4                Chip_I2C_EventHandlerPolling
 .text.Chip_I2C_Init
                0x00002944       0x34 C:\Users\acafa\Desktop\FACU\PROYECTO_TD3\lpc_chip_175x_6x\Debug\liblpc_chip_175x_6x.a(i2c_17xx_40xx.o)
                0x00002944                Chip_I2C_Init
 .text.Chip_I2C_SetClockRate
                0x00002978       0x68 C:\Users\acafa\Desktop\FACU\PROYECTO_TD3\lpc_chip_175x_6x\Debug\liblpc_chip_175x_6x.a(i2c_17xx_40xx.o)
                0x00002978                Chip_I2C_SetClockRate
 .text.Chip_I2C_SetMasterEventHandler
                0x000029e0       0x48 C:\Users\acafa\Desktop\FACU\PROYECTO_TD3\lpc_chip_175x_6x\Debug\liblpc_chip_175x_6x.a(i2c_17xx_40xx.o)
                0x000029e0                Chip_I2C_SetMasterEventHandler
 .text.Chip_I2C_MasterTransfer
                0x00002a28       0x9c C:\Users\acafa\Desktop\FACU\PROYECTO_TD3\lpc_chip_175x_6x\Debug\liblpc_chip_175x_6x.a(i2c_17xx_40xx.o)
                0x00002a28                Chip_I2C_MasterTransfer
 .text.Chip_I2C_MasterSend
                0x00002ac4       0x58 C:\Users\acafa\Desktop\FACU\PROYECTO_TD3\lpc_chip_175x_6x\Debug\liblpc_chip_175x_6x.a(i2c_17xx_40xx.o)
                0x00002ac4                Chip_I2C_MasterSend
 .text.Chip_I2C_MasterRead
                0x00002b1c       0x54 C:\Users\acafa\Desktop\FACU\PROYECTO_TD3\lpc_chip_175x_6x\Debug\liblpc_chip_175x_6x.a(i2c_17xx_40xx.o)
                0x00002b1c                Chip_I2C_MasterRead
 .text.Chip_I2C_IsMasterActive
                0x00002b70       0x30 C:\Users\acafa\Desktop\FACU\PROYECTO_TD3\lpc_chip_175x_6x\Debug\liblpc_chip_175x_6x.a(i2c_17xx_40xx.o)
                0x00002b70                Chip_I2C_IsMasterActive
 .text.Chip_I2C_MasterStateHandler
                0x00002ba0       0x60 C:\Users\acafa\Desktop\FACU\PROYECTO_TD3\lpc_chip_175x_6x\Debug\liblpc_chip_175x_6x.a(i2c_17xx_40xx.o)
                0x00002ba0                Chip_I2C_MasterStateHandler
 .text.Chip_I2C_SlaveStateHandler
                0x00002c00       0xc0 C:\Users\acafa\Desktop\FACU\PROYECTO_TD3\lpc_chip_175x_6x\Debug\liblpc_chip_175x_6x.a(i2c_17xx_40xx.o)
                0x00002c00                Chip_I2C_SlaveStateHandler
 .text.Chip_I2C_IsStateChanged
                0x00002cc0       0x38 C:\Users\acafa\Desktop\FACU\PROYECTO_TD3\lpc_chip_175x_6x\Debug\liblpc_chip_175x_6x.a(i2c_17xx_40xx.o)
                0x00002cc0                Chip_I2C_IsStateChanged
 .text.Chip_IOCON_PinMuxSet
                0x00002cf8       0x38 C:\Users\acafa\Desktop\FACU\PROYECTO_TD3\lpc_chip_175x_6x\Debug\liblpc_chip_175x_6x.a(iocon_17xx_40xx.o)
                0x00002cf8                Chip_IOCON_PinMuxSet
 .text.Chip_IOCON_PinMux
                0x00002d30       0x94 C:\Users\acafa\Desktop\FACU\PROYECTO_TD3\lpc_chip_175x_6x\Debug\liblpc_chip_175x_6x.a(iocon_17xx_40xx.o)
                0x00002d30                Chip_IOCON_PinMux
 .text.Chip_IOCON_SetPinMuxing
                0x00002dc4       0x64 C:\Users\acafa\Desktop\FACU\PROYECTO_TD3\lpc_chip_175x_6x\Debug\liblpc_chip_175x_6x.a(iocon_17xx_40xx.o)
                0x00002dc4                Chip_IOCON_SetPinMuxing
 .text.Chip_Clock_IsMainPLLEnabled
                0x00002e28       0x24 C:\Users\acafa\Desktop\FACU\PROYECTO_TD3\lpc_chip_175x_6x\Debug\liblpc_chip_175x_6x.a(sysinit_17xx_40xx.o)
 .text.Chip_Clock_IsMainPLLLocked
                0x00002e4c       0x24 C:\Users\acafa\Desktop\FACU\PROYECTO_TD3\lpc_chip_175x_6x\Debug\liblpc_chip_175x_6x.a(sysinit_17xx_40xx.o)
 .text.Chip_Clock_IsMainPLLConnected
                0x00002e70       0x24 C:\Users\acafa\Desktop\FACU\PROYECTO_TD3\lpc_chip_175x_6x\Debug\liblpc_chip_175x_6x.a(sysinit_17xx_40xx.o)
 .text.Chip_Clock_EnableCrystal
                0x00002e94       0x20 C:\Users\acafa\Desktop\FACU\PROYECTO_TD3\lpc_chip_175x_6x\Debug\liblpc_chip_175x_6x.a(sysinit_17xx_40xx.o)
 .text.Chip_Clock_IsCrystalEnabled
                0x00002eb4       0x24 C:\Users\acafa\Desktop\FACU\PROYECTO_TD3\lpc_chip_175x_6x\Debug\liblpc_chip_175x_6x.a(sysinit_17xx_40xx.o)
 .text.Chip_Clock_SetMainPLLSource
                0x00002ed8       0x20 C:\Users\acafa\Desktop\FACU\PROYECTO_TD3\lpc_chip_175x_6x\Debug\liblpc_chip_175x_6x.a(sysinit_17xx_40xx.o)
 .text.Chip_SetupXtalClocking
                0x00002ef8       0x90 C:\Users\acafa\Desktop\FACU\PROYECTO_TD3\lpc_chip_175x_6x\Debug\liblpc_chip_175x_6x.a(sysinit_17xx_40xx.o)
                0x00002ef8                Chip_SetupXtalClocking
 .text.Chip_UART_SetupFIFOS
                0x00002f88       0x1c C:\Users\acafa\Desktop\FACU\PROYECTO_TD3\lpc_chip_175x_6x\Debug\liblpc_chip_175x_6x.a(uart_17xx_40xx.o)
 .text.Chip_UART_ConfigData
                0x00002fa4       0x1c C:\Users\acafa\Desktop\FACU\PROYECTO_TD3\lpc_chip_175x_6x\Debug\liblpc_chip_175x_6x.a(uart_17xx_40xx.o)
 .text.Chip_UART_EnableDivisorAccess
                0x00002fc0       0x20 C:\Users\acafa\Desktop\FACU\PROYECTO_TD3\lpc_chip_175x_6x\Debug\liblpc_chip_175x_6x.a(uart_17xx_40xx.o)
 .text.Chip_UART_DisableDivisorAccess
                0x00002fe0       0x20 C:\Users\acafa\Desktop\FACU\PROYECTO_TD3\lpc_chip_175x_6x\Debug\liblpc_chip_175x_6x.a(uart_17xx_40xx.o)
 .text.Chip_UART_SetDivisorLatches
                0x00003000       0x28 C:\Users\acafa\Desktop\FACU\PROYECTO_TD3\lpc_chip_175x_6x\Debug\liblpc_chip_175x_6x.a(uart_17xx_40xx.o)
 .text.Chip_UART_GetClockIndex
                0x00003028       0x50 C:\Users\acafa\Desktop\FACU\PROYECTO_TD3\lpc_chip_175x_6x\Debug\liblpc_chip_175x_6x.a(uart_17xx_40xx.o)
 .text.Chip_UART_GetClkIndex
                0x00003078       0x50 C:\Users\acafa\Desktop\FACU\PROYECTO_TD3\lpc_chip_175x_6x\Debug\liblpc_chip_175x_6x.a(uart_17xx_40xx.o)
 .text.Chip_UART_Init
                0x000030c8       0x78 C:\Users\acafa\Desktop\FACU\PROYECTO_TD3\lpc_chip_175x_6x\Debug\liblpc_chip_175x_6x.a(uart_17xx_40xx.o)
                0x000030c8                Chip_UART_Init
 .text.Chip_UART_TXEnable
                0x00003140       0x18 C:\Users\acafa\Desktop\FACU\PROYECTO_TD3\lpc_chip_175x_6x\Debug\liblpc_chip_175x_6x.a(uart_17xx_40xx.o)
                0x00003140                Chip_UART_TXEnable
 .text.Chip_UART_TXDisable
                0x00003158       0x18 C:\Users\acafa\Desktop\FACU\PROYECTO_TD3\lpc_chip_175x_6x\Debug\liblpc_chip_175x_6x.a(uart_17xx_40xx.o)
                0x00003158                Chip_UART_TXDisable
 .text.Chip_UART_SetBaud
                0x00003170       0x64 C:\Users\acafa\Desktop\FACU\PROYECTO_TD3\lpc_chip_175x_6x\Debug\liblpc_chip_175x_6x.a(uart_17xx_40xx.o)
                0x00003170                Chip_UART_SetBaud
 .text.xTaskGenericCreate
                0x000031d4      0x138 C:\Users\acafa\Desktop\FACU\PROYECTO_TD3\freertos\Debug\libfreertos.a(tasks.o)
                0x000031d4                xTaskGenericCreate
 .text.vTaskDelayUntil
                0x0000330c       0x98 C:\Users\acafa\Desktop\FACU\PROYECTO_TD3\freertos\Debug\libfreertos.a(tasks.o)
                0x0000330c                vTaskDelayUntil
 .text.vTaskDelay
                0x000033a4       0x54 C:\Users\acafa\Desktop\FACU\PROYECTO_TD3\freertos\Debug\libfreertos.a(tasks.o)
                0x000033a4                vTaskDelay
 .text.xTaskIsTaskSuspended
                0x000033f8       0x58 C:\Users\acafa\Desktop\FACU\PROYECTO_TD3\freertos\Debug\libfreertos.a(tasks.o)
                0x000033f8                xTaskIsTaskSuspended
 .text.xTaskResumeFromISR
                0x00003450       0xa8 C:\Users\acafa\Desktop\FACU\PROYECTO_TD3\freertos\Debug\libfreertos.a(tasks.o)
                0x00003450                xTaskResumeFromISR
 .text.vTaskStartScheduler
                0x000034f8       0x58 C:\Users\acafa\Desktop\FACU\PROYECTO_TD3\freertos\Debug\libfreertos.a(tasks.o)
                0x000034f8                vTaskStartScheduler
 .text.vTaskSuspendAll
                0x00003550       0x1c C:\Users\acafa\Desktop\FACU\PROYECTO_TD3\freertos\Debug\libfreertos.a(tasks.o)
                0x00003550                vTaskSuspendAll
 .text.prvGetExpectedIdleTime
                0x0000356c       0x4c C:\Users\acafa\Desktop\FACU\PROYECTO_TD3\freertos\Debug\libfreertos.a(tasks.o)
 .text.xTaskResumeAll
                0x000035b8       0xfc C:\Users\acafa\Desktop\FACU\PROYECTO_TD3\freertos\Debug\libfreertos.a(tasks.o)
                0x000035b8                xTaskResumeAll
 .text.xTaskGetTickCount
                0x000036b4       0x24 C:\Users\acafa\Desktop\FACU\PROYECTO_TD3\freertos\Debug\libfreertos.a(tasks.o)
                0x000036b4                xTaskGetTickCount
 .text.vTaskStepTick
                0x000036d8       0x24 C:\Users\acafa\Desktop\FACU\PROYECTO_TD3\freertos\Debug\libfreertos.a(tasks.o)
                0x000036d8                vTaskStepTick
 .text.xTaskIncrementTick
                0x000036fc      0x18c C:\Users\acafa\Desktop\FACU\PROYECTO_TD3\freertos\Debug\libfreertos.a(tasks.o)
                0x000036fc                xTaskIncrementTick
 .text.vTaskSwitchContext
                0x00003888       0x98 C:\Users\acafa\Desktop\FACU\PROYECTO_TD3\freertos\Debug\libfreertos.a(tasks.o)
                0x00003888                vTaskSwitchContext
 .text.prvIdleTask
                0x00003920       0x34 C:\Users\acafa\Desktop\FACU\PROYECTO_TD3\freertos\Debug\libfreertos.a(tasks.o)
 .text.eTaskConfirmSleepModeStatus
                0x00003954       0x5c C:\Users\acafa\Desktop\FACU\PROYECTO_TD3\freertos\Debug\libfreertos.a(tasks.o)
                0x00003954                eTaskConfirmSleepModeStatus
 .text.prvInitialiseTCBVariables
                0x000039b0       0x98 C:\Users\acafa\Desktop\FACU\PROYECTO_TD3\freertos\Debug\libfreertos.a(tasks.o)
 .text.prvInitialiseTaskLists
                0x00003a48       0x80 C:\Users\acafa\Desktop\FACU\PROYECTO_TD3\freertos\Debug\libfreertos.a(tasks.o)
 .text.prvCheckTasksWaitingTermination
                0x00003ac8       0x78 C:\Users\acafa\Desktop\FACU\PROYECTO_TD3\freertos\Debug\libfreertos.a(tasks.o)
 .text.prvAddCurrentTaskToDelayedList
                0x00003b40       0x6c C:\Users\acafa\Desktop\FACU\PROYECTO_TD3\freertos\Debug\libfreertos.a(tasks.o)
 .text.prvAllocateTCBAndStack
                0x00003bac       0x64 C:\Users\acafa\Desktop\FACU\PROYECTO_TD3\freertos\Debug\libfreertos.a(tasks.o)
 .text.prvDeleteTCB
                0x00003c10       0x20 C:\Users\acafa\Desktop\FACU\PROYECTO_TD3\freertos\Debug\libfreertos.a(tasks.o)
 .text.pvPortMalloc
                0x00003c30       0x24 C:\Users\acafa\Desktop\FACU\PROYECTO_TD3\freertos\Debug\libfreertos.a(heap_3.o)
                0x00003c30                pvPortMalloc
 .text.vPortFree
                0x00003c54       0x24 C:\Users\acafa\Desktop\FACU\PROYECTO_TD3\freertos\Debug\libfreertos.a(heap_3.o)
                0x00003c54                vPortFree
 .text.vListInitialise
                0x00003c78       0x40 C:\Users\acafa\Desktop\FACU\PROYECTO_TD3\freertos\Debug\libfreertos.a(list.o)
                0x00003c78                vListInitialise
 .text.vListInitialiseItem
                0x00003cb8       0x18 C:\Users\acafa\Desktop\FACU\PROYECTO_TD3\freertos\Debug\libfreertos.a(list.o)
                0x00003cb8                vListInitialiseItem
 .text.vListInsertEnd
                0x00003cd0       0x48 C:\Users\acafa\Desktop\FACU\PROYECTO_TD3\freertos\Debug\libfreertos.a(list.o)
                0x00003cd0                vListInsertEnd
 .text.vListInsert
                0x00003d18       0x70 C:\Users\acafa\Desktop\FACU\PROYECTO_TD3\freertos\Debug\libfreertos.a(list.o)
                0x00003d18                vListInsert
 .text.uxListRemove
                0x00003d88       0x54 C:\Users\acafa\Desktop\FACU\PROYECTO_TD3\freertos\Debug\libfreertos.a(list.o)
                0x00003d88                uxListRemove
 .text.pxPortInitialiseStack
                0x00003ddc       0x54 C:\Users\acafa\Desktop\FACU\PROYECTO_TD3\freertos\Debug\libfreertos.a(port.o)
                0x00003ddc                pxPortInitialiseStack
 .text.prvTaskExitError
                0x00003e30        0xc C:\Users\acafa\Desktop\FACU\PROYECTO_TD3\freertos\Debug\libfreertos.a(port.o)
 .text.SVC_Handler
                0x00003e3c       0x24 C:\Users\acafa\Desktop\FACU\PROYECTO_TD3\freertos\Debug\libfreertos.a(port.o)
                0x00003e3c                SVC_Handler
 .text.prvPortStartFirstTask
                0x00003e60       0x18 C:\Users\acafa\Desktop\FACU\PROYECTO_TD3\freertos\Debug\libfreertos.a(port.o)
 .text.xPortStartScheduler
                0x00003e78       0x38 C:\Users\acafa\Desktop\FACU\PROYECTO_TD3\freertos\Debug\libfreertos.a(port.o)
                0x00003e78                xPortStartScheduler
 .text.vPortYield
                0x00003eb0       0x20 C:\Users\acafa\Desktop\FACU\PROYECTO_TD3\freertos\Debug\libfreertos.a(port.o)
                0x00003eb0                vPortYield
 .text.vPortEnterCritical
                0x00003ed0       0x24 C:\Users\acafa\Desktop\FACU\PROYECTO_TD3\freertos\Debug\libfreertos.a(port.o)
                0x00003ed0                vPortEnterCritical
 .text.vPortExitCritical
                0x00003ef4       0x24 C:\Users\acafa\Desktop\FACU\PROYECTO_TD3\freertos\Debug\libfreertos.a(port.o)
                0x00003ef4                vPortExitCritical
 .text.ulPortSetInterruptMask
                0x00003f18       0x14 C:\Users\acafa\Desktop\FACU\PROYECTO_TD3\freertos\Debug\libfreertos.a(port.o)
                0x00003f18                ulPortSetInterruptMask
 .text.vPortClearInterruptMask
                0x00003f2c        0x8 C:\Users\acafa\Desktop\FACU\PROYECTO_TD3\freertos\Debug\libfreertos.a(port.o)
                0x00003f2c                vPortClearInterruptMask
 .text.PendSV_Handler
                0x00003f34       0x40 C:\Users\acafa\Desktop\FACU\PROYECTO_TD3\freertos\Debug\libfreertos.a(port.o)
                0x00003f34                PendSV_Handler
 .text.SysTick_Handler
                0x00003f74       0x28 C:\Users\acafa\Desktop\FACU\PROYECTO_TD3\freertos\Debug\libfreertos.a(port.o)
                0x00003f74                SysTick_Handler
 .text.vPortSuppressTicksAndSleep
                0x00003f9c      0x15c C:\Users\acafa\Desktop\FACU\PROYECTO_TD3\freertos\Debug\libfreertos.a(port.o)
                0x00003f9c                vPortSuppressTicksAndSleep
 .text.vPortSetupTimerInterrupt
                0x000040f8       0x78 C:\Users\acafa\Desktop\FACU\PROYECTO_TD3\freertos\Debug\libfreertos.a(port.o)
                0x000040f8                vPortSetupTimerInterrupt
 .text.__main   0x00004170       0x14 d:/nxp2/lpcxpresso_8.2.0_647/lpcxpresso/tools/bin/../lib/gcc/arm-none-eabi/5.3.1/../../../../arm-none-eabi/lib/armv7-m\libcr_nohost.a(_cr__main.o)
                0x00004170                __main
 .text.atan2f   0x00004184       0xb0 d:/nxp2/lpcxpresso_8.2.0_647/lpcxpresso/tools/bin/../lib/gcc/arm-none-eabi/5.3.1/../../../../arm-none-eabi/lib/armv7-m\libcr_c.a(atan2f.o)
                0x00004184                atan2f
 .text.atanf    0x00004234      0x110 d:/nxp2/lpcxpresso_8.2.0_647/lpcxpresso/tools/bin/../lib/gcc/arm-none-eabi/5.3.1/../../../../arm-none-eabi/lib/armv7-m\libcr_c.a(atanf.o)
                0x00004234                atanf
 .text.fabsf    0x00004344       0x16 d:/nxp2/lpcxpresso_8.2.0_647/lpcxpresso/tools/bin/../lib/gcc/arm-none-eabi/5.3.1/../../../../arm-none-eabi/lib/armv7-m\libcr_c.a(fabsf.o)
                0x00004344                fabsf
 .text.memset   0x0000435a        0x4 d:/nxp2/lpcxpresso_8.2.0_647/lpcxpresso/tools/bin/../lib/gcc/arm-none-eabi/5.3.1/../../../../arm-none-eabi/lib/armv7-m\libcr_c.a(memset.o)
                0x0000435a                memset
 *fill*         0x0000435e        0x2 ff
 .text.malloc   0x00004360       0xc8 d:/nxp2/lpcxpresso_8.2.0_647/lpcxpresso/tools/bin/../lib/gcc/arm-none-eabi/5.3.1/../../../../arm-none-eabi/lib/armv7-m\libcr_c.a(alloc.o)
                0x00004360                malloc
 .text.free     0x00004428       0x30 d:/nxp2/lpcxpresso_8.2.0_647/lpcxpresso/tools/bin/../lib/gcc/arm-none-eabi/5.3.1/../../../../arm-none-eabi/lib/armv7-m\libcr_c.a(alloc.o)
                0x00004428                free
 .text._Csys_alloc
                0x00004458       0x20 d:/nxp2/lpcxpresso_8.2.0_647/lpcxpresso/tools/bin/../lib/gcc/arm-none-eabi/5.3.1/../../../../arm-none-eabi/lib/armv7-m\libcr_c.a(alloc.o)
                0x00004458                _Csys_alloc
 .text.fabs     0x00004478       0x1e d:/nxp2/lpcxpresso_8.2.0_647/lpcxpresso/tools/bin/../lib/gcc/arm-none-eabi/5.3.1/../../../../arm-none-eabi/lib/armv7-m\libcr_c.a(fabs.o)
                0x00004478                fabs
 .text.fp_round
                0x00004496       0x4c d:/nxp2/lpcxpresso_8.2.0_647/lpcxpresso/tools/bin/../lib/gcc/arm-none-eabi/5.3.1/../../../../arm-none-eabi/lib/armv7-m\libcr_c.a(fpprintf.o)
 .text.pr_dec.constprop.1
                0x000044e2       0x26 d:/nxp2/lpcxpresso_8.2.0_647/lpcxpresso/tools/bin/../lib/gcc/arm-none-eabi/5.3.1/../../../../arm-none-eabi/lib/armv7-m\libcr_c.a(fpprintf.o)
 .text.sprintf  0x00004508       0x6c d:/nxp2/lpcxpresso_8.2.0_647/lpcxpresso/tools/bin/../lib/gcc/arm-none-eabi/5.3.1/../../../../arm-none-eabi/lib/armv7-m\libcr_c.a(fpprintf.o)
                0x00004508                sprintf
 *fill*         0x00004574        0x4 ff
 .text.fp_display
                0x00004578      0x8ec d:/nxp2/lpcxpresso_8.2.0_647/lpcxpresso/tools/bin/../lib/gcc/arm-none-eabi/5.3.1/../../../../arm-none-eabi/lib/armv7-m\libcr_c.a(fpprintf.o)
 .text.vsnprintf
                0x00004e64       0x5c d:/nxp2/lpcxpresso_8.2.0_647/lpcxpresso/tools/bin/../lib/gcc/arm-none-eabi/5.3.1/../../../../arm-none-eabi/lib/armv7-m\libcr_c.a(fpprintf.o)
                0x00004e64                vsnprintf
 .text.printf   0x00004ec0       0x54 d:/nxp2/lpcxpresso_8.2.0_647/lpcxpresso/tools/bin/../lib/gcc/arm-none-eabi/5.3.1/../../../../arm-none-eabi/lib/armv7-m\libcr_c.a(fpprintf.o)
                0x00004ec0                printf
 .text._initio  0x00004f14       0xa4 d:/nxp2/lpcxpresso_8.2.0_647/lpcxpresso/tools/bin/../lib/gcc/arm-none-eabi/5.3.1/../../../../arm-none-eabi/lib/armv7-m\libcr_c.a(initio.o)
                0x00004f14                _initio
 .text.__vfprintf
                0x00004fb8      0xd28 d:/nxp2/lpcxpresso_8.2.0_647/lpcxpresso/tools/bin/../lib/gcc/arm-none-eabi/5.3.1/../../../../arm-none-eabi/lib/armv7-m\libcr_c.a(printf.o)
                0x00004fb8                __vfprintf
 .text.setvbuf  0x00005ce0       0x40 d:/nxp2/lpcxpresso_8.2.0_647/lpcxpresso/tools/bin/../lib/gcc/arm-none-eabi/5.3.1/../../../../arm-none-eabi/lib/armv7-m\libcr_c.a(setvbuf.o)
                0x00005ce0                setvbuf
 .text.strlen   0x00005d20       0x4a d:/nxp2/lpcxpresso_8.2.0_647/lpcxpresso/tools/bin/../lib/gcc/arm-none-eabi/5.3.1/../../../../arm-none-eabi/lib/armv7-m\libcr_c.a(strlen.o)
                0x00005d20                strlen
 *fill*         0x00005d6a        0x2 ff
 .text._sbrk    0x00005d6c       0x40 d:/nxp2/lpcxpresso_8.2.0_647/lpcxpresso/tools/bin/../lib/gcc/arm-none-eabi/5.3.1/../../../../arm-none-eabi/lib/armv7-m\libcr_c.a(_cr_sbrk.o)
                0x00005d6c                _sbrk
 .text._deferredlazyseek
                0x00005dac       0x44 d:/nxp2/lpcxpresso_8.2.0_647/lpcxpresso/tools/bin/../lib/gcc/arm-none-eabi/5.3.1/../../../../arm-none-eabi/lib/armv7-m\libcr_c.a(_deferredlazyseek.o)
                0x00005dac                _deferredlazyseek
 .text.__flsbuf
                0x00005df0      0x140 d:/nxp2/lpcxpresso_8.2.0_647/lpcxpresso/tools/bin/../lib/gcc/arm-none-eabi/5.3.1/../../../../arm-none-eabi/lib/armv7-m\libcr_c.a(_deferredlazyseek.o)
                0x00005df0                __flsbuf
 .text._fdopen  0x00005f30       0x6a d:/nxp2/lpcxpresso_8.2.0_647/lpcxpresso/tools/bin/../lib/gcc/arm-none-eabi/5.3.1/../../../../arm-none-eabi/lib/armv7-m\libcr_c.a(_fdopen.o)
                0x00005f30                _fdopen
 .text._fflush  0x00005f9a       0x58 d:/nxp2/lpcxpresso_8.2.0_647/lpcxpresso/tools/bin/../lib/gcc/arm-none-eabi/5.3.1/../../../../arm-none-eabi/lib/armv7-m\libcr_c.a(_fflush.o)
                0x00005f9a                _fflush
 .text._frexpl  0x00005ff2       0x5a d:/nxp2/lpcxpresso_8.2.0_647/lpcxpresso/tools/bin/../lib/gcc/arm-none-eabi/5.3.1/../../../../arm-none-eabi/lib/armv7-m\libcr_c.a(_frexpl.o)
                0x00005ff2                _frexpl
 .text._ldexpl  0x0000604c       0x4c d:/nxp2/lpcxpresso_8.2.0_647/lpcxpresso/tools/bin/../lib/gcc/arm-none-eabi/5.3.1/../../../../arm-none-eabi/lib/armv7-m\libcr_c.a(_ldexpl.o)
                0x0000604c                _ldexpl
 .text._Cwritebuf
                0x00006098       0x68 d:/nxp2/lpcxpresso_8.2.0_647/lpcxpresso/tools/bin/../lib/gcc/arm-none-eabi/5.3.1/../../../../arm-none-eabi/lib/armv7-m\libcr_c.a(_writebuf.o)
                0x00006098                _Cwritebuf
 .text.fclose   0x00006100       0x6c d:/nxp2/lpcxpresso_8.2.0_647/lpcxpresso/tools/bin/../lib/gcc/arm-none-eabi/5.3.1/../../../../arm-none-eabi/lib/armv7-m\libcr_c.a(fclose.o)
                0x00006100                fclose
 .text.fflush   0x0000616c       0x30 d:/nxp2/lpcxpresso_8.2.0_647/lpcxpresso/tools/bin/../lib/gcc/arm-none-eabi/5.3.1/../../../../arm-none-eabi/lib/armv7-m\libcr_c.a(fflush.o)
                0x0000616c                fflush
 .text.fseek    0x0000619c      0x110 d:/nxp2/lpcxpresso_8.2.0_647/lpcxpresso/tools/bin/../lib/gcc/arm-none-eabi/5.3.1/../../../../arm-none-eabi/lib/armv7-m\libcr_c.a(fseek.o)
                0x0000619c                fseek
 .text.ftell    0x000062ac       0x4c d:/nxp2/lpcxpresso_8.2.0_647/lpcxpresso/tools/bin/../lib/gcc/arm-none-eabi/5.3.1/../../../../arm-none-eabi/lib/armv7-m\libcr_c.a(ftell.o)
                0x000062ac                ftell
 .text.remove   0x000062f8       0x14 d:/nxp2/lpcxpresso_8.2.0_647/lpcxpresso/tools/bin/../lib/gcc/arm-none-eabi/5.3.1/../../../../arm-none-eabi/lib/armv7-m\libcr_c.a(remove.o)
                0x000062f8                remove
 .text.__check_heap_overflow
                0x0000630c       0x18 d:/nxp2/lpcxpresso_8.2.0_647/lpcxpresso/tools/bin/../lib/gcc/arm-none-eabi/5.3.1/../../../../arm-none-eabi/lib/armv7-m\libcr_c.a(_cr_check_heap.o)
                0x0000630c                __check_heap_overflow
 .text._do_fflush
                0x00006324       0x44 d:/nxp2/lpcxpresso_8.2.0_647/lpcxpresso/tools/bin/../lib/gcc/arm-none-eabi/5.3.1/../../../../arm-none-eabi/lib/armv7-m\libcr_c.a(_do_fflush.o)
                0x00006324                _do_fflush
 .text.__aeabi_dmul
                0x00006368      0x110 d:/nxp2/lpcxpresso_8.2.0_647/lpcxpresso/tools/bin/../lib/gcc/arm-none-eabi/5.3.1/armv7-m\libcr_eabihelpers.a(double.o)
                0x00006368                __aeabi_dmul
 .text.__aeabi_ddiv
                0x00006478      0x138 d:/nxp2/lpcxpresso_8.2.0_647/lpcxpresso/tools/bin/../lib/gcc/arm-none-eabi/5.3.1/armv7-m\libcr_eabihelpers.a(double.o)
                0x00006478                __aeabi_ddiv
 .text.__aeabi_dsub
                0x000065b0      0x1a0 d:/nxp2/lpcxpresso_8.2.0_647/lpcxpresso/tools/bin/../lib/gcc/arm-none-eabi/5.3.1/armv7-m\libcr_eabihelpers.a(double.o)
                0x000065b0                __aeabi_dsub
 .text.__aeabi_dadd
                0x00006750      0x10c d:/nxp2/lpcxpresso_8.2.0_647/lpcxpresso/tools/bin/../lib/gcc/arm-none-eabi/5.3.1/armv7-m\libcr_eabihelpers.a(double.o)
                0x00006750                __aeabi_dadd
 .text.__aeabi_d2f
                0x0000685c       0x54 d:/nxp2/lpcxpresso_8.2.0_647/lpcxpresso/tools/bin/../lib/gcc/arm-none-eabi/5.3.1/armv7-m\libcr_eabihelpers.a(double.o)
                0x0000685c                __aeabi_d2f
 .text.__aeabi_d2iz
                0x000068b0       0x40 d:/nxp2/lpcxpresso_8.2.0_647/lpcxpresso/tools/bin/../lib/gcc/arm-none-eabi/5.3.1/armv7-m\libcr_eabihelpers.a(double.o)
                0x000068b0                __aeabi_d2iz
 .text.__bhs_ui2d
                0x000068f0       0x46 d:/nxp2/lpcxpresso_8.2.0_647/lpcxpresso/tools/bin/../lib/gcc/arm-none-eabi/5.3.1/armv7-m\libcr_eabihelpers.a(double.o)
                0x000068f0                __bhs_ui2d
 .text.__aeabi_i2d
                0x00006936       0x10 d:/nxp2/lpcxpresso_8.2.0_647/lpcxpresso/tools/bin/../lib/gcc/arm-none-eabi/5.3.1/armv7-m\libcr_eabihelpers.a(double.o)
                0x00006936                __aeabi_i2d
 .text.__aeabi_dcmpeq
                0x00006946       0x2c d:/nxp2/lpcxpresso_8.2.0_647/lpcxpresso/tools/bin/../lib/gcc/arm-none-eabi/5.3.1/armv7-m\libcr_eabihelpers.a(double.o)
                0x00006946                __aeabi_dcmpeq
 .text.__aeabi_dcmplt
                0x00006972       0x54 d:/nxp2/lpcxpresso_8.2.0_647/lpcxpresso/tools/bin/../lib/gcc/arm-none-eabi/5.3.1/armv7-m\libcr_eabihelpers.a(double.o)
                0x00006972                __aeabi_dcmplt
 .text.__aeabi_dcmple
                0x000069c6       0x54 d:/nxp2/lpcxpresso_8.2.0_647/lpcxpresso/tools/bin/../lib/gcc/arm-none-eabi/5.3.1/armv7-m\libcr_eabihelpers.a(double.o)
                0x000069c6                __aeabi_dcmple
 .text.__aeabi_dcmpge
                0x00006a1a       0x54 d:/nxp2/lpcxpresso_8.2.0_647/lpcxpresso/tools/bin/../lib/gcc/arm-none-eabi/5.3.1/armv7-m\libcr_eabihelpers.a(double.o)
                0x00006a1a                __aeabi_dcmpge
 *fill*         0x00006a6e        0x2 ff
 .text.__aeabi_fmul
                0x00006a70       0xb0 d:/nxp2/lpcxpresso_8.2.0_647/lpcxpresso/tools/bin/../lib/gcc/arm-none-eabi/5.3.1/armv7-m\libcr_eabihelpers.a(float.o)
                0x00006a70                __aeabi_fmul
 .text.__aeabi_fdiv
                0x00006b20       0xc0 d:/nxp2/lpcxpresso_8.2.0_647/lpcxpresso/tools/bin/../lib/gcc/arm-none-eabi/5.3.1/armv7-m\libcr_eabihelpers.a(float.o)
                0x00006b20                __aeabi_fdiv
 .text.__aeabi_fsub
                0x00006be0       0xe0 d:/nxp2/lpcxpresso_8.2.0_647/lpcxpresso/tools/bin/../lib/gcc/arm-none-eabi/5.3.1/armv7-m\libcr_eabihelpers.a(float.o)
                0x00006be0                __aeabi_fsub
 .text.__aeabi_fadd
                0x00006cc0       0xac d:/nxp2/lpcxpresso_8.2.0_647/lpcxpresso/tools/bin/../lib/gcc/arm-none-eabi/5.3.1/armv7-m\libcr_eabihelpers.a(float.o)
                0x00006cc0                __aeabi_fadd
 .text.__aeabi_f2iz
                0x00006d6c       0x32 d:/nxp2/lpcxpresso_8.2.0_647/lpcxpresso/tools/bin/../lib/gcc/arm-none-eabi/5.3.1/armv7-m\libcr_eabihelpers.a(float.o)
                0x00006d6c                __aeabi_f2iz
 .text.__bhs_ui2f
                0x00006d9e       0x26 d:/nxp2/lpcxpresso_8.2.0_647/lpcxpresso/tools/bin/../lib/gcc/arm-none-eabi/5.3.1/armv7-m\libcr_eabihelpers.a(float.o)
                0x00006d9e                __bhs_ui2f
 .text.__aeabi_i2f
                0x00006dc4       0x10 d:/nxp2/lpcxpresso_8.2.0_647/lpcxpresso/tools/bin/../lib/gcc/arm-none-eabi/5.3.1/armv7-m\libcr_eabihelpers.a(float.o)
                0x00006dc4                __aeabi_i2f
 .text.__aeabi_f2d
                0x00006dd4       0x38 d:/nxp2/lpcxpresso_8.2.0_647/lpcxpresso/tools/bin/../lib/gcc/arm-none-eabi/5.3.1/armv7-m\libcr_eabihelpers.a(float.o)
                0x00006dd4                __aeabi_f2d
 .text.__aeabi_fcmpeq
                0x00006e0c       0x1e d:/nxp2/lpcxpresso_8.2.0_647/lpcxpresso/tools/bin/../lib/gcc/arm-none-eabi/5.3.1/armv7-m\libcr_eabihelpers.a(float.o)
                0x00006e0c                __aeabi_fcmpeq
 .text.__aeabi_fcmplt
                0x00006e2a       0x3a d:/nxp2/lpcxpresso_8.2.0_647/lpcxpresso/tools/bin/../lib/gcc/arm-none-eabi/5.3.1/armv7-m\libcr_eabihelpers.a(float.o)
                0x00006e2a                __aeabi_fcmplt
 .text.__aeabi_fcmpgt
                0x00006e64       0x3a d:/nxp2/lpcxpresso_8.2.0_647/lpcxpresso/tools/bin/../lib/gcc/arm-none-eabi/5.3.1/armv7-m\libcr_eabihelpers.a(float.o)
                0x00006e64                __aeabi_fcmpgt
 .text.__aeabi_memset_lowlevel
                0x00006e9e       0x32 d:/nxp2/lpcxpresso_8.2.0_647/lpcxpresso/tools/bin/../lib/gcc/arm-none-eabi/5.3.1/armv7-m\libcr_eabihelpers.a(memcpy.o)
                0x00006e9e                __aeabi_lowlevel_memset
 .text.__sys_appexit
                0x00006ed0        0x2 d:/nxp2/lpcxpresso_8.2.0_647/lpcxpresso/tools/bin/../lib/gcc/arm-none-eabi/5.3.1/../../../../arm-none-eabi/lib/armv7-m\libcr_nohost.a(__sys_appexit.o)
                0x00006ed0                __sys_appexit
                0x00006ed0                __exit
 .text.__sys_close
                0x00006ed2        0x6 d:/nxp2/lpcxpresso_8.2.0_647/lpcxpresso/tools/bin/../lib/gcc/arm-none-eabi/5.3.1/../../../../arm-none-eabi/lib/armv7-m\libcr_nohost.a(__sys_close.o)
                0x00006ed2                __sys_close
 .text.__sys_flen
                0x00006ed8        0x6 d:/nxp2/lpcxpresso_8.2.0_647/lpcxpresso/tools/bin/../lib/gcc/arm-none-eabi/5.3.1/../../../../arm-none-eabi/lib/armv7-m\libcr_nohost.a(__sys_flen.o)
                0x00006ed8                __sys_flen
 .text.__sys_istty
                0x00006ede        0x6 d:/nxp2/lpcxpresso_8.2.0_647/lpcxpresso/tools/bin/../lib/gcc/arm-none-eabi/5.3.1/../../../../arm-none-eabi/lib/armv7-m\libcr_nohost.a(__sys_istty.o)
                0x00006ede                __sys_istty
 .text.__sys_remove
                0x00006ee4        0x6 d:/nxp2/lpcxpresso_8.2.0_647/lpcxpresso/tools/bin/../lib/gcc/arm-none-eabi/5.3.1/../../../../arm-none-eabi/lib/armv7-m\libcr_nohost.a(__sys_remove.o)
                0x00006ee4                __sys_remove
 .text.__sys_seek
                0x00006eea        0x6 d:/nxp2/lpcxpresso_8.2.0_647/lpcxpresso/tools/bin/../lib/gcc/arm-none-eabi/5.3.1/../../../../arm-none-eabi/lib/armv7-m\libcr_nohost.a(__sys_seek.o)
                0x00006eea                __sys_seek
 .text.__sys_tmpnam
                0x00006ef0        0x6 d:/nxp2/lpcxpresso_8.2.0_647/lpcxpresso/tools/bin/../lib/gcc/arm-none-eabi/5.3.1/../../../../arm-none-eabi/lib/armv7-m\libcr_nohost.a(__sys_tmpnam.o)
                0x00006ef0                __sys_tmpnam
 *(.rodata .rodata.* .constdata .constdata.*)
 *fill*         0x00006ef6        0x2 ff
 .rodata        0x00006ef8      0x11b ./src/GPIO.o
 *fill*         0x00007013        0x1 ff
 .rodata        0x00007014        0x8 ./src/display.o
 .rodata.OscRateIn
                0x0000701c        0x4 C:\Users\acafa\Desktop\FACU\PROYECTO_TD3\lpc_board_nxp_lpcxpresso_1769\Debug\liblpc_board_nxp_lpcxpresso_1769.a(board.o)
                0x0000701c                OscRateIn
 .rodata.RTCOscRateIn
                0x00007020        0x4 C:\Users\acafa\Desktop\FACU\PROYECTO_TD3\lpc_board_nxp_lpcxpresso_1769\Debug\liblpc_board_nxp_lpcxpresso_1769.a(board.o)
                0x00007020                RTCOscRateIn
 .rodata.pinmuxing
                0x00007024       0x5c C:\Users\acafa\Desktop\FACU\PROYECTO_TD3\lpc_board_nxp_lpcxpresso_1769\Debug\liblpc_board_nxp_lpcxpresso_1769.a(board_sysinit.o)
 .rodata.I2C_PeriphClk
                0x00007080        0x3 C:\Users\acafa\Desktop\FACU\PROYECTO_TD3\lpc_chip_175x_6x\Debug\liblpc_chip_175x_6x.a(i2c_17xx_40xx.o)
 *fill*         0x00007083        0x1 ff
 .rodata        0x00007084        0x5 C:\Users\acafa\Desktop\FACU\PROYECTO_TD3\freertos\Debug\libfreertos.a(tasks.o)
 *fill*         0x00007089        0x3 ff
 .rodata.a.3983
                0x0000708c       0x10 d:/nxp2/lpcxpresso_8.2.0_647/lpcxpresso/tools/bin/../lib/gcc/arm-none-eabi/5.3.1/../../../../arm-none-eabi/lib/armv7-m\libcr_c.a(atanf.o)
 .rodata.str1.1
                0x0000709c       0x18 d:/nxp2/lpcxpresso_8.2.0_647/lpcxpresso/tools/bin/../lib/gcc/arm-none-eabi/5.3.1/../../../../arm-none-eabi/lib/armv7-m\libcr_c.a(alloc.o)
 .rodata.str1.1
                0x000070b4       0x34 d:/nxp2/lpcxpresso_8.2.0_647/lpcxpresso/tools/bin/../lib/gcc/arm-none-eabi/5.3.1/../../../../arm-none-eabi/lib/armv7-m\libcr_c.a(fpprintf.o)
                                 0x35 (size before relaxing)
 .rodata.str1.1
                0x000070e8        0x4 d:/nxp2/lpcxpresso_8.2.0_647/lpcxpresso/tools/bin/../lib/gcc/arm-none-eabi/5.3.1/../../../../arm-none-eabi/lib/armv7-m\libcr_c.a(initio.o)
 .rodata.str1.1
                0x000070ec       0x31 d:/nxp2/lpcxpresso_8.2.0_647/lpcxpresso/tools/bin/../lib/gcc/arm-none-eabi/5.3.1/../../../../arm-none-eabi/lib/armv7-m\libcr_c.a(printf.o)
                                 0x38 (size before relaxing)
 *fill*         0x0000711d        0x3 ff
 .rodata.__huge_vall
                0x00007120        0x8 d:/nxp2/lpcxpresso_8.2.0_647/lpcxpresso/tools/bin/../lib/gcc/arm-none-eabi/5.3.1/../../../../arm-none-eabi/lib/armv7-m\libcr_c.a(_hugeval.o)
                0x00007120                __huge_vall
                0x00007128                . = ALIGN (0x4)

.glue_7         0x00007128        0x0
 .glue_7        0x00007128        0x0 linker stubs

.glue_7t        0x00007128        0x0
 .glue_7t       0x00007128        0x0 linker stubs

.vfp11_veneer   0x00007128        0x0
 .vfp11_veneer  0x00007128        0x0 linker stubs

.v4_bx          0x00007128        0x0
 .v4_bx         0x00007128        0x0 linker stubs

.iplt           0x00007128        0x0
 .iplt          0x00007128        0x0 ./src/GPIO.o

.rel.dyn        0x00007128        0x0
 .rel.iplt      0x00007128        0x0 ./src/GPIO.o

.ARM.extab
 *(.ARM.extab* .gnu.linkonce.armextab.*)
                0x00007128                __exidx_start = .

.ARM.exidx
 *(.ARM.exidx* .gnu.linkonce.armexidx.*)
                0x00007128                __exidx_end = .
                0x00007128                _etext = .

.data_RAM2      0x2007c000        0x0 load address 0x00007128
 FILL mask 0xff
                [!provide]                PROVIDE (__start_data_RAM2, .)
 *(.ramfunc.$RAM2)
 *(.ramfunc.$RamAHB32)
 *(.data.$RAM2*)
 *(.data.$RamAHB32*)
                0x2007c000                . = ALIGN (0x4)
                [!provide]                PROVIDE (__end_data_RAM2, .)

.uninit_RESERVED
                0x10000000        0x0
 *(.bss.$RESERVED*)
                0x10000000                . = ALIGN (0x4)
                0x10000000                _end_uninit_RESERVED = .

.data           0x10000000       0x60 load address 0x00007128
 FILL mask 0xff
                0x10000000                _data = .
 *(vtable)
 *(.ramfunc*)
 *(.data*)
 .data.threshold
                0x10000000        0x4 ./src/GPIO.o
                0x10000000                threshold
 .data.i2c      0x10000004       0x54 C:\Users\acafa\Desktop\FACU\PROYECTO_TD3\lpc_chip_175x_6x\Debug\liblpc_chip_175x_6x.a(i2c_17xx_40xx.o)
 .data.xNextTaskUnblockTime
                0x10000058        0x4 C:\Users\acafa\Desktop\FACU\PROYECTO_TD3\freertos\Debug\libfreertos.a(tasks.o)
 .data.uxCriticalNesting
                0x1000005c        0x4 C:\Users\acafa\Desktop\FACU\PROYECTO_TD3\freertos\Debug\libfreertos.a(port.o)
                0x10000060                . = ALIGN (0x4)
                0x10000060                _edata = .

.igot.plt       0x10000060        0x0 load address 0x00007188
 .igot.plt      0x10000060        0x0 ./src/GPIO.o

.bss_RAM2       0x2007c000        0x0
                [!provide]                PROVIDE (__start_bss_RAM2, .)
 *(.bss.$RAM2*)
 *(.bss.$RamAHB32*)
                0x2007c000                . = ALIGN ((. != 0x0)?0x4:0x1)
                [!provide]                PROVIDE (__end_bss_RAM2, .)

.bss            0x10000060      0x33c
                0x10000060                _bss = .
 *(.bss*)
 .bss.xINCLINOMETRO
                0x10000060        0x4 ./src/GPIO.o
                0x10000060                xINCLINOMETRO
 .bss.ax        0x10000064        0x4 ./src/GPIO.o
                0x10000064                ax
 .bss.ay        0x10000068        0x4 ./src/GPIO.o
                0x10000068                ay
 .bss.az        0x1000006c        0x4 ./src/GPIO.o
                0x1000006c                az
 .bss.gx        0x10000070        0x4 ./src/GPIO.o
                0x10000070                gx
 .bss.gy        0x10000074        0x4 ./src/GPIO.o
                0x10000074                gy
 .bss.gz        0x10000078        0x4 ./src/GPIO.o
                0x10000078                gz
 .bss.accelData
                0x1000007c        0x6 ./src/GPIO.o
                0x1000007c                accelData
 *fill*         0x10000082        0x2 
 .bss.gyroData  0x10000084        0x6 ./src/GPIO.o
                0x10000084                gyroData
 *fill*         0x1000008a        0x2 
 .bss.accelBias
                0x1000008c        0xc ./src/GPIO.o
                0x1000008c                accelBias
 .bss.gyroBias  0x10000098        0xc ./src/GPIO.o
                0x10000098                gyroBias
 .bss.Ascale    0x100000a4        0x4 ./src/GPIO.o
                0x100000a4                Ascale
 .bss.Gscale    0x100000a8        0x4 ./src/GPIO.o
                0x100000a8                Gscale
 .bss.aRes      0x100000ac        0x4 ./src/GPIO.o
                0x100000ac                aRes
 .bss.gRes      0x100000b0        0x4 ./src/GPIO.o
                0x100000b0                gRes
 .bss.mode_poll
                0x100000b4        0x4 ./src/GPIO.o
 .bss.i2cDev    0x100000b8        0x1 ./src/GPIO.o
 *fill*         0x100000b9        0x3 
 .bss.pitchAngle
                0x100000bc        0x4 ./src/GPIO.o
                0x100000bc                pitchAngle
 .bss.rollAngle
                0x100000c0        0x4 ./src/GPIO.o
                0x100000c0                rollAngle
 .bss.estado.8214
                0x100000c4        0x4 ./src/GPIO.o
 .bss.i2c_slave
                0x100000c8       0x78 C:\Users\acafa\Desktop\FACU\PROYECTO_TD3\lpc_chip_175x_6x\Debug\liblpc_chip_175x_6x.a(i2c_17xx_40xx.o)
 .bss.pxCurrentTCB
                0x10000140        0x4 C:\Users\acafa\Desktop\FACU\PROYECTO_TD3\freertos\Debug\libfreertos.a(tasks.o)
                0x10000140                pxCurrentTCB
 .bss.pxReadyTasksLists
                0x10000144       0x64 C:\Users\acafa\Desktop\FACU\PROYECTO_TD3\freertos\Debug\libfreertos.a(tasks.o)
 .bss.xDelayedTaskList1
                0x100001a8       0x14 C:\Users\acafa\Desktop\FACU\PROYECTO_TD3\freertos\Debug\libfreertos.a(tasks.o)
 .bss.xDelayedTaskList2
                0x100001bc       0x14 C:\Users\acafa\Desktop\FACU\PROYECTO_TD3\freertos\Debug\libfreertos.a(tasks.o)
 .bss.pxDelayedTaskList
                0x100001d0        0x4 C:\Users\acafa\Desktop\FACU\PROYECTO_TD3\freertos\Debug\libfreertos.a(tasks.o)
 .bss.pxOverflowDelayedTaskList
                0x100001d4        0x4 C:\Users\acafa\Desktop\FACU\PROYECTO_TD3\freertos\Debug\libfreertos.a(tasks.o)
 .bss.xPendingReadyList
                0x100001d8       0x14 C:\Users\acafa\Desktop\FACU\PROYECTO_TD3\freertos\Debug\libfreertos.a(tasks.o)
 .bss.xTasksWaitingTermination
                0x100001ec       0x14 C:\Users\acafa\Desktop\FACU\PROYECTO_TD3\freertos\Debug\libfreertos.a(tasks.o)
 .bss.uxTasksDeleted
                0x10000200        0x4 C:\Users\acafa\Desktop\FACU\PROYECTO_TD3\freertos\Debug\libfreertos.a(tasks.o)
 .bss.xSuspendedTaskList
                0x10000204       0x14 C:\Users\acafa\Desktop\FACU\PROYECTO_TD3\freertos\Debug\libfreertos.a(tasks.o)
 .bss.uxCurrentNumberOfTasks
                0x10000218        0x4 C:\Users\acafa\Desktop\FACU\PROYECTO_TD3\freertos\Debug\libfreertos.a(tasks.o)
 .bss.xTickCount
                0x1000021c        0x4 C:\Users\acafa\Desktop\FACU\PROYECTO_TD3\freertos\Debug\libfreertos.a(tasks.o)
 .bss.uxTopReadyPriority
                0x10000220        0x4 C:\Users\acafa\Desktop\FACU\PROYECTO_TD3\freertos\Debug\libfreertos.a(tasks.o)
 .bss.xSchedulerRunning
                0x10000224        0x4 C:\Users\acafa\Desktop\FACU\PROYECTO_TD3\freertos\Debug\libfreertos.a(tasks.o)
 .bss.uxSchedulerSuspended
                0x10000228        0x4 C:\Users\acafa\Desktop\FACU\PROYECTO_TD3\freertos\Debug\libfreertos.a(tasks.o)
 .bss.uxPendedTicks
                0x1000022c        0x4 C:\Users\acafa\Desktop\FACU\PROYECTO_TD3\freertos\Debug\libfreertos.a(tasks.o)
 .bss.xYieldPending
                0x10000230        0x4 C:\Users\acafa\Desktop\FACU\PROYECTO_TD3\freertos\Debug\libfreertos.a(tasks.o)
 .bss.xNumOfOverflows
                0x10000234        0x4 C:\Users\acafa\Desktop\FACU\PROYECTO_TD3\freertos\Debug\libfreertos.a(tasks.o)
 .bss.uxTaskNumber
                0x10000238        0x4 C:\Users\acafa\Desktop\FACU\PROYECTO_TD3\freertos\Debug\libfreertos.a(tasks.o)
 .bss.ulTimerCountsForOneTick
                0x1000023c        0x4 C:\Users\acafa\Desktop\FACU\PROYECTO_TD3\freertos\Debug\libfreertos.a(port.o)
 .bss.xMaximumPossibleSuppressedTicks
                0x10000240        0x4 C:\Users\acafa\Desktop\FACU\PROYECTO_TD3\freertos\Debug\libfreertos.a(port.o)
 .bss.ulStoppedTimerCompensation
                0x10000244        0x4 C:\Users\acafa\Desktop\FACU\PROYECTO_TD3\freertos\Debug\libfreertos.a(port.o)
 .bss.errno     0x10000248        0x4 d:/nxp2/lpcxpresso_8.2.0_647/lpcxpresso/tools/bin/../lib/gcc/arm-none-eabi/5.3.1/../../../../arm-none-eabi/lib/armv7-m\libcr_c.a(errno.o)
                0x10000248                errno
 .bss._extra    0x1000024c        0x4 d:/nxp2/lpcxpresso_8.2.0_647/lpcxpresso/tools/bin/../lib/gcc/arm-none-eabi/5.3.1/../../../../arm-none-eabi/lib/armv7-m\libcr_c.a(initio.o)
                0x1000024c                _extra
 .bss.__Ciob    0x10000250      0x140 d:/nxp2/lpcxpresso_8.2.0_647/lpcxpresso/tools/bin/../lib/gcc/arm-none-eabi/5.3.1/../../../../arm-none-eabi/lib/armv7-m\libcr_c.a(stdio.o)
                0x10000250                __Ciob
 .bss.__heaps   0x10000390        0x4 d:/nxp2/lpcxpresso_8.2.0_647/lpcxpresso/tools/bin/../lib/gcc/arm-none-eabi/5.3.1/../../../../arm-none-eabi/lib/armv7-m\libcr_c.a(__init_alloc.o)
                0x10000390                __heaps
 .bss.__end_of_heap
                0x10000394        0x4 d:/nxp2/lpcxpresso_8.2.0_647/lpcxpresso/tools/bin/../lib/gcc/arm-none-eabi/5.3.1/../../../../arm-none-eabi/lib/armv7-m\libcr_c.a(__init_alloc.o)
                0x10000394                __end_of_heap
 *(COMMON)
 COMMON         0x10000398        0x4 C:\Users\acafa\Desktop\FACU\PROYECTO_TD3\lpc_chip_175x_6x\Debug\liblpc_chip_175x_6x.a(chip_17xx_40xx.o)
                0x10000398                SystemCoreClock
                0x1000039c                . = ALIGN (0x4)
                0x1000039c                _ebss = .
                [!provide]                PROVIDE (end, .)

.noinit_RAM2    0x2007c000        0x0
 *(.noinit.$RAM2*)
 *(.noinit.$RamAHB32*)
                0x2007c000                . = ALIGN (0x4)

.noinit         0x1000039c        0x0
                0x1000039c                _noinit = .
 *(.noinit*)
                0x1000039c                . = ALIGN (0x4)
                0x1000039c                _end_noinit = .
                0x1000039c                PROVIDE (_pvHeapStart, DEFINED (__user_heap_base)?__user_heap_base:.)
                0x10008000                PROVIDE (_vStackTop, DEFINED (__user_stack_top)?__user_stack_top:(__top_RamLoc32 - 0x0))
                [!provide]                PROVIDE (__valid_user_code_checksum, (0x0 - ((((((_vStackTop + (ResetISR + 0x1)) + (NMI_Handler + 0x1)) + (HardFault_Handler + 0x1)) + (DEFINED (MemManage_Handler)?MemManage_Handler:0x0 + 0x1)) + (DEFINED (BusFault_Handler)?BusFault_Handler:0x0 + 0x1)) + (DEFINED (UsageFault_Handler)?UsageFault_Handler:0x0 + 0x1))))
OUTPUT(UNION_ANTIRREBOTE.axf elf32-littlearm)

.debug_info     0x00000000     0x7e70
 .debug_info    0x00000000     0x1099 ./src/GPIO.o
 .debug_info    0x00001099      0x250 ./src/cr_startup_lpc175x_6x.o
 .debug_info    0x000012e9       0x3f ./src/crp.o
 .debug_info    0x00001328      0x537 ./src/display.o
 .debug_info    0x0000185f      0x110 ./src/sysinit.o
 .debug_info    0x0000196f     0x13d9 C:\Users\acafa\Desktop\FACU\PROYECTO_TD3\lpc_board_nxp_lpcxpresso_1769\Debug\liblpc_board_nxp_lpcxpresso_1769.a(board.o)
 .debug_info    0x00002d48      0x591 C:\Users\acafa\Desktop\FACU\PROYECTO_TD3\lpc_board_nxp_lpcxpresso_1769\Debug\liblpc_board_nxp_lpcxpresso_1769.a(board_sysinit.o)
 .debug_info    0x000032d9      0x51e C:\Users\acafa\Desktop\FACU\PROYECTO_TD3\lpc_chip_175x_6x\Debug\liblpc_chip_175x_6x.a(chip_17xx_40xx.o)
 .debug_info    0x000037f7      0xb62 C:\Users\acafa\Desktop\FACU\PROYECTO_TD3\lpc_chip_175x_6x\Debug\liblpc_chip_175x_6x.a(clock_17xx_40xx.o)
 .debug_info    0x00004359      0xe70 C:\Users\acafa\Desktop\FACU\PROYECTO_TD3\lpc_chip_175x_6x\Debug\liblpc_chip_175x_6x.a(i2c_17xx_40xx.o)
 .debug_info    0x000051c9      0x2e9 C:\Users\acafa\Desktop\FACU\PROYECTO_TD3\lpc_chip_175x_6x\Debug\liblpc_chip_175x_6x.a(iocon_17xx_40xx.o)
 .debug_info    0x000054b2      0x439 C:\Users\acafa\Desktop\FACU\PROYECTO_TD3\lpc_chip_175x_6x\Debug\liblpc_chip_175x_6x.a(sysinit_17xx_40xx.o)
 .debug_info    0x000058eb      0xeda C:\Users\acafa\Desktop\FACU\PROYECTO_TD3\lpc_chip_175x_6x\Debug\liblpc_chip_175x_6x.a(uart_17xx_40xx.o)
 .debug_info    0x000067c5      0xed0 C:\Users\acafa\Desktop\FACU\PROYECTO_TD3\freertos\Debug\libfreertos.a(tasks.o)
 .debug_info    0x00007695      0x134 C:\Users\acafa\Desktop\FACU\PROYECTO_TD3\freertos\Debug\libfreertos.a(heap_3.o)
 .debug_info    0x000077c9      0x2cf C:\Users\acafa\Desktop\FACU\PROYECTO_TD3\freertos\Debug\libfreertos.a(list.o)
 .debug_info    0x00007a98      0x3d8 C:\Users\acafa\Desktop\FACU\PROYECTO_TD3\freertos\Debug\libfreertos.a(port.o)

.debug_abbrev   0x00000000     0x1dd7
 .debug_abbrev  0x00000000      0x372 ./src/GPIO.o
 .debug_abbrev  0x00000372       0xf5 ./src/cr_startup_lpc175x_6x.o
 .debug_abbrev  0x00000467       0x36 ./src/crp.o
 .debug_abbrev  0x0000049d      0x1a0 ./src/display.o
 .debug_abbrev  0x0000063d       0xa3 ./src/sysinit.o
 .debug_abbrev  0x000006e0      0x379 C:\Users\acafa\Desktop\FACU\PROYECTO_TD3\lpc_board_nxp_lpcxpresso_1769\Debug\liblpc_board_nxp_lpcxpresso_1769.a(board.o)
 .debug_abbrev  0x00000a59      0x15c C:\Users\acafa\Desktop\FACU\PROYECTO_TD3\lpc_board_nxp_lpcxpresso_1769\Debug\liblpc_board_nxp_lpcxpresso_1769.a(board_sysinit.o)
 .debug_abbrev  0x00000bb5      0x13c C:\Users\acafa\Desktop\FACU\PROYECTO_TD3\lpc_chip_175x_6x\Debug\liblpc_chip_175x_6x.a(chip_17xx_40xx.o)
 .debug_abbrev  0x00000cf1      0x2ec C:\Users\acafa\Desktop\FACU\PROYECTO_TD3\lpc_chip_175x_6x\Debug\liblpc_chip_175x_6x.a(clock_17xx_40xx.o)
 .debug_abbrev  0x00000fdd      0x2ae C:\Users\acafa\Desktop\FACU\PROYECTO_TD3\lpc_chip_175x_6x\Debug\liblpc_chip_175x_6x.a(i2c_17xx_40xx.o)
 .debug_abbrev  0x0000128b      0x126 C:\Users\acafa\Desktop\FACU\PROYECTO_TD3\lpc_chip_175x_6x\Debug\liblpc_chip_175x_6x.a(iocon_17xx_40xx.o)
 .debug_abbrev  0x000013b1      0x175 C:\Users\acafa\Desktop\FACU\PROYECTO_TD3\lpc_chip_175x_6x\Debug\liblpc_chip_175x_6x.a(sysinit_17xx_40xx.o)
 .debug_abbrev  0x00001526      0x2e8 C:\Users\acafa\Desktop\FACU\PROYECTO_TD3\lpc_chip_175x_6x\Debug\liblpc_chip_175x_6x.a(uart_17xx_40xx.o)
 .debug_abbrev  0x0000180e      0x22a C:\Users\acafa\Desktop\FACU\PROYECTO_TD3\freertos\Debug\libfreertos.a(tasks.o)
 .debug_abbrev  0x00001a38       0xd4 C:\Users\acafa\Desktop\FACU\PROYECTO_TD3\freertos\Debug\libfreertos.a(heap_3.o)
 .debug_abbrev  0x00001b0c       0xec C:\Users\acafa\Desktop\FACU\PROYECTO_TD3\freertos\Debug\libfreertos.a(list.o)
 .debug_abbrev  0x00001bf8      0x1df C:\Users\acafa\Desktop\FACU\PROYECTO_TD3\freertos\Debug\libfreertos.a(port.o)

.debug_aranges  0x00000000      0xa48
 .debug_aranges
                0x00000000      0x110 ./src/GPIO.o
 .debug_aranges
                0x00000110       0x80 ./src/cr_startup_lpc175x_6x.o
 .debug_aranges
                0x00000190       0x18 ./src/crp.o
 .debug_aranges
                0x000001a8       0x88 ./src/display.o
 .debug_aranges
                0x00000230       0x20 ./src/sysinit.o
 .debug_aranges
                0x00000250      0x160 C:\Users\acafa\Desktop\FACU\PROYECTO_TD3\lpc_board_nxp_lpcxpresso_1769\Debug\liblpc_board_nxp_lpcxpresso_1769.a(board.o)
 .debug_aranges
                0x000003b0       0x38 C:\Users\acafa\Desktop\FACU\PROYECTO_TD3\lpc_board_nxp_lpcxpresso_1769\Debug\liblpc_board_nxp_lpcxpresso_1769.a(board_sysinit.o)
 .debug_aranges
                0x000003e8       0x38 C:\Users\acafa\Desktop\FACU\PROYECTO_TD3\lpc_chip_175x_6x\Debug\liblpc_chip_175x_6x.a(chip_17xx_40xx.o)
 .debug_aranges
                0x00000420      0x120 C:\Users\acafa\Desktop\FACU\PROYECTO_TD3\lpc_chip_175x_6x\Debug\liblpc_chip_175x_6x.a(clock_17xx_40xx.o)
 .debug_aranges
                0x00000540      0x118 C:\Users\acafa\Desktop\FACU\PROYECTO_TD3\lpc_chip_175x_6x\Debug\liblpc_chip_175x_6x.a(i2c_17xx_40xx.o)
 .debug_aranges
                0x00000658       0x30 C:\Users\acafa\Desktop\FACU\PROYECTO_TD3\lpc_chip_175x_6x\Debug\liblpc_chip_175x_6x.a(iocon_17xx_40xx.o)
 .debug_aranges
                0x00000688       0x60 C:\Users\acafa\Desktop\FACU\PROYECTO_TD3\lpc_chip_175x_6x\Debug\liblpc_chip_175x_6x.a(sysinit_17xx_40xx.o)
 .debug_aranges
                0x000006e8      0x128 C:\Users\acafa\Desktop\FACU\PROYECTO_TD3\lpc_chip_175x_6x\Debug\liblpc_chip_175x_6x.a(uart_17xx_40xx.o)
 .debug_aranges
                0x00000810      0x140 C:\Users\acafa\Desktop\FACU\PROYECTO_TD3\freertos\Debug\libfreertos.a(tasks.o)
 .debug_aranges
                0x00000950       0x28 C:\Users\acafa\Desktop\FACU\PROYECTO_TD3\freertos\Debug\libfreertos.a(heap_3.o)
 .debug_aranges
                0x00000978       0x40 C:\Users\acafa\Desktop\FACU\PROYECTO_TD3\freertos\Debug\libfreertos.a(list.o)
 .debug_aranges
                0x000009b8       0x90 C:\Users\acafa\Desktop\FACU\PROYECTO_TD3\freertos\Debug\libfreertos.a(port.o)

.debug_ranges   0x00000000      0x930
 .debug_ranges  0x00000000      0x100 ./src/GPIO.o
 .debug_ranges  0x00000100       0x70 ./src/cr_startup_lpc175x_6x.o
 .debug_ranges  0x00000170       0x78 ./src/display.o
 .debug_ranges  0x000001e8       0x10 ./src/sysinit.o
 .debug_ranges  0x000001f8      0x150 C:\Users\acafa\Desktop\FACU\PROYECTO_TD3\lpc_board_nxp_lpcxpresso_1769\Debug\liblpc_board_nxp_lpcxpresso_1769.a(board.o)
 .debug_ranges  0x00000348       0x28 C:\Users\acafa\Desktop\FACU\PROYECTO_TD3\lpc_board_nxp_lpcxpresso_1769\Debug\liblpc_board_nxp_lpcxpresso_1769.a(board_sysinit.o)
 .debug_ranges  0x00000370       0x28 C:\Users\acafa\Desktop\FACU\PROYECTO_TD3\lpc_chip_175x_6x\Debug\liblpc_chip_175x_6x.a(chip_17xx_40xx.o)
 .debug_ranges  0x00000398      0x110 C:\Users\acafa\Desktop\FACU\PROYECTO_TD3\lpc_chip_175x_6x\Debug\liblpc_chip_175x_6x.a(clock_17xx_40xx.o)
 .debug_ranges  0x000004a8      0x108 C:\Users\acafa\Desktop\FACU\PROYECTO_TD3\lpc_chip_175x_6x\Debug\liblpc_chip_175x_6x.a(i2c_17xx_40xx.o)
 .debug_ranges  0x000005b0       0x20 C:\Users\acafa\Desktop\FACU\PROYECTO_TD3\lpc_chip_175x_6x\Debug\liblpc_chip_175x_6x.a(iocon_17xx_40xx.o)
 .debug_ranges  0x000005d0       0x50 C:\Users\acafa\Desktop\FACU\PROYECTO_TD3\lpc_chip_175x_6x\Debug\liblpc_chip_175x_6x.a(sysinit_17xx_40xx.o)
 .debug_ranges  0x00000620      0x118 C:\Users\acafa\Desktop\FACU\PROYECTO_TD3\lpc_chip_175x_6x\Debug\liblpc_chip_175x_6x.a(uart_17xx_40xx.o)
 .debug_ranges  0x00000738      0x130 C:\Users\acafa\Desktop\FACU\PROYECTO_TD3\freertos\Debug\libfreertos.a(tasks.o)
 .debug_ranges  0x00000868       0x18 C:\Users\acafa\Desktop\FACU\PROYECTO_TD3\freertos\Debug\libfreertos.a(heap_3.o)
 .debug_ranges  0x00000880       0x30 C:\Users\acafa\Desktop\FACU\PROYECTO_TD3\freertos\Debug\libfreertos.a(list.o)
 .debug_ranges  0x000008b0       0x80 C:\Users\acafa\Desktop\FACU\PROYECTO_TD3\freertos\Debug\libfreertos.a(port.o)

.debug_macro    0x00000000     0x7a61
 .debug_macro   0x00000000      0x339 ./src/GPIO.o
 .debug_macro   0x00000339      0x892 ./src/GPIO.o
 .debug_macro   0x00000bcb       0x10 ./src/GPIO.o
 .debug_macro   0x00000bdb      0x12d ./src/GPIO.o
 .debug_macro   0x00000d08      0x5b2 ./src/GPIO.o
 .debug_macro   0x000012ba       0x22 ./src/GPIO.o
 .debug_macro   0x000012dc       0x7b ./src/GPIO.o
 .debug_macro   0x00001357       0x10 ./src/GPIO.o
 .debug_macro   0x00001367       0x2d ./src/GPIO.o
 .debug_macro   0x00001394       0x3a ./src/GPIO.o
 .debug_macro   0x000013ce       0x2d ./src/GPIO.o
 .debug_macro   0x000013fb      0xbb1 ./src/GPIO.o
 .debug_macro   0x00001fac      0x22c ./src/GPIO.o
 .debug_macro   0x000021d8       0x42 ./src/GPIO.o
 .debug_macro   0x0000221a       0x52 ./src/GPIO.o
 .debug_macro   0x0000226c       0x78 ./src/GPIO.o
 .debug_macro   0x000022e4       0x82 ./src/GPIO.o
 .debug_macro   0x00002366      0x48c ./src/GPIO.o
 .debug_macro   0x000027f2       0x34 ./src/GPIO.o
 .debug_macro   0x00002826      0x4c5 ./src/GPIO.o
 .debug_macro   0x00002ceb      0x1b7 ./src/GPIO.o
 .debug_macro   0x00002ea2       0x10 ./src/GPIO.o
 .debug_macro   0x00002eb2      0x21b ./src/GPIO.o
 .debug_macro   0x000030cd      0x1b9 ./src/GPIO.o
 .debug_macro   0x00003286       0x40 ./src/GPIO.o
 .debug_macro   0x000032c6       0x22 ./src/GPIO.o
 .debug_macro   0x000032e8      0x162 ./src/GPIO.o
 .debug_macro   0x0000344a       0x94 ./src/GPIO.o
 .debug_macro   0x000034de       0xb8 ./src/GPIO.o
 .debug_macro   0x00003596       0x4c ./src/GPIO.o
 .debug_macro   0x000035e2       0x16 ./src/GPIO.o
 .debug_macro   0x000035f8      0x328 ./src/GPIO.o
 .debug_macro   0x00003920       0x49 ./src/GPIO.o
 .debug_macro   0x00003969       0x16 ./src/GPIO.o
 .debug_macro   0x0000397f       0xca ./src/GPIO.o
 .debug_macro   0x00003a49       0x18 ./src/GPIO.o
 .debug_macro   0x00003a61       0x76 ./src/GPIO.o
 .debug_macro   0x00003ad7       0x9a ./src/GPIO.o
 .debug_macro   0x00003b71       0x20 ./src/GPIO.o
 .debug_macro   0x00003b91       0x28 ./src/GPIO.o
 .debug_macro   0x00003bb9       0x10 ./src/GPIO.o
 .debug_macro   0x00003bc9       0x46 ./src/GPIO.o
 .debug_macro   0x00003c0f       0xf4 ./src/GPIO.o
 .debug_macro   0x00003d03       0xab ./src/GPIO.o
 .debug_macro   0x00003dae       0x12 ./src/GPIO.o
 .debug_macro   0x00003dc0       0x1f ./src/GPIO.o
 .debug_macro   0x00003ddf      0x265 ./src/GPIO.o
 .debug_macro   0x00004044       0x64 ./src/GPIO.o
 .debug_macro   0x000040a8       0x57 ./src/GPIO.o
 .debug_macro   0x000040ff       0x46 ./src/GPIO.o
 .debug_macro   0x00004145       0x1c ./src/GPIO.o
 .debug_macro   0x00004161      0x2c8 ./src/GPIO.o
 .debug_macro   0x00004429       0xc4 ./src/GPIO.o
 .debug_macro   0x000044ed       0x10 ./src/GPIO.o
 .debug_macro   0x000044fd       0xb0 ./src/GPIO.o
 .debug_macro   0x000045ad       0x77 ./src/GPIO.o
 .debug_macro   0x00004624       0x46 ./src/GPIO.o
 .debug_macro   0x0000466a       0x1d ./src/cr_startup_lpc175x_6x.o
 .debug_macro   0x00004687       0x1a ./src/crp.o
 .debug_macro   0x000046a1       0x34 ./src/crp.o
 .debug_macro   0x000046d5      0x297 ./src/display.o
 .debug_macro   0x0000496c       0x16 ./src/display.o
 .debug_macro   0x00004982       0x74 ./src/display.o
 .debug_macro   0x000049f6       0x11 ./src/display.o
 .debug_macro   0x00004a07       0x70 ./src/display.o
 .debug_macro   0x00004a77       0xee ./src/display.o
 .debug_macro   0x00004b65      0x217 ./src/sysinit.o
 .debug_macro   0x00004d7c      0x289 C:\Users\acafa\Desktop\FACU\PROYECTO_TD3\lpc_board_nxp_lpcxpresso_1769\Debug\liblpc_board_nxp_lpcxpresso_1769.a(board.o)
 .debug_macro   0x00005005      0x886 C:\Users\acafa\Desktop\FACU\PROYECTO_TD3\lpc_board_nxp_lpcxpresso_1769\Debug\liblpc_board_nxp_lpcxpresso_1769.a(board.o)
 .debug_macro   0x0000588b       0x12 C:\Users\acafa\Desktop\FACU\PROYECTO_TD3\lpc_board_nxp_lpcxpresso_1769\Debug\liblpc_board_nxp_lpcxpresso_1769.a(board.o)
 .debug_macro   0x0000589d      0x217 C:\Users\acafa\Desktop\FACU\PROYECTO_TD3\lpc_board_nxp_lpcxpresso_1769\Debug\liblpc_board_nxp_lpcxpresso_1769.a(board_sysinit.o)
 .debug_macro   0x00005ab4      0x1cd C:\Users\acafa\Desktop\FACU\PROYECTO_TD3\lpc_chip_175x_6x\Debug\liblpc_chip_175x_6x.a(chip_17xx_40xx.o)
 .debug_macro   0x00005c81      0x1cd C:\Users\acafa\Desktop\FACU\PROYECTO_TD3\lpc_chip_175x_6x\Debug\liblpc_chip_175x_6x.a(clock_17xx_40xx.o)
 .debug_macro   0x00005e4e      0x1df C:\Users\acafa\Desktop\FACU\PROYECTO_TD3\lpc_chip_175x_6x\Debug\liblpc_chip_175x_6x.a(i2c_17xx_40xx.o)
 .debug_macro   0x0000602d      0x1cd C:\Users\acafa\Desktop\FACU\PROYECTO_TD3\lpc_chip_175x_6x\Debug\liblpc_chip_175x_6x.a(iocon_17xx_40xx.o)
 .debug_macro   0x000061fa      0x1cd C:\Users\acafa\Desktop\FACU\PROYECTO_TD3\lpc_chip_175x_6x\Debug\liblpc_chip_175x_6x.a(sysinit_17xx_40xx.o)
 .debug_macro   0x000063c7      0x1cd C:\Users\acafa\Desktop\FACU\PROYECTO_TD3\lpc_chip_175x_6x\Debug\liblpc_chip_175x_6x.a(uart_17xx_40xx.o)
 .debug_macro   0x00006594      0x336 C:\Users\acafa\Desktop\FACU\PROYECTO_TD3\freertos\Debug\libfreertos.a(tasks.o)
 .debug_macro   0x000068ca      0x88c C:\Users\acafa\Desktop\FACU\PROYECTO_TD3\freertos\Debug\libfreertos.a(tasks.o)
 .debug_macro   0x00007156       0x28 C:\Users\acafa\Desktop\FACU\PROYECTO_TD3\freertos\Debug\libfreertos.a(tasks.o)
 .debug_macro   0x0000717e       0x5b C:\Users\acafa\Desktop\FACU\PROYECTO_TD3\freertos\Debug\libfreertos.a(tasks.o)
 .debug_macro   0x000071d9       0x16 C:\Users\acafa\Desktop\FACU\PROYECTO_TD3\freertos\Debug\libfreertos.a(tasks.o)
 .debug_macro   0x000071ef      0x2b2 C:\Users\acafa\Desktop\FACU\PROYECTO_TD3\freertos\Debug\libfreertos.a(heap_3.o)
 .debug_macro   0x000074a1      0x297 C:\Users\acafa\Desktop\FACU\PROYECTO_TD3\freertos\Debug\libfreertos.a(list.o)
 .debug_macro   0x00007738      0x329 C:\Users\acafa\Desktop\FACU\PROYECTO_TD3\freertos\Debug\libfreertos.a(port.o)

.debug_line     0x00000000     0x62bc
 .debug_line    0x00000000      0x9e5 ./src/GPIO.o
 .debug_line    0x000009e5       0xd5 ./src/cr_startup_lpc175x_6x.o
 .debug_line    0x00000aba       0x79 ./src/crp.o
 .debug_line    0x00000b33      0x6d4 ./src/display.o
 .debug_line    0x00001207      0x479 ./src/sysinit.o
 .debug_line    0x00001680      0x842 C:\Users\acafa\Desktop\FACU\PROYECTO_TD3\lpc_board_nxp_lpcxpresso_1769\Debug\liblpc_board_nxp_lpcxpresso_1769.a(board.o)
 .debug_line    0x00001ec2      0x4b9 C:\Users\acafa\Desktop\FACU\PROYECTO_TD3\lpc_board_nxp_lpcxpresso_1769\Debug\liblpc_board_nxp_lpcxpresso_1769.a(board_sysinit.o)
 .debug_line    0x0000237b      0x44c C:\Users\acafa\Desktop\FACU\PROYECTO_TD3\lpc_chip_175x_6x\Debug\liblpc_chip_175x_6x.a(chip_17xx_40xx.o)
 .debug_line    0x000027c7      0x6c8 C:\Users\acafa\Desktop\FACU\PROYECTO_TD3\lpc_chip_175x_6x\Debug\liblpc_chip_175x_6x.a(clock_17xx_40xx.o)
 .debug_line    0x00002e8f      0x71e C:\Users\acafa\Desktop\FACU\PROYECTO_TD3\lpc_chip_175x_6x\Debug\liblpc_chip_175x_6x.a(i2c_17xx_40xx.o)
 .debug_line    0x000035ad      0x438 C:\Users\acafa\Desktop\FACU\PROYECTO_TD3\lpc_chip_175x_6x\Debug\liblpc_chip_175x_6x.a(iocon_17xx_40xx.o)
 .debug_line    0x000039e5      0x4c2 C:\Users\acafa\Desktop\FACU\PROYECTO_TD3\lpc_chip_175x_6x\Debug\liblpc_chip_175x_6x.a(sysinit_17xx_40xx.o)
 .debug_line    0x00003ea7      0x774 C:\Users\acafa\Desktop\FACU\PROYECTO_TD3\lpc_chip_175x_6x\Debug\liblpc_chip_175x_6x.a(uart_17xx_40xx.o)
 .debug_line    0x0000461b      0xb39 C:\Users\acafa\Desktop\FACU\PROYECTO_TD3\freertos\Debug\libfreertos.a(tasks.o)
 .debug_line    0x00005154      0x54e C:\Users\acafa\Desktop\FACU\PROYECTO_TD3\freertos\Debug\libfreertos.a(heap_3.o)
 .debug_line    0x000056a2      0x59a C:\Users\acafa\Desktop\FACU\PROYECTO_TD3\freertos\Debug\libfreertos.a(list.o)
 .debug_line    0x00005c3c      0x680 C:\Users\acafa\Desktop\FACU\PROYECTO_TD3\freertos\Debug\libfreertos.a(port.o)

.debug_str      0x00000000    0x1975c
 .debug_str     0x00000000    0x153db ./src/GPIO.o
                              0x1554a (size before relaxing)
 .debug_str     0x000153db      0x1d8 ./src/cr_startup_lpc175x_6x.o
                               0x26a7 (size before relaxing)
 .debug_str     0x000155b3       0xe9 ./src/crp.o
                               0x25bf (size before relaxing)
 .debug_str     0x0001569c      0x139 ./src/display.o
                              0x12659 (size before relaxing)
 .debug_str     0x000157d5       0x1b ./src/sysinit.o
                              0x10a5a (size before relaxing)
 .debug_str     0x000157f0      0xd17 C:\Users\acafa\Desktop\FACU\PROYECTO_TD3\lpc_board_nxp_lpcxpresso_1769\Debug\liblpc_board_nxp_lpcxpresso_1769.a(board.o)
                              0x1191a (size before relaxing)
 .debug_str     0x00016507      0x22d C:\Users\acafa\Desktop\FACU\PROYECTO_TD3\lpc_board_nxp_lpcxpresso_1769\Debug\liblpc_board_nxp_lpcxpresso_1769.a(board_sysinit.o)
                              0x10e54 (size before relaxing)
 .debug_str     0x00016734       0xc3 C:\Users\acafa\Desktop\FACU\PROYECTO_TD3\lpc_chip_175x_6x\Debug\liblpc_chip_175x_6x.a(chip_17xx_40xx.o)
                              0x10b4b (size before relaxing)
 .debug_str     0x000167f7      0x852 C:\Users\acafa\Desktop\FACU\PROYECTO_TD3\lpc_chip_175x_6x\Debug\liblpc_chip_175x_6x.a(clock_17xx_40xx.o)
                              0x111b9 (size before relaxing)
 .debug_str     0x00017049      0x591 C:\Users\acafa\Desktop\FACU\PROYECTO_TD3\lpc_chip_175x_6x\Debug\liblpc_chip_175x_6x.a(i2c_17xx_40xx.o)
                              0x111c9 (size before relaxing)
 .debug_str     0x000175da       0x74 C:\Users\acafa\Desktop\FACU\PROYECTO_TD3\lpc_chip_175x_6x\Debug\liblpc_chip_175x_6x.a(iocon_17xx_40xx.o)
                              0x10636 (size before relaxing)
 .debug_str     0x0001764e       0xc4 C:\Users\acafa\Desktop\FACU\PROYECTO_TD3\lpc_chip_175x_6x\Debug\liblpc_chip_175x_6x.a(sysinit_17xx_40xx.o)
                              0x1081e (size before relaxing)
 .debug_str     0x00017712      0x3b0 C:\Users\acafa\Desktop\FACU\PROYECTO_TD3\lpc_chip_175x_6x\Debug\liblpc_chip_175x_6x.a(uart_17xx_40xx.o)
                              0x1108e (size before relaxing)
 .debug_str     0x00017ac2     0x14db C:\Users\acafa\Desktop\FACU\PROYECTO_TD3\freertos\Debug\libfreertos.a(tasks.o)
                              0x14278 (size before relaxing)
 .debug_str     0x00018f9d       0x3c C:\Users\acafa\Desktop\FACU\PROYECTO_TD3\freertos\Debug\libfreertos.a(heap_3.o)
                              0x12c5b (size before relaxing)
 .debug_str     0x00018fd9       0xa2 C:\Users\acafa\Desktop\FACU\PROYECTO_TD3\freertos\Debug\libfreertos.a(list.o)
                              0x129a0 (size before relaxing)
 .debug_str     0x0001907b      0x6e1 C:\Users\acafa\Desktop\FACU\PROYECTO_TD3\freertos\Debug\libfreertos.a(port.o)
                              0x134a7 (size before relaxing)

.comment        0x00000000       0xdc
 .comment       0x00000000       0x6e ./src/GPIO.o
                                 0x6f (size before relaxing)
 .comment       0x0000006e       0x6f ./src/cr_startup_lpc175x_6x.o
 .comment       0x0000006e       0x6f ./src/crp.o
 .comment       0x0000006e       0x6f ./src/display.o
 .comment       0x0000006e       0x6f ./src/sysinit.o
 .comment       0x0000006e       0x6f C:\Users\acafa\Desktop\FACU\PROYECTO_TD3\lpc_board_nxp_lpcxpresso_1769\Debug\liblpc_board_nxp_lpcxpresso_1769.a(board.o)
 .comment       0x0000006e       0x6f C:\Users\acafa\Desktop\FACU\PROYECTO_TD3\lpc_board_nxp_lpcxpresso_1769\Debug\liblpc_board_nxp_lpcxpresso_1769.a(board_sysinit.o)
 .comment       0x0000006e       0x6f C:\Users\acafa\Desktop\FACU\PROYECTO_TD3\lpc_chip_175x_6x\Debug\liblpc_chip_175x_6x.a(chip_17xx_40xx.o)
 .comment       0x0000006e       0x6f C:\Users\acafa\Desktop\FACU\PROYECTO_TD3\lpc_chip_175x_6x\Debug\liblpc_chip_175x_6x.a(clock_17xx_40xx.o)
 .comment       0x0000006e       0x6f C:\Users\acafa\Desktop\FACU\PROYECTO_TD3\lpc_chip_175x_6x\Debug\liblpc_chip_175x_6x.a(i2c_17xx_40xx.o)
 .comment       0x0000006e       0x6f C:\Users\acafa\Desktop\FACU\PROYECTO_TD3\lpc_chip_175x_6x\Debug\liblpc_chip_175x_6x.a(iocon_17xx_40xx.o)
 .comment       0x0000006e       0x6f C:\Users\acafa\Desktop\FACU\PROYECTO_TD3\lpc_chip_175x_6x\Debug\liblpc_chip_175x_6x.a(sysinit_17xx_40xx.o)
 .comment       0x0000006e       0x6f C:\Users\acafa\Desktop\FACU\PROYECTO_TD3\lpc_chip_175x_6x\Debug\liblpc_chip_175x_6x.a(uart_17xx_40xx.o)
 .comment       0x0000006e       0x6f C:\Users\acafa\Desktop\FACU\PROYECTO_TD3\freertos\Debug\libfreertos.a(tasks.o)
 .comment       0x0000006e       0x6f C:\Users\acafa\Desktop\FACU\PROYECTO_TD3\freertos\Debug\libfreertos.a(heap_3.o)
 .comment       0x0000006e       0x6f C:\Users\acafa\Desktop\FACU\PROYECTO_TD3\freertos\Debug\libfreertos.a(list.o)
 .comment       0x0000006e       0x6f C:\Users\acafa\Desktop\FACU\PROYECTO_TD3\freertos\Debug\libfreertos.a(port.o)
 .comment       0x0000006e       0x6e d:/nxp2/lpcxpresso_8.2.0_647/lpcxpresso/tools/bin/../lib/gcc/arm-none-eabi/5.3.1/../../../../arm-none-eabi/lib/armv7-m\libcr_nohost.a(_cr__main.o)
                                 0x6f (size before relaxing)
 .comment       0x000000dc       0x6f d:/nxp2/lpcxpresso_8.2.0_647/lpcxpresso/tools/bin/../lib/gcc/arm-none-eabi/5.3.1/../../../../arm-none-eabi/lib/armv7-m\libcr_c.a(atan2f.o)
 .comment       0x000000dc       0x6f d:/nxp2/lpcxpresso_8.2.0_647/lpcxpresso/tools/bin/../lib/gcc/arm-none-eabi/5.3.1/../../../../arm-none-eabi/lib/armv7-m\libcr_c.a(atanf.o)
 .comment       0x000000dc       0x6f d:/nxp2/lpcxpresso_8.2.0_647/lpcxpresso/tools/bin/../lib/gcc/arm-none-eabi/5.3.1/../../../../arm-none-eabi/lib/armv7-m\libcr_c.a(fabsf.o)
 .comment       0x000000dc       0x6f d:/nxp2/lpcxpresso_8.2.0_647/lpcxpresso/tools/bin/../lib/gcc/arm-none-eabi/5.3.1/../../../../arm-none-eabi/lib/armv7-m\libcr_c.a(memset.o)
 .comment       0x000000dc       0x6f d:/nxp2/lpcxpresso_8.2.0_647/lpcxpresso/tools/bin/../lib/gcc/arm-none-eabi/5.3.1/../../../../arm-none-eabi/lib/armv7-m\libcr_c.a(alloc.o)
 .comment       0x000000dc       0x6f d:/nxp2/lpcxpresso_8.2.0_647/lpcxpresso/tools/bin/../lib/gcc/arm-none-eabi/5.3.1/../../../../arm-none-eabi/lib/armv7-m\libcr_c.a(errno.o)
 .comment       0x000000dc       0x6f d:/nxp2/lpcxpresso_8.2.0_647/lpcxpresso/tools/bin/../lib/gcc/arm-none-eabi/5.3.1/../../../../arm-none-eabi/lib/armv7-m\libcr_c.a(fabs.o)
 .comment       0x000000dc       0x6f d:/nxp2/lpcxpresso_8.2.0_647/lpcxpresso/tools/bin/../lib/gcc/arm-none-eabi/5.3.1/../../../../arm-none-eabi/lib/armv7-m\libcr_c.a(fpprintf.o)
 .comment       0x000000dc       0x6f d:/nxp2/lpcxpresso_8.2.0_647/lpcxpresso/tools/bin/../lib/gcc/arm-none-eabi/5.3.1/../../../../arm-none-eabi/lib/armv7-m\libcr_c.a(initio.o)
 .comment       0x000000dc       0x6f d:/nxp2/lpcxpresso_8.2.0_647/lpcxpresso/tools/bin/../lib/gcc/arm-none-eabi/5.3.1/../../../../arm-none-eabi/lib/armv7-m\libcr_c.a(printf.o)
 .comment       0x000000dc       0x6f d:/nxp2/lpcxpresso_8.2.0_647/lpcxpresso/tools/bin/../lib/gcc/arm-none-eabi/5.3.1/../../../../arm-none-eabi/lib/armv7-m\libcr_c.a(setvbuf.o)
 .comment       0x000000dc       0x6f d:/nxp2/lpcxpresso_8.2.0_647/lpcxpresso/tools/bin/../lib/gcc/arm-none-eabi/5.3.1/../../../../arm-none-eabi/lib/armv7-m\libcr_c.a(stdio.o)
 .comment       0x000000dc       0x6f d:/nxp2/lpcxpresso_8.2.0_647/lpcxpresso/tools/bin/../lib/gcc/arm-none-eabi/5.3.1/../../../../arm-none-eabi/lib/armv7-m\libcr_c.a(strlen.o)
 .comment       0x000000dc       0x6f d:/nxp2/lpcxpresso_8.2.0_647/lpcxpresso/tools/bin/../lib/gcc/arm-none-eabi/5.3.1/../../../../arm-none-eabi/lib/armv7-m\libcr_c.a(__init_alloc.o)
 .comment       0x000000dc       0x6f d:/nxp2/lpcxpresso_8.2.0_647/lpcxpresso/tools/bin/../lib/gcc/arm-none-eabi/5.3.1/../../../../arm-none-eabi/lib/armv7-m\libcr_c.a(_cr_sbrk.o)
 .comment       0x000000dc       0x6f d:/nxp2/lpcxpresso_8.2.0_647/lpcxpresso/tools/bin/../lib/gcc/arm-none-eabi/5.3.1/../../../../arm-none-eabi/lib/armv7-m\libcr_c.a(_deferredlazyseek.o)
 .comment       0x000000dc       0x6f d:/nxp2/lpcxpresso_8.2.0_647/lpcxpresso/tools/bin/../lib/gcc/arm-none-eabi/5.3.1/../../../../arm-none-eabi/lib/armv7-m\libcr_c.a(_fdopen.o)
 .comment       0x000000dc       0x6f d:/nxp2/lpcxpresso_8.2.0_647/lpcxpresso/tools/bin/../lib/gcc/arm-none-eabi/5.3.1/../../../../arm-none-eabi/lib/armv7-m\libcr_c.a(_fflush.o)
 .comment       0x000000dc       0x6f d:/nxp2/lpcxpresso_8.2.0_647/lpcxpresso/tools/bin/../lib/gcc/arm-none-eabi/5.3.1/../../../../arm-none-eabi/lib/armv7-m\libcr_c.a(_frexpl.o)
 .comment       0x000000dc       0x6f d:/nxp2/lpcxpresso_8.2.0_647/lpcxpresso/tools/bin/../lib/gcc/arm-none-eabi/5.3.1/../../../../arm-none-eabi/lib/armv7-m\libcr_c.a(_ldexpl.o)
 .comment       0x000000dc       0x6f d:/nxp2/lpcxpresso_8.2.0_647/lpcxpresso/tools/bin/../lib/gcc/arm-none-eabi/5.3.1/../../../../arm-none-eabi/lib/armv7-m\libcr_c.a(_writebuf.o)
 .comment       0x000000dc       0x6f d:/nxp2/lpcxpresso_8.2.0_647/lpcxpresso/tools/bin/../lib/gcc/arm-none-eabi/5.3.1/../../../../arm-none-eabi/lib/armv7-m\libcr_c.a(fclose.o)
 .comment       0x000000dc       0x6f d:/nxp2/lpcxpresso_8.2.0_647/lpcxpresso/tools/bin/../lib/gcc/arm-none-eabi/5.3.1/../../../../arm-none-eabi/lib/armv7-m\libcr_c.a(fflush.o)
 .comment       0x000000dc       0x6f d:/nxp2/lpcxpresso_8.2.0_647/lpcxpresso/tools/bin/../lib/gcc/arm-none-eabi/5.3.1/../../../../arm-none-eabi/lib/armv7-m\libcr_c.a(fseek.o)
 .comment       0x000000dc       0x6f d:/nxp2/lpcxpresso_8.2.0_647/lpcxpresso/tools/bin/../lib/gcc/arm-none-eabi/5.3.1/../../../../arm-none-eabi/lib/armv7-m\libcr_c.a(ftell.o)
 .comment       0x000000dc       0x6f d:/nxp2/lpcxpresso_8.2.0_647/lpcxpresso/tools/bin/../lib/gcc/arm-none-eabi/5.3.1/../../../../arm-none-eabi/lib/armv7-m\libcr_c.a(remove.o)
 .comment       0x000000dc       0x6f d:/nxp2/lpcxpresso_8.2.0_647/lpcxpresso/tools/bin/../lib/gcc/arm-none-eabi/5.3.1/../../../../arm-none-eabi/lib/armv7-m\libcr_c.a(_cr_check_heap.o)
 .comment       0x000000dc       0x6f d:/nxp2/lpcxpresso_8.2.0_647/lpcxpresso/tools/bin/../lib/gcc/arm-none-eabi/5.3.1/../../../../arm-none-eabi/lib/armv7-m\libcr_c.a(_do_fflush.o)
 .comment       0x000000dc       0x6f d:/nxp2/lpcxpresso_8.2.0_647/lpcxpresso/tools/bin/../lib/gcc/arm-none-eabi/5.3.1/../../../../arm-none-eabi/lib/armv7-m\libcr_c.a(_hugeval.o)
 .comment       0x000000dc       0x6f d:/nxp2/lpcxpresso_8.2.0_647/lpcxpresso/tools/bin/../lib/gcc/arm-none-eabi/5.3.1/armv7-m\libcr_eabihelpers.a(double.o)
 .comment       0x000000dc       0x6f d:/nxp2/lpcxpresso_8.2.0_647/lpcxpresso/tools/bin/../lib/gcc/arm-none-eabi/5.3.1/armv7-m\libcr_eabihelpers.a(float.o)
 .comment       0x000000dc       0x6f d:/nxp2/lpcxpresso_8.2.0_647/lpcxpresso/tools/bin/../lib/gcc/arm-none-eabi/5.3.1/../../../../arm-none-eabi/lib/armv7-m\libcr_nohost.a(__sys_appexit.o)
 .comment       0x000000dc       0x6f d:/nxp2/lpcxpresso_8.2.0_647/lpcxpresso/tools/bin/../lib/gcc/arm-none-eabi/5.3.1/../../../../arm-none-eabi/lib/armv7-m\libcr_nohost.a(__sys_close.o)
 .comment       0x000000dc       0x6f d:/nxp2/lpcxpresso_8.2.0_647/lpcxpresso/tools/bin/../lib/gcc/arm-none-eabi/5.3.1/../../../../arm-none-eabi/lib/armv7-m\libcr_nohost.a(__sys_flen.o)