Archive member included to satisfy reference by file (symbol)

C:\Users\acafa\Desktop\FACU\PROYECTO_TD3\lpc_board_nxp_lpcxpresso_1769\Debug\liblpc_board_nxp_lpcxpresso_1769.a(board.o)
                              ./src/GPIO.o (Board_LED_Set)
C:\Users\acafa\Desktop\FACU\PROYECTO_TD3\lpc_board_nxp_lpcxpresso_1769\Debug\liblpc_board_nxp_lpcxpresso_1769.a(board_sysinit.o)
                              ./src/sysinit.o (Board_SystemInit)
C:\Users\acafa\Desktop\FACU\PROYECTO_TD3\lpc_chip_175x_6x\Debug\liblpc_chip_175x_6x.a(chip_17xx_40xx.o)
                              ./src/GPIO.o (SystemCoreClockUpdate)
C:\Users\acafa\Desktop\FACU\PROYECTO_TD3\lpc_chip_175x_6x\Debug\liblpc_chip_175x_6x.a(clock_17xx_40xx.o)
                              C:\Users\acafa\Desktop\FACU\PROYECTO_TD3\lpc_chip_175x_6x\Debug\liblpc_chip_175x_6x.a(chip_17xx_40xx.o) (Chip_Clock_EnablePLL)
C:\Users\acafa\Desktop\FACU\PROYECTO_TD3\lpc_chip_175x_6x\Debug\liblpc_chip_175x_6x.a(i2c_17xx_40xx.o)
                              ./src/GPIO.o (Chip_I2C_EventHandler)
C:\Users\acafa\Desktop\FACU\PROYECTO_TD3\lpc_chip_175x_6x\Debug\liblpc_chip_175x_6x.a(i2s_17xx_40xx.o)
                              C:\Users\acafa\Desktop\FACU\PROYECTO_TD3\lpc_board_nxp_lpcxpresso_1769\Debug\liblpc_board_nxp_lpcxpresso_1769.a(board.o) (Chip_I2S_Init)
C:\Users\acafa\Desktop\FACU\PROYECTO_TD3\lpc_chip_175x_6x\Debug\liblpc_chip_175x_6x.a(iocon_17xx_40xx.o)
                              C:\Users\acafa\Desktop\FACU\PROYECTO_TD3\lpc_board_nxp_lpcxpresso_1769\Debug\liblpc_board_nxp_lpcxpresso_1769.a(board.o) (Chip_IOCON_PinMux)
C:\Users\acafa\Desktop\FACU\PROYECTO_TD3\lpc_chip_175x_6x\Debug\liblpc_chip_175x_6x.a(sysinit_17xx_40xx.o)
                              C:\Users\acafa\Desktop\FACU\PROYECTO_TD3\lpc_board_nxp_lpcxpresso_1769\Debug\liblpc_board_nxp_lpcxpresso_1769.a(board_sysinit.o) (Chip_SetupXtalClocking)
C:\Users\acafa\Desktop\FACU\PROYECTO_TD3\lpc_chip_175x_6x\Debug\liblpc_chip_175x_6x.a(uart_17xx_40xx.o)
                              C:\Users\acafa\Desktop\FACU\PROYECTO_TD3\lpc_board_nxp_lpcxpresso_1769\Debug\liblpc_board_nxp_lpcxpresso_1769.a(board.o) (Chip_UART_Init)
C:\Users\acafa\Desktop\FACU\PROYECTO_TD3\lpc_chip_175x_6x\Debug\liblpc_chip_175x_6x.a(ring_buffer.o)
                              C:\Users\acafa\Desktop\FACU\PROYECTO_TD3\lpc_chip_175x_6x\Debug\liblpc_chip_175x_6x.a(uart_17xx_40xx.o) (RingBuffer_Insert)
C:\Users\acafa\Desktop\FACU\PROYECTO_TD3\freertos\Debug\libfreertos.a(queue.o)
                              ./src/GPIO.o (xQueueCreateMutex)
C:\Users\acafa\Desktop\FACU\PROYECTO_TD3\freertos\Debug\libfreertos.a(tasks.o)
                              ./src/GPIO.o (xTaskGenericCreate)
C:\Users\acafa\Desktop\FACU\PROYECTO_TD3\freertos\Debug\libfreertos.a(FreeRTOSCommonHooks.o)
                              C:\Users\acafa\Desktop\FACU\PROYECTO_TD3\freertos\Debug\libfreertos.a(tasks.o) (vApplicationIdleHook)
C:\Users\acafa\Desktop\FACU\PROYECTO_TD3\freertos\Debug\libfreertos.a(heap_3.o)
                              C:\Users\acafa\Desktop\FACU\PROYECTO_TD3\freertos\Debug\libfreertos.a(queue.o) (pvPortMalloc)
C:\Users\acafa\Desktop\FACU\PROYECTO_TD3\freertos\Debug\libfreertos.a(list.o)
                              C:\Users\acafa\Desktop\FACU\PROYECTO_TD3\freertos\Debug\libfreertos.a(queue.o) (vListInitialise)
C:\Users\acafa\Desktop\FACU\PROYECTO_TD3\freertos\Debug\libfreertos.a(port.o)
                              C:\Users\acafa\Desktop\FACU\PROYECTO_TD3\freertos\Debug\libfreertos.a(tasks.o) (pxPortInitialiseStack)
d:/nxp2/lpcxpresso_8.2.0_647/lpcxpresso/tools/bin/../lib/gcc/arm-none-eabi/5.3.1/../../../../arm-none-eabi/lib/armv7-m\libcr_nohost.a(_cr__main.o)
                              ./src/cr_startup_lpc175x_6x.o (__main)
d:/nxp2/lpcxpresso_8.2.0_647/lpcxpresso/tools/bin/../lib/gcc/arm-none-eabi/5.3.1/../../../../arm-none-eabi/lib/armv7-m\libcr_c.a(atan2f.o)
                              ./src/GPIO.o (atan2f)
d:/nxp2/lpcxpresso_8.2.0_647/lpcxpresso/tools/bin/../lib/gcc/arm-none-eabi/5.3.1/../../../../arm-none-eabi/lib/armv7-m\libcr_c.a(atanf.o)
                              d:/nxp2/lpcxpresso_8.2.0_647/lpcxpresso/tools/bin/../lib/gcc/arm-none-eabi/5.3.1/../../../../arm-none-eabi/lib/armv7-m\libcr_c.a(atan2f.o) (atanf)
d:/nxp2/lpcxpresso_8.2.0_647/lpcxpresso/tools/bin/../lib/gcc/arm-none-eabi/5.3.1/../../../../arm-none-eabi/lib/armv7-m\libcr_c.a(fabsf.o)
                              d:/nxp2/lpcxpresso_8.2.0_647/lpcxpresso/tools/bin/../lib/gcc/arm-none-eabi/5.3.1/../../../../arm-none-eabi/lib/armv7-m\libcr_c.a(atan2f.o) (fabsf)
d:/nxp2/lpcxpresso_8.2.0_647/lpcxpresso/tools/bin/../lib/gcc/arm-none-eabi/5.3.1/../../../../arm-none-eabi/lib/armv7-m\libcr_c.a(memcpy.o)
                              C:\Users\acafa\Desktop\FACU\PROYECTO_TD3\lpc_board_nxp_lpcxpresso_1769\Debug\liblpc_board_nxp_lpcxpresso_1769.a(board.o) (memcpy)
[...]
Memory Configuration

Name             Origin             Length             Attributes
MFlash512        0x00000000         0x00080000         xr
RamLoc32         0x10000000         0x00008000         xrw
RamAHB32         0x2007c000         0x00008000         xrw
*default*        0x00000000         0xffffffff

Linker script and memory map

LOAD ./src/GPIO.o
LOAD ./src/cr_startup_lpc175x_6x.o
LOAD ./src/crp.o
LOAD ./src/display.o
LOAD ./src/sysinit.o
LOAD C:\Users\acafa\Desktop\FACU\PROYECTO_TD3\lpc_board_nxp_lpcxpresso_1769\Debug\liblpc_board_nxp_lpcxpresso_1769.a
LOAD C:\Users\acafa\Desktop\FACU\PROYECTO_TD3\lpc_chip_175x_6x\Debug\liblpc_chip_175x_6x.a
LOAD C:\Users\acafa\Desktop\FACU\PROYECTO_TD3\freertos\Debug\libfreertos.a
START GROUP
LOAD d:/nxp2/lpcxpresso_8.2.0_647/lpcxpresso/tools/bin/../lib/gcc/arm-none-eabi/5.3.1/../../../../arm-none-eabi/lib/armv7-m\libcr_nohost.a
LOAD d:/nxp2/lpcxpresso_8.2.0_647/lpcxpresso/tools/bin/../lib/gcc/arm-none-eabi/5.3.1/../../../../arm-none-eabi/lib/armv7-m\libcr_c.a
LOAD d:/nxp2/lpcxpresso_8.2.0_647/lpcxpresso/tools/bin/../lib/gcc/arm-none-eabi/5.3.1/armv7-m\libcr_eabihelpers.a
END GROUP
                0x00000000                __base_MFlash512 = 0x0
                0x00000000                __base_Flash = 0x0
                0x00080000                __top_MFlash512 = 0x80000
                0x00080000                __top_Flash = 0x80000
                0x10000000                __base_RamLoc32 = 0x10000000
                0x10000000                __base_RAM = 0x10000000
                0x10008000                __top_RamLoc32 = 0x10008000
                0x10008000                __top_RAM = 0x10008000
                0x2007c000                __base_RamAHB32 = 0x2007c000
                0x2007c000                __base_RAM2 = 0x2007c000
                0x20084000                __top_RamAHB32 = 0x20084000
                0x20084000                __top_RAM2 = 0x20084000

.text           0x00000000     0x7708
 FILL mask 0xff
                0x00000000                __vectors_start__ = ABSOLUTE (.)
 *(.isr_vector)
 .isr_vector    0x00000000       0xcc ./src/cr_startup_lpc175x_6x.o
                0x00000000                g_pfnVectors
                0x000000cc                . = ALIGN (0x4)
                0x000000cc                __section_table_start = .
                0x000000cc                __data_section_table = .
                0x000000cc        0x4 LONG 0x7708 LOADADDR (.data)
                0x000000d0        0x4 LONG 0x10000000 ADDR (.data)
                0x000000d4        0x4 LONG 0x5c SIZEOF (.data)
                0x000000d8        0x4 LONG 0x7708 LOADADDR (.data_RAM2)
                0x000000dc        0x4 LONG 0x2007c000 ADDR (.data_RAM2)
                0x000000e0        0x4 LONG 0x0 SIZEOF (.data_RAM2)
                0x000000e4                __data_section_table_end = .
                0x000000e4                __bss_section_table = .
                0x000000e4        0x4 LONG 0x1000005c ADDR (.bss)
                0x000000e8        0x4 LONG 0x378 SIZEOF (.bss)
                0x000000ec        0x4 LONG 0x2007c000 ADDR (.bss_RAM2)
                0x000000f0        0x4 LONG 0x0 SIZEOF (.bss_RAM2)
                0x000000f4                __bss_section_table_end = .
                0x000000f4                __section_table_end = .
 *(.after_vectors*)
 .after_vectors
                0x000000f4      0x144 ./src/cr_startup_lpc175x_6x.o
                0x000000f4                data_init
                0x00000138                bss_init
                0x00000170                ResetISR
                0x000001e8                NMI_Handler
                0x000001f0                HardFault_Handler
                0x000001f8                MemManage_Handler
                0x00000200                BusFault_Handler
                0x00000208                UsageFault_Handler
                0x00000218                DebugMon_Handler
                0x00000230                CANActivity_IRQHandler
                0x00000230                TIMER3_IRQHandler
                0x00000230                UART0_IRQHandler
                0x00000230                PWM1_IRQHandler
                0x00000230                EINT3_IRQHandler
                0x00000230                UART1_IRQHandler
                0x00000230                IntDefaultHandler
                0x00000230                PLL0_IRQHandler
                0x00000230                CAN_IRQHandler
                0x00000230                PLL1_IRQHandler
                0x00000230                USBActivity_IRQHandler
                0x00000230                I2S_IRQHandler
                0x00000230                I2C2_IRQHandler
                0x00000230                RTC_IRQHandler
                0x00000230                TIMER0_IRQHandler
                0x00000230                SPI_IRQHandler
                0x00000230                RIT_IRQHandler
                0x00000230                EINT1_IRQHandler
                0x00000230                TIMER1_IRQHandler
                0x00000230                UART2_IRQHandler
                0x00000230                ADC_IRQHandler
                0x00000230                SSP1_IRQHandler
                0x00000230                USB_IRQHandler
                0x00000230                BOD_IRQHandler
                0x00000230                EINT2_IRQHandler
                0x00000230                WDT_IRQHandler
                0x00000230                QEI_IRQHandler
                0x00000230                EINT0_IRQHandler
                0x00000230                ETH_IRQHandler
                0x00000230                SSP0_IRQHandler
                0x00000230                DMA_IRQHandler
                0x00000230                TIMER2_IRQHandler
                0x00000230                UART3_IRQHandler
                0x00000230                MCPWM_IRQHandler
                0x000002fc                . = 0x2fc
 *fill*         0x00000238       0xc4 ff
                0x000002fc                PROVIDE (__CRP_WORD_START__, .)
 *(.crp)
 .crp           0x000002fc        0x4 ./src/crp.o
                0x000002fc                CRP_WORD
                0x00000300                PROVIDE (__CRP_WORD_END__, .)
                0x00000001                ASSERT (! ((__CRP_WORD_START__ == __CRP_WORD_END__)), Linker CRP Enabled, but no CRP_WORD provided within application)
 *(.text*)
 .text.NVIC_EnableIRQ
                0x00000300       0x30 ./src/GPIO.o
 .text.NVIC_DisableIRQ
                0x00000330       0x34 ./src/GPIO.o
 .text.NVIC_SetPriority
                0x00000364       0x54 ./src/GPIO.o
 .text.getAres  0x000003b8       0x5c ./src/GPIO.o
                0x000003b8                getAres
 .text.getGres  0x00000414       0x64 ./src/GPIO.o
                0x00000414                getGres
 .text.i2c_state_handling
                0x00000478       0x34 ./src/GPIO.o
 .text.i2c_set_mode
                0x000004ac       0x84 ./src/GPIO.o
 .text.i2c_app_init
                0x00000530       0x3c ./src/GPIO.o
 .text.I2C1_IRQHandler
                0x0000056c       0x10 ./src/GPIO.o
                0x0000056c                I2C1_IRQHandler
 .text.I2C0_IRQHandler
                0x0000057c       0x1c ./src/GPIO.o
                0x0000057c                I2C0_IRQHandler
 .text.vMOSTRAR_DISPLAY
                0x00000598       0x38 ./src/GPIO.o
 .text.vINCLINOMETRO
                0x000005d0      0x144 ./src/GPIO.o
 .text.main     0x00000714       0xf8 ./src/GPIO.o
                0x00000714                main
 .text.delay_lcd
                0x0000080c       0x18 ./src/GPIO.o
                0x0000080c                delay_lcd
 *fill*         0x00000824        0x4 ff
 .text.complementaryFilter
                0x00000828      0x330 ./src/GPIO.o
                0x00000828                complementaryFilter
 .text.calibrate
                0x00000b58      0x3d8 ./src/GPIO.o
                0x00000b58                calibrate
 .text.readAccelData
                0x00000f30       0x58 ./src/GPIO.o
                0x00000f30                readAccelData
 .text.readGyroData
                0x00000f88       0x58 ./src/GPIO.o
                0x00000f88                readGyroData
 .text.reset    0x00000fe0       0x18 ./src/GPIO.o
                0x00000fe0                reset
 .text.init     0x00000ff8       0xdc ./src/GPIO.o
                0x00000ff8                init
 .text.whoAmI   0x000010d4       0x4c ./src/GPIO.o
                0x000010d4                whoAmI
 .text.writeByte
                0x00001120       0x38 ./src/GPIO.o
                0x00001120                writeByte
 .text.readByte
                0x00001158       0x44 ./src/GPIO.o
                0x00001158                readByte
 .text.readBytes
                0x0000119c       0x6c ./src/GPIO.o
                0x0000119c                readBytes
 .text.Chip_GPIO_SetPinState
                0x00001208       0x68 ./src/display.o
 .text.Chip_GPIO_SetPortOutHigh
                0x00001270       0x24 ./src/display.o
 .text.Chip_GPIO_SetPortOutLow
                0x00001294       0x24 ./src/display.o
 .text.inicializacion_lcd
                0x000012b8       0x30 ./src/display.o
                0x000012b8                inicializacion_lcd
 .text.goto_xy  0x000012e8       0x40 ./src/display.o
                0x000012e8                goto_xy
 .text.presentacion_referencia
                0x00001328       0x40 ./src/display.o
                0x00001328                presentacion_referencia
 .text.Display_angulo_ENTERO
                0x00001368       0x34 ./src/display.o
                0x00001368                Display_angulo_ENTERO
 .text.instruccion
                0x0000139c       0x68 ./src/display.o
                0x0000139c                instruccion
 .text.instruccion_init
                0x00001404       0x68 ./src/display.o
                0x00001404                instruccion_init
 .text.imprimecaracter
                0x0000146c       0x68 ./src/display.o
                0x0000146c                imprimecaracter
 .text.delay_ms_init
                0x000014d4       0x38 ./src/display.o
                0x000014d4                delay_ms_init
 .text.SystemInit
                0x0000150c       0x24 ./src/sysinit.o
                0x0000150c                SystemInit
 .text.Chip_IOCON_Init
                0x00001530       0x18 C:\Users\acafa\Desktop\FACU\PROYECTO_TD3\lpc_board_nxp_lpcxpresso_1769\Debug\liblpc_board_nxp_lpcxpresso_1769.a(board.o)
 .text.Chip_IOCON_EnableOD
                0x00001548       0x38 C:\Users\acafa\Desktop\FACU\PROYECTO_TD3\lpc_board_nxp_lpcxpresso_1769\Debug\liblpc_board_nxp_lpcxpresso_1769.a(board.o)
 .text.Chip_IOCON_SetI2CPad
                0x00001580       0x1c C:\Users\acafa\Desktop\FACU\PROYECTO_TD3\lpc_board_nxp_lpcxpresso_1769\Debug\liblpc_board_nxp_lpcxpresso_1769.a(board.o)
 .text.Chip_GPIO_Init
                0x0000159c       0x18 C:\Users\acafa\Desktop\FACU\PROYECTO_TD3\lpc_board_nxp_lpcxpresso_1769\Debug\liblpc_board_nxp_lpcxpresso_1769.a(board.o)
 .text.Chip_GPIO_SetPinState
                0x000015b4       0x68 C:\Users\acafa\Desktop\FACU\PROYECTO_TD3\lpc_board_nxp_lpcxpresso_1769\Debug\liblpc_board_nxp_lpcxpresso_1769.a(board.o)
 .text.Chip_GPIO_WritePortBit
                0x0000161c       0x2c C:\Users\acafa\Desktop\FACU\PROYECTO_TD3\lpc_board_nxp_lpcxpresso_1769\Debug\liblpc_board_nxp_lpcxpresso_1769.a(board.o)
 .text.Chip_GPIO_SetPinDIROutput
                0x00001648       0x38 C:\Users\acafa\Desktop\FACU\PROYECTO_TD3\lpc_board_nxp_lpcxpresso_1769\Debug\liblpc_board_nxp_lpcxpresso_1769.a(board.o)
 .text.Chip_GPIO_SetPinDIRInput
                0x00001680       0x3c C:\Users\acafa\Desktop\FACU\PROYECTO_TD3\lpc_board_nxp_lpcxpresso_1769\Debug\liblpc_board_nxp_lpcxpresso_1769.a(board.o)
 .text.Chip_GPIO_SetPinDIR
                0x000016bc       0x44 C:\Users\acafa\Desktop\FACU\PROYECTO_TD3\lpc_board_nxp_lpcxpresso_1769\Debug\liblpc_board_nxp_lpcxpresso_1769.a(board.o)
 .text.Chip_GPIO_WriteDirBit
                0x00001700       0x30 C:\Users\acafa\Desktop\FACU\PROYECTO_TD3\lpc_board_nxp_lpcxpresso_1769\Debug\liblpc_board_nxp_lpcxpresso_1769.a(board.o)
 .text.Chip_UART_SendByte
                0x00001730       0x1c C:\Users\acafa\Desktop\FACU\PROYECTO_TD3\lpc_board_nxp_lpcxpresso_1769\Debug\liblpc_board_nxp_lpcxpresso_1769.a(board.o)
 .text.Chip_UART_ConfigData
                0x0000174c       0x1c C:\Users\acafa\Desktop\FACU\PROYECTO_TD3\lpc_board_nxp_lpcxpresso_1769\Debug\liblpc_board_nxp_lpcxpresso_1769.a(board.o)
 .text.Chip_UART_ReadLineStatus
                0x00001768       0x18 C:\Users\acafa\Desktop\FACU\PROYECTO_TD3\lpc_board_nxp_lpcxpresso_1769\Debug\liblpc_board_nxp_lpcxpresso_1769.a(board.o)
 .text.__sys_write
                0x00001780       0x38 C:\Users\acafa\Desktop\FACU\PROYECTO_TD3\lpc_board_nxp_lpcxpresso_1769\Debug\liblpc_board_nxp_lpcxpresso_1769.a(board.o)
                0x00001780                __sys_write
 .text.Board_LED_Init
                0x000017b8       0x90 C:\Users\acafa\Desktop\FACU\PROYECTO_TD3\lpc_board_nxp_lpcxpresso_1769\Debug\liblpc_board_nxp_lpcxpresso_1769.a(board.o)
 .text.Board_UART_Init
                0x00001848       0x14 C:\Users\acafa\Desktop\FACU\PROYECTO_TD3\lpc_board_nxp_lpcxpresso_1769\Debug\liblpc_board_nxp_lpcxpresso_1769.a(board.o)
                0x00001848                Board_UART_Init
 .text.Board_Debug_Init
                0x0000185c       0x30 C:\Users\acafa\Desktop\FACU\PROYECTO_TD3\lpc_board_nxp_lpcxpresso_1769\Debug\liblpc_board_nxp_lpcxpresso_1769.a(board.o)
                0x0000185c                Board_Debug_Init
 .text.Board_UARTPutChar
                0x0000188c       0x34 C:\Users\acafa\Desktop\FACU\PROYECTO_TD3\lpc_board_nxp_lpcxpresso_1769\Debug\liblpc_board_nxp_lpcxpresso_1769.a(board.o)
                0x0000188c                Board_UARTPutChar
 .text.Board_LED_Set
                0x000018c0       0x30 C:\Users\acafa\Desktop\FACU\PROYECTO_TD3\lpc_board_nxp_lpcxpresso_1769\Debug\liblpc_board_nxp_lpcxpresso_1769.a(board.o)
                0x000018c0                Board_LED_Set
 .text.Board_Init
                0x000018f0       0x24 C:\Users\acafa\Desktop\FACU\PROYECTO_TD3\lpc_board_nxp_lpcxpresso_1769\Debug\liblpc_board_nxp_lpcxpresso_1769.a(board.o)
                0x000018f0                Board_Init
 .text.Board_I2C_Init
                0x00001914       0xbc C:\Users\acafa\Desktop\FACU\PROYECTO_TD3\lpc_board_nxp_lpcxpresso_1769\Debug\liblpc_board_nxp_lpcxpresso_1769.a(board.o)
                0x00001914                Board_I2C_Init
 .text.Chip_SYSCTL_SetFLASHAccess
                0x000019d0       0x30 C:\Users\acafa\Desktop\FACU\PROYECTO_TD3\lpc_board_nxp_lpcxpresso_1769\Debug\liblpc_board_nxp_lpcxpresso_1769.a(board_sysinit.o)
 .text.Board_SetupMuxing
                0x00001a00       0x1c C:\Users\acafa\Desktop\FACU\PROYECTO_TD3\lpc_board_nxp_lpcxpresso_1769\Debug\liblpc_board_nxp_lpcxpresso_1769.a(board_sysinit.o)
                0x00001a00                Board_SetupMuxing
 .text.Board_SetupClocking
                0x00001a1c       0x14 C:\Users\acafa\Desktop\FACU\PROYECTO_TD3\lpc_board_nxp_lpcxpresso_1769\Debug\liblpc_board_nxp_lpcxpresso_1769.a(board_sysinit.o)
                0x00001a1c                Board_SetupClocking
 .text.Board_SystemInit
                0x00001a30       0x10 C:\Users\acafa\Desktop\FACU\PROYECTO_TD3\lpc_board_nxp_lpcxpresso_1769\Debug\liblpc_board_nxp_lpcxpresso_1769.a(board_sysinit.o)
                0x00001a30                Board_SystemInit
 .text.SystemCoreClockUpdate
                0x00001a40       0x18 C:\Users\acafa\Desktop\FACU\PROYECTO_TD3\lpc_chip_175x_6x\Debug\liblpc_chip_175x_6x.a(chip_17xx_40xx.o)
                0x00001a40                SystemCoreClockUpdate
 .text.Chip_Clock_IsMainPLLEnabled
                0x00001a58       0x24 C:\Users\acafa\Desktop\FACU\PROYECTO_TD3\lpc_chip_175x_6x\Debug\liblpc_chip_175x_6x.a(clock_17xx_40xx.o)
 .text.Chip_Clock_IsMainPLLConnected
                0x00001a7c       0x24 C:\Users\acafa\Desktop\FACU\PROYECTO_TD3\lpc_chip_175x_6x\Debug\liblpc_chip_175x_6x.a(clock_17xx_40xx.o)
 .text.Chip_Clock_FeedPLL
                0x00001aa0       0x34 C:\Users\acafa\Desktop\FACU\PROYECTO_TD3\lpc_chip_175x_6x\Debug\liblpc_chip_175x_6x.a(clock_17xx_40xx.o)
 .text.Chip_Clock_GetMainPLLSource
                0x00001ad4       0x20 C:\Users\acafa\Desktop\FACU\PROYECTO_TD3\lpc_chip_175x_6x\Debug\liblpc_chip_175x_6x.a(clock_17xx_40xx.o)
 .text.Chip_Clock_GetMainOscRate
                0x00001af4       0x14 C:\Users\acafa\Desktop\FACU\PROYECTO_TD3\lpc_chip_175x_6x\Debug\liblpc_chip_175x_6x.a(clock_17xx_40xx.o)
 .text.Chip_Clock_GetIntOscRate
                0x00001b08       0x14 C:\Users\acafa\Desktop\FACU\PROYECTO_TD3\lpc_chip_175x_6x\Debug\liblpc_chip_175x_6x.a(clock_17xx_40xx.o)
 .text.Chip_Clock_GetRTCOscRate
                0x00001b1c       0x14 C:\Users\acafa\Desktop\FACU\PROYECTO_TD3\lpc_chip_175x_6x\Debug\liblpc_chip_175x_6x.a(clock_17xx_40xx.o)
 .text.Chip_Clock_GetMainPLLInClockRate
                0x00001b30       0x10 C:\Users\acafa\Desktop\FACU\PROYECTO_TD3\lpc_chip_175x_6x\Debug\liblpc_chip_175x_6x.a(clock_17xx_40xx.o)
 .text.Chip_Clock_EnablePLL
                0x00001b40       0x44 C:\Users\acafa\Desktop\FACU\PROYECTO_TD3\lpc_chip_175x_6x\Debug\liblpc_chip_175x_6x.a(clock_17xx_40xx.o)
                0x00001b40                Chip_Clock_EnablePLL
 .text.Chip_Clock_DisablePLL
                0x00001b84       0x48 C:\Users\acafa\Desktop\FACU\PROYECTO_TD3\lpc_chip_175x_6x\Debug\liblpc_chip_175x_6x.a(clock_17xx_40xx.o)
                0x00001b84                Chip_Clock_DisablePLL
 .text.Chip_Clock_SetupPLL
                0x00001bcc       0x5c C:\Users\acafa\Desktop\FACU\PROYECTO_TD3\lpc_chip_175x_6x\Debug\liblpc_chip_175x_6x.a(clock_17xx_40xx.o)
                0x00001bcc                Chip_Clock_SetupPLL
 .text.Chip_Clock_EnablePeriphClock
                0x00001c28       0x34 C:\Users\acafa\Desktop\FACU\PROYECTO_TD3\lpc_chip_175x_6x\Debug\liblpc_chip_175x_6x.a(clock_17xx_40xx.o)
                0x00001c28                Chip_Clock_EnablePeriphClock
 .text.Chip_Clock_DisablePeriphClock
                0x00001c5c       0x34 C:\Users\acafa\Desktop\FACU\PROYECTO_TD3\lpc_chip_175x_6x\Debug\liblpc_chip_175x_6x.a(clock_17xx_40xx.o)
                0x00001c5c                Chip_Clock_DisablePeriphClock
 .text.Chip_Clock_GetCPUClockSource
                0x00001c90       0x24 C:\Users\acafa\Desktop\FACU\PROYECTO_TD3\lpc_chip_175x_6x\Debug\liblpc_chip_175x_6x.a(clock_17xx_40xx.o)
                0x00001c90                Chip_Clock_GetCPUClockSource
 .text.Chip_Clock_SetCPUClockDiv
                0x00001cb4       0x20 C:\Users\acafa\Desktop\FACU\PROYECTO_TD3\lpc_chip_175x_6x\Debug\liblpc_chip_175x_6x.a(clock_17xx_40xx.o)
                0x00001cb4                Chip_Clock_SetCPUClockDiv
 .text.Chip_Clock_GetCPUClockDiv
                0x00001cd4       0x1c C:\Users\acafa\Desktop\FACU\PROYECTO_TD3\lpc_chip_175x_6x\Debug\liblpc_chip_175x_6x.a(clock_17xx_40xx.o)
                0x00001cd4                Chip_Clock_GetCPUClockDiv
 .text.Chip_Clock_GetPCLKDiv
                0x00001cf0       0x8c C:\Users\acafa\Desktop\FACU\PROYECTO_TD3\lpc_chip_175x_6x\Debug\liblpc_chip_175x_6x.a(clock_17xx_40xx.o)
                0x00001cf0                Chip_Clock_GetPCLKDiv
 .text.Chip_Clock_GetSYSCLKRate
                0x00001d7c       0x34 C:\Users\acafa\Desktop\FACU\PROYECTO_TD3\lpc_chip_175x_6x\Debug\liblpc_chip_175x_6x.a(clock_17xx_40xx.o)
                0x00001d7c                Chip_Clock_GetSYSCLKRate
 .text.Chip_Clock_GetMainPLLOutClockRate
                0x00001db0       0x54 C:\Users\acafa\Desktop\FACU\PROYECTO_TD3\lpc_chip_175x_6x\Debug\liblpc_chip_175x_6x.a(clock_17xx_40xx.o)
                0x00001db0                Chip_Clock_GetMainPLLOutClockRate
 .text.Chip_Clock_GetMainClockRate
                0x00001e04       0x28 C:\Users\acafa\Desktop\FACU\PROYECTO_TD3\lpc_chip_175x_6x\Debug\liblpc_chip_175x_6x.a(clock_17xx_40xx.o)
                0x00001e04                Chip_Clock_GetMainClockRate
 .text.Chip_Clock_GetSystemClockRate
                0x00001e2c       0x18 C:\Users\acafa\Desktop\FACU\PROYECTO_TD3\lpc_chip_175x_6x\Debug\liblpc_chip_175x_6x.a(clock_17xx_40xx.o)
                0x00001e2c                Chip_Clock_GetSystemClockRate
 .text.Chip_Clock_GetPeripheralClockRate
                0x00001e44       0x28 C:\Users\acafa\Desktop\FACU\PROYECTO_TD3\lpc_chip_175x_6x\Debug\liblpc_chip_175x_6x.a(clock_17xx_40xx.o)
                0x00001e44                Chip_Clock_GetPeripheralClockRate
 .text.enableClk
                0x00001e6c       0x30 C:\Users\acafa\Desktop\FACU\PROYECTO_TD3\lpc_chip_175x_6x\Debug\liblpc_chip_175x_6x.a(i2c_17xx_40xx.o)
 .text.disableClk
                0x00001e9c       0x30 C:\Users\acafa\Desktop\FACU\PROYECTO_TD3\lpc_chip_175x_6x\Debug\liblpc_chip_175x_6x.a(i2c_17xx_40xx.o)
 .text.getClkRate
                0x00001ecc       0x24 C:\Users\acafa\Desktop\FACU\PROYECTO_TD3\lpc_chip_175x_6x\Debug\liblpc_chip_175x_6x.a(i2c_17xx_40xx.o)
 .text.startMasterXfer
                0x00001ef0       0x20 C:\Users\acafa\Desktop\FACU\PROYECTO_TD3\lpc_chip_175x_6x\Debug\liblpc_chip_175x_6x.a(i2c_17xx_40xx.o)
 .text.startSlaverXfer
                0x00001f10       0x20 C:\Users\acafa\Desktop\FACU\PROYECTO_TD3\lpc_chip_175x_6x\Debug\liblpc_chip_175x_6x.a(i2c_17xx_40xx.o)
 .text.isI2CBusFree
                0x00001f30       0x24 C:\Users\acafa\Desktop\FACU\PROYECTO_TD3\lpc_chip_175x_6x\Debug\liblpc_chip_175x_6x.a(i2c_17xx_40xx.o)
 .text.getCurState
                0x00001f54       0x1c C:\Users\acafa\Desktop\FACU\PROYECTO_TD3\lpc_chip_175x_6x\Debug\liblpc_chip_175x_6x.a(i2c_17xx_40xx.o)
 .text.isMasterState
                0x00001f70       0x24 C:\Users\acafa\Desktop\FACU\PROYECTO_TD3\lpc_chip_175x_6x\Debug\liblpc_chip_175x_6x.a(i2c_17xx_40xx.o)
 .text.isSlaveAddrMatching
                0x00001f94       0x40 C:\Users\acafa\Desktop\FACU\PROYECTO_TD3\lpc_chip_175x_6x\Debug\liblpc_chip_175x_6x.a(i2c_17xx_40xx.o)
 .text.lookupSlaveIndex
                0x00001fd4       0x9c C:\Users\acafa\Desktop\FACU\PROYECTO_TD3\lpc_chip_175x_6x\Debug\liblpc_chip_175x_6x.a(i2c_17xx_40xx.o)
 .text.handleMasterXferState
                0x00002070      0x284 C:\Users\acafa\Desktop\FACU\PROYECTO_TD3\lpc_chip_175x_6x\Debug\liblpc_chip_175x_6x.a(i2c_17xx_40xx.o)
                0x00002070                handleMasterXferState
 .text.getSlaveIndex
                0x000022f4       0x4c C:\Users\acafa\Desktop\FACU\PROYECTO_TD3\lpc_chip_175x_6x\Debug\liblpc_chip_175x_6x.a(i2c_17xx_40xx.o)
                0x000022f4                getSlaveIndex
 .text.handleSlaveXferState
                0x00002340      0x2b8 C:\Users\acafa\Desktop\FACU\PROYECTO_TD3\lpc_chip_175x_6x\Debug\liblpc_chip_175x_6x.a(i2c_17xx_40xx.o)
                0x00002340                handleSlaveXferState
 .text.Chip_I2C_EventHandler
                0x000025f8       0x4c C:\Users\acafa\Desktop\FACU\PROYECTO_TD3\lpc_chip_175x_6x\Debug\liblpc_chip_175x_6x.a(i2c_17xx_40xx.o)
                0x000025f8                Chip_I2C_EventHandler
 .text.Chip_I2C_EventHandlerPolling
                0x00002644       0x60 C:\Users\acafa\Desktop\FACU\PROYECTO_TD3\lpc_chip_175x_6x\Debug\liblpc_chip_175x_6x.a(i2c_17xx_40xx.o)
                0x00002644                Chip_I2C_EventHandlerPolling
 .text.Chip_I2C_Init
                0x000026a4       0x34 C:\Users\acafa\Desktop\FACU\PROYECTO_TD3\lpc_chip_175x_6x\Debug\liblpc_chip_175x_6x.a(i2c_17xx_40xx.o)
                0x000026a4                Chip_I2C_Init
 .text.Chip_I2C_DeInit
                0x000026d8       0x34 C:\Users\acafa\Desktop\FACU\PROYECTO_TD3\lpc_chip_175x_6x\Debug\liblpc_chip_175x_6x.a(i2c_17xx_40xx.o)
                0x000026d8                Chip_I2C_DeInit
 .text.Chip_I2C_SetClockRate
                0x0000270c       0x68 C:\Users\acafa\Desktop\FACU\PROYECTO_TD3\lpc_chip_175x_6x\Debug\liblpc_chip_175x_6x.a(i2c_17xx_40xx.o)
                0x0000270c                Chip_I2C_SetClockRate
 .text.Chip_I2C_SetMasterEventHandler
                0x00002774       0x48 C:\Users\acafa\Desktop\FACU\PROYECTO_TD3\lpc_chip_175x_6x\Debug\liblpc_chip_175x_6x.a(i2c_17xx_40xx.o)
                0x00002774                Chip_I2C_SetMasterEventHandler
 .text.Chip_I2C_MasterTransfer
                0x000027bc       0x9c C:\Users\acafa\Desktop\FACU\PROYECTO_TD3\lpc_chip_175x_6x\Debug\liblpc_chip_175x_6x.a(i2c_17xx_40xx.o)
                0x000027bc                Chip_I2C_MasterTransfer
 .text.Chip_I2C_MasterSend
                0x00002858       0x58 C:\Users\acafa\Desktop\FACU\PROYECTO_TD3\lpc_chip_175x_6x\Debug\liblpc_chip_175x_6x.a(i2c_17xx_40xx.o)
                0x00002858                Chip_I2C_MasterSend
 .text.Chip_I2C_MasterRead
                0x000028b0       0x54 C:\Users\acafa\Desktop\FACU\PROYECTO_TD3\lpc_chip_175x_6x\Debug\liblpc_chip_175x_6x.a(i2c_17xx_40xx.o)
                0x000028b0                Chip_I2C_MasterRead
 .text.Chip_I2C_IsMasterActive
                0x00002904       0x30 C:\Users\acafa\Desktop\FACU\PROYECTO_TD3\lpc_chip_175x_6x\Debug\liblpc_chip_175x_6x.a(i2c_17xx_40xx.o)
                0x00002904                Chip_I2C_IsMasterActive
 .text.Chip_I2C_MasterStateHandler
                0x00002934       0x60 C:\Users\acafa\Desktop\FACU\PROYECTO_TD3\lpc_chip_175x_6x\Debug\liblpc_chip_175x_6x.a(i2c_17xx_40xx.o)
                0x00002934                Chip_I2C_MasterStateHandler
 .text.Chip_I2C_SlaveStateHandler
                0x00002994       0xc0 C:\Users\acafa\Desktop\FACU\PROYECTO_TD3\lpc_chip_175x_6x\Debug\liblpc_chip_175x_6x.a(i2c_17xx_40xx.o)
                0x00002994                Chip_I2C_SlaveStateHandler
 .text.Chip_I2C_IsStateChanged
                0x00002a54       0x38 C:\Users\acafa\Desktop\FACU\PROYECTO_TD3\lpc_chip_175x_6x\Debug\liblpc_chip_175x_6x.a(i2c_17xx_40xx.o)
                0x00002a54                Chip_I2C_IsStateChanged
 .text.Chip_IOCON_PinMuxSet
                0x00002a8c       0x38 C:\Users\acafa\Desktop\FACU\PROYECTO_TD3\lpc_chip_175x_6x\Debug\liblpc_chip_175x_6x.a(iocon_17xx_40xx.o)
                0x00002a8c                Chip_IOCON_PinMuxSet
 .text.Chip_IOCON_PinMux
                0x00002ac4       0x94 C:\Users\acafa\Desktop\FACU\PROYECTO_TD3\lpc_chip_175x_6x\Debug\liblpc_chip_175x_6x.a(iocon_17xx_40xx.o)
                0x00002ac4                Chip_IOCON_PinMux
 .text.Chip_IOCON_SetPinMuxing
                0x00002b58       0x64 C:\Users\acafa\Desktop\FACU\PROYECTO_TD3\lpc_chip_175x_6x\Debug\liblpc_chip_175x_6x.a(iocon_17xx_40xx.o)
                0x00002b58                Chip_IOCON_SetPinMuxing
 .text.Chip_Clock_IsMainPLLEnabled
                0x00002bbc       0x24 C:\Users\acafa\Desktop\FACU\PROYECTO_TD3\lpc_chip_175x_6x\Debug\liblpc_chip_175x_6x.a(sysinit_17xx_40xx.o)
 .text.Chip_Clock_IsMainPLLLocked
                0x00002be0       0x24 C:\Users\acafa\Desktop\FACU\PROYECTO_TD3\lpc_chip_175x_6x\Debug\liblpc_chip_175x_6x.a(sysinit_17xx_40xx.o)
 .text.Chip_Clock_IsMainPLLConnected
                0x00002c04       0x24 C:\Users\acafa\Desktop\FACU\PROYECTO_TD3\lpc_chip_175x_6x\Debug\liblpc_chip_175x_6x.a(sysinit_17xx_40xx.o)
 .text.Chip_Clock_EnableCrystal
                0x00002c28       0x20 C:\Users\acafa\Desktop\FACU\PROYECTO_TD3\lpc_chip_175x_6x\Debug\liblpc_chip_175x_6x.a(sysinit_17xx_40xx.o)
 .text.Chip_Clock_IsCrystalEnabled
                0x00002c48       0x24 C:\Users\acafa\Desktop\FACU\PROYECTO_TD3\lpc_chip_175x_6x\Debug\liblpc_chip_175x_6x.a(sysinit_17xx_40xx.o)
 .text.Chip_Clock_SetMainPLLSource
                0x00002c6c       0x20 C:\Users\acafa\Desktop\FACU\PROYECTO_TD3\lpc_chip_175x_6x\Debug\liblpc_chip_175x_6x.a(sysinit_17xx_40xx.o)
 .text.Chip_SetupXtalClocking
                0x00002c8c       0x90 C:\Users\acafa\Desktop\FACU\PROYECTO_TD3\lpc_chip_175x_6x\Debug\liblpc_chip_175x_6x.a(sysinit_17xx_40xx.o)
                0x00002c8c                Chip_SetupXtalClocking
 .text.Chip_UART_SetupFIFOS
                0x00002d1c       0x1c C:\Users\acafa\Desktop\FACU\PROYECTO_TD3\lpc_chip_175x_6x\Debug\liblpc_chip_175x_6x.a(uart_17xx_40xx.o)
 .text.Chip_UART_ConfigData
                0x00002d38       0x1c C:\Users\acafa\Desktop\FACU\PROYECTO_TD3\lpc_chip_175x_6x\Debug\liblpc_chip_175x_6x.a(uart_17xx_40xx.o)
 .text.Chip_UART_EnableDivisorAccess
                0x00002d54       0x20 C:\Users\acafa\Desktop\FACU\PROYECTO_TD3\lpc_chip_175x_6x\Debug\liblpc_chip_175x_6x.a(uart_17xx_40xx.o)
 .text.Chip_UART_DisableDivisorAccess
                0x00002d74       0x20 C:\Users\acafa\Desktop\FACU\PROYECTO_TD3\lpc_chip_175x_6x\Debug\liblpc_chip_175x_6x.a(uart_17xx_40xx.o)
 .text.Chip_UART_SetDivisorLatches
                0x00002d94       0x28 C:\Users\acafa\Desktop\FACU\PROYECTO_TD3\lpc_chip_175x_6x\Debug\liblpc_chip_175x_6x.a(uart_17xx_40xx.o)
 .text.Chip_UART_GetClockIndex
                0x00002dbc       0x50 C:\Users\acafa\Desktop\FACU\PROYECTO_TD3\lpc_chip_175x_6x\Debug\liblpc_chip_175x_6x.a(uart_17xx_40xx.o)
 .text.Chip_UART_GetClkIndex
                0x00002e0c       0x50 C:\Users\acafa\Desktop\FACU\PROYECTO_TD3\lpc_chip_175x_6x\Debug\liblpc_chip_175x_6x.a(uart_17xx_40xx.o)
 .text.Chip_UART_Init
                0x00002e5c       0x78 C:\Users\acafa\Desktop\FACU\PROYECTO_TD3\lpc_chip_175x_6x\Debug\liblpc_chip_175x_6x.a(uart_17xx_40xx.o)
                0x00002e5c                Chip_UART_Init
 .text.Chip_UART_TXEnable
                0x00002ed4       0x18 C:\Users\acafa\Desktop\FACU\PROYECTO_TD3\lpc_chip_175x_6x\Debug\liblpc_chip_175x_6x.a(uart_17xx_40xx.o)
                0x00002ed4                Chip_UART_TXEnable
 .text.Chip_UART_TXDisable
                0x00002eec       0x18 C:\Users\acafa\Desktop\FACU\PROYECTO_TD3\lpc_chip_175x_6x\Debug\liblpc_chip_175x_6x.a(uart_17xx_40xx.o)
                0x00002eec                Chip_UART_TXDisable
 .text.Chip_UART_SetBaud
                0x00002f04       0x64 C:\Users\acafa\Desktop\FACU\PROYECTO_TD3\lpc_chip_175x_6x\Debug\liblpc_chip_175x_6x.a(uart_17xx_40xx.o)
                0x00002f04                Chip_UART_SetBaud
 .text.xQueueCreateMutex
                0x00002f68       0x84 C:\Users\acafa\Desktop\FACU\PROYECTO_TD3\freertos\Debug\libfreertos.a(queue.o)
                0x00002f68                xQueueCreateMutex
 .text.xQueueGenericSend
                0x00002fec      0x110 C:\Users\acafa\Desktop\FACU\PROYECTO_TD3\freertos\Debug\libfreertos.a(queue.o)
                0x00002fec                xQueueGenericSend
 .text.xQueueGenericReceive
                0x000030fc      0x16c C:\Users\acafa\Desktop\FACU\PROYECTO_TD3\freertos\Debug\libfreertos.a(queue.o)
                0x000030fc                xQueueGenericReceive
 .text.prvCopyDataToQueue
                0x00003268       0xd0 C:\Users\acafa\Desktop\FACU\PROYECTO_TD3\freertos\Debug\libfreertos.a(queue.o)
 .text.prvCopyDataFromQueue
                0x00003338       0x4c C:\Users\acafa\Desktop\FACU\PROYECTO_TD3\freertos\Debug\libfreertos.a(queue.o)
 .text.prvUnlockQueue
                0x00003384       0x98 C:\Users\acafa\Desktop\FACU\PROYECTO_TD3\freertos\Debug\libfreertos.a(queue.o)
 .text.prvIsQueueEmpty
                0x0000341c       0x2c C:\Users\acafa\Desktop\FACU\PROYECTO_TD3\freertos\Debug\libfreertos.a(queue.o)
 .text.prvIsQueueFull
                0x00003448       0x30 C:\Users\acafa\Desktop\FACU\PROYECTO_TD3\freertos\Debug\libfreertos.a(queue.o)
 .text.xTaskGenericCreate
                0x00003478      0x140 C:\Users\acafa\Desktop\FACU\PROYECTO_TD3\freertos\Debug\libfreertos.a(tasks.o)
                0x00003478                xTaskGenericCreate
 .text.vTaskDelay
                0x000035b8       0x54 C:\Users\acafa\Desktop\FACU\PROYECTO_TD3\freertos\Debug\libfreertos.a(tasks.o)
                0x000035b8                vTaskDelay
 .text.xTaskIsTaskSuspended
                0x0000360c       0x58 C:\Users\acafa\Desktop\FACU\PROYECTO_TD3\freertos\Debug\libfreertos.a(tasks.o)
                0x0000360c                xTaskIsTaskSuspended
 .text.xTaskResumeFromISR
                0x00003664       0xa8 C:\Users\acafa\Desktop\FACU\PROYECTO_TD3\freertos\Debug\libfreertos.a(tasks.o)
                0x00003664                xTaskResumeFromISR
 .text.vTaskStartScheduler
                0x0000370c       0x58 C:\Users\acafa\Desktop\FACU\PROYECTO_TD3\freertos\Debug\libfreertos.a(tasks.o)
                0x0000370c                vTaskStartScheduler
 .text.vTaskSuspendAll
                0x00003764       0x1c C:\Users\acafa\Desktop\FACU\PROYECTO_TD3\freertos\Debug\libfreertos.a(tasks.o)
                0x00003764                vTaskSuspendAll
 .text.prvGetExpectedIdleTime
                0x00003780       0x4c C:\Users\acafa\Desktop\FACU\PROYECTO_TD3\freertos\Debug\libfreertos.a(tasks.o)
 .text.xTaskResumeAll
                0x000037cc       0xfc C:\Users\acafa\Desktop\FACU\PROYECTO_TD3\freertos\Debug\libfreertos.a(tasks.o)
                0x000037cc                xTaskResumeAll
 .text.vTaskStepTick
                0x000038c8       0x24 C:\Users\acafa\Desktop\FACU\PROYECTO_TD3\freertos\Debug\libfreertos.a(tasks.o)
                0x000038c8                vTaskStepTick
 .text.xTaskIncrementTick
                0x000038ec      0x18c C:\Users\acafa\Desktop\FACU\PROYECTO_TD3\freertos\Debug\libfreertos.a(tasks.o)
                0x000038ec                xTaskIncrementTick
 .text.vTaskSwitchContext
                0x00003a78       0x98 C:\Users\acafa\Desktop\FACU\PROYECTO_TD3\freertos\Debug\libfreertos.a(tasks.o)
                0x00003a78                vTaskSwitchContext
 .text.vTaskPlaceOnEventList
                0x00003b10       0x60 C:\Users\acafa\Desktop\FACU\PROYECTO_TD3\freertos\Debug\libfreertos.a(tasks.o)
                0x00003b10                vTaskPlaceOnEventList
 .text.xTaskRemoveFromEventList
                0x00003b70       0xac C:\Users\acafa\Desktop\FACU\PROYECTO_TD3\freertos\Debug\libfreertos.a(tasks.o)
                0x00003b70                xTaskRemoveFromEventList
 .text.vTaskSetTimeOutState
                0x00003c1c       0x2c C:\Users\acafa\Desktop\FACU\PROYECTO_TD3\freertos\Debug\libfreertos.a(tasks.o)
                0x00003c1c                vTaskSetTimeOutState
 .text.xTaskCheckForTimeOut
                0x00003c48       0x88 C:\Users\acafa\Desktop\FACU\PROYECTO_TD3\freertos\Debug\libfreertos.a(tasks.o)
                0x00003c48                xTaskCheckForTimeOut
 .text.vTaskMissedYield
                0x00003cd0       0x18 C:\Users\acafa\Desktop\FACU\PROYECTO_TD3\freertos\Debug\libfreertos.a(tasks.o)
                0x00003cd0                vTaskMissedYield
 .text.prvIdleTask
                0x00003ce8       0x48 C:\Users\acafa\Desktop\FACU\PROYECTO_TD3\freertos\Debug\libfreertos.a(tasks.o)
 .text.eTaskConfirmSleepModeStatus
                0x00003d30       0x5c C:\Users\acafa\Desktop\FACU\PROYECTO_TD3\freertos\Debug\libfreertos.a(tasks.o)
                0x00003d30                eTaskConfirmSleepModeStatus
 .text.prvInitialiseTCBVariables
                0x00003d8c       0x98 C:\Users\acafa\Desktop\FACU\PROYECTO_TD3\freertos\Debug\libfreertos.a(tasks.o)
 .text.prvInitialiseTaskLists
                0x00003e24       0x80 C:\Users\acafa\Desktop\FACU\PROYECTO_TD3\freertos\Debug\libfreertos.a(tasks.o)
 .text.prvCheckTasksWaitingTermination
                0x00003ea4       0x78 C:\Users\acafa\Desktop\FACU\PROYECTO_TD3\freertos\Debug\libfreertos.a(tasks.o)
 .text.prvAddCurrentTaskToDelayedList
                0x00003f1c       0x6c C:\Users\acafa\Desktop\FACU\PROYECTO_TD3\freertos\Debug\libfreertos.a(tasks.o)
 .text.prvAllocateTCBAndStack
                0x00003f88       0x64 C:\Users\acafa\Desktop\FACU\PROYECTO_TD3\freertos\Debug\libfreertos.a(tasks.o)
 .text.prvDeleteTCB
                0x00003fec       0x20 C:\Users\acafa\Desktop\FACU\PROYECTO_TD3\freertos\Debug\libfreertos.a(tasks.o)
 .text.xTaskGetCurrentTaskHandle
                0x0000400c       0x1c C:\Users\acafa\Desktop\FACU\PROYECTO_TD3\freertos\Debug\libfreertos.a(tasks.o)
                0x0000400c                xTaskGetCurrentTaskHandle
 .text.vTaskPriorityInherit
                0x00004028       0xb4 C:\Users\acafa\Desktop\FACU\PROYECTO_TD3\freertos\Debug\libfreertos.a(tasks.o)
                0x00004028                vTaskPriorityInherit
 .text.vTaskPriorityDisinherit
                0x000040dc       0x7c C:\Users\acafa\Desktop\FACU\PROYECTO_TD3\freertos\Debug\libfreertos.a(tasks.o)
                0x000040dc                vTaskPriorityDisinherit
 .text.vApplicationIdleHook
                0x00004158       0x10 C:\Users\acafa\Desktop\FACU\PROYECTO_TD3\freertos\Debug\libfreertos.a(FreeRTOSCommonHooks.o)
                0x00004158                vApplicationIdleHook
 .text.pvPortMalloc
                0x00004168       0x24 C:\Users\acafa\Desktop\FACU\PROYECTO_TD3\freertos\Debug\libfreertos.a(heap_3.o)
                0x00004168                pvPortMalloc
 .text.vPortFree
                0x0000418c       0x24 C:\Users\acafa\Desktop\FACU\PROYECTO_TD3\freertos\Debug\libfreertos.a(heap_3.o)
                0x0000418c                vPortFree
 .text.vListInitialise
                0x000041b0       0x40 C:\Users\acafa\Desktop\FACU\PROYECTO_TD3\freertos\Debug\libfreertos.a(list.o)
                0x000041b0                vListInitialise
 .text.vListInitialiseItem
                0x000041f0       0x18 C:\Users\acafa\Desktop\FACU\PROYECTO_TD3\freertos\Debug\libfreertos.a(list.o)
                0x000041f0                vListInitialiseItem
 .text.vListInsertEnd
                0x00004208       0x48 C:\Users\acafa\Desktop\FACU\PROYECTO_TD3\freertos\Debug\libfreertos.a(list.o)
                0x00004208                vListInsertEnd
 .text.vListInsert
                0x00004250       0x70 C:\Users\acafa\Desktop\FACU\PROYECTO_TD3\freertos\Debug\libfreertos.a(list.o)
                0x00004250                vListInsert
 .text.uxListRemove
                0x000042c0       0x54 C:\Users\acafa\Desktop\FACU\PROYECTO_TD3\freertos\Debug\libfreertos.a(list.o)
                0x000042c0                uxListRemove
 .text.pxPortInitialiseStack
                0x00004314       0x54 C:\Users\acafa\Desktop\FACU\PROYECTO_TD3\freertos\Debug\libfreertos.a(port.o)
                0x00004314                pxPortInitialiseStack
 .text.prvTaskExitError
                0x00004368        0xc C:\Users\acafa\Desktop\FACU\PROYECTO_TD3\freertos\Debug\libfreertos.a(port.o)
 .text.SVC_Handler
                0x00004374       0x24 C:\Users\acafa\Desktop\FACU\PROYECTO_TD3\freertos\Debug\libfreertos.a(port.o)
                0x00004374                SVC_Handler
 .text.prvPortStartFirstTask
                0x00004398       0x18 C:\Users\acafa\Desktop\FACU\PROYECTO_TD3\freertos\Debug\libfreertos.a(port.o)
 .text.xPortStartScheduler
                0x000043b0       0x38 C:\Users\acafa\Desktop\FACU\PROYECTO_TD3\freertos\Debug\libfreertos.a(port.o)
                0x000043b0                xPortStartScheduler
 .text.vPortYield
                0x000043e8       0x20 C:\Users\acafa\Desktop\FACU\PROYECTO_TD3\freertos\Debug\libfreertos.a(port.o)
                0x000043e8                vPortYield
 .text.vPortEnterCritical
                0x00004408       0x24 C:\Users\acafa\Desktop\FACU\PROYECTO_TD3\freertos\Debug\libfreertos.a(port.o)
                0x00004408                vPortEnterCritical
 .text.vPortExitCritical
                0x0000442c       0x24 C:\Users\acafa\Desktop\FACU\PROYECTO_TD3\freertos\Debug\libfreertos.a(port.o)
                0x0000442c                vPortExitCritical
 .text.ulPortSetInterruptMask
                0x00004450       0x14 C:\Users\acafa\Desktop\FACU\PROYECTO_TD3\freertos\Debug\libfreertos.a(port.o)
                0x00004450                ulPortSetInterruptMask
 .text.vPortClearInterruptMask
                0x00004464        0x8 C:\Users\acafa\Desktop\FACU\PROYECTO_TD3\freertos\Debug\libfreertos.a(port.o)
                0x00004464                vPortClearInterruptMask
 .text.PendSV_Handler
                0x0000446c       0x40 C:\Users\acafa\Desktop\FACU\PROYECTO_TD3\freertos\Debug\libfreertos.a(port.o)
                0x0000446c                PendSV_Handler
 .text.SysTick_Handler
                0x000044ac       0x28 C:\Users\acafa\Desktop\FACU\PROYECTO_TD3\freertos\Debug\libfreertos.a(port.o)
                0x000044ac                SysTick_Handler
 .text.vPortSuppressTicksAndSleep
                0x000044d4      0x15c C:\Users\acafa\Desktop\FACU\PROYECTO_TD3\freertos\Debug\libfreertos.a(port.o)
                0x000044d4                vPortSuppressTicksAndSleep
 .text.vPortSetupTimerInterrupt
                0x00004630       0x78 C:\Users\acafa\Desktop\FACU\PROYECTO_TD3\freertos\Debug\libfreertos.a(port.o)
                0x00004630                vPortSetupTimerInterrupt
 .text.__main   0x000046a8       0x14 d:/nxp2/lpcxpresso_8.2.0_647/lpcxpresso/tools/bin/../lib/gcc/arm-none-eabi/5.3.1/../../../../arm-none-eabi/lib/armv7-m\libcr_nohost.a(_cr__main.o)
                0x000046a8                __main
 .text.atan2f   0x000046bc       0xb0 d:/nxp2/lpcxpresso_8.2.0_647/lpcxpresso/tools/bin/../lib/gcc/arm-none-eabi/5.3.1/../../../../arm-none-eabi/lib/armv7-m\libcr_c.a(atan2f.o)
                0x000046bc                atan2f
 .text.atanf    0x0000476c      0x110 d:/nxp2/lpcxpresso_8.2.0_647/lpcxpresso/tools/bin/../lib/gcc/arm-none-eabi/5.3.1/../../../../arm-none-eabi/lib/armv7-m\libcr_c.a(atanf.o)
                0x0000476c                atanf
 .text.fabsf    0x0000487c       0x16 d:/nxp2/lpcxpresso_8.2.0_647/lpcxpresso/tools/bin/../lib/gcc/arm-none-eabi/5.3.1/../../../../arm-none-eabi/lib/armv7-m\libcr_c.a(fabsf.o)
                0x0000487c                fabsf
 .text.memcpy   0x00004892        0x4 d:/nxp2/lpcxpresso_8.2.0_647/lpcxpresso/tools/bin/../lib/gcc/arm-none-eabi/5.3.1/../../../../arm-none-eabi/lib/armv7-m\libcr_c.a(memcpy.o)
                0x00004892                memcpy
 .text.memset   0x00004896        0x4 d:/nxp2/lpcxpresso_8.2.0_647/lpcxpresso/tools/bin/../lib/gcc/arm-none-eabi/5.3.1/../../../../arm-none-eabi/lib/armv7-m\libcr_c.a(memset.o)
                0x00004896                memset
 *fill*         0x0000489a        0x2 ff
 .text.malloc   0x0000489c       0xc8 d:/nxp2/lpcxpresso_8.2.0_647/lpcxpresso/tools/bin/../lib/gcc/arm-none-eabi/5.3.1/../../../../arm-none-eabi/lib/armv7-m\libcr_c.a(alloc.o)
                0x0000489c                malloc
 .text.free     0x00004964       0x30 d:/nxp2/lpcxpresso_8.2.0_647/lpcxpresso/tools/bin/../lib/gcc/arm-none-eabi/5.3.1/../../../../arm-none-eabi/lib/armv7-m\libcr_c.a(alloc.o)
                0x00004964                free
 .text._Csys_alloc
                0x00004994       0x20 d:/nxp2/lpcxpresso_8.2.0_647/lpcxpresso/tools/bin/../lib/gcc/arm-none-eabi/5.3.1/../../../../arm-none-eabi/lib/armv7-m\libcr_c.a(alloc.o)
                0x00004994                _Csys_alloc
 .text.fabs     0x000049b4       0x1e d:/nxp2/lpcxpresso_8.2.0_647/lpcxpresso/tools/bin/../lib/gcc/arm-none-eabi/5.3.1/../../../../arm-none-eabi/lib/armv7-m\libcr_c.a(fabs.o)
                0x000049b4                fabs
 .text.fp_round
                0x000049d2       0x4c d:/nxp2/lpcxpresso_8.2.0_647/lpcxpresso/tools/bin/../lib/gcc/arm-none-eabi/5.3.1/../../../../arm-none-eabi/lib/armv7-m\libcr_c.a(fpprintf.o)
 .text.pr_dec.constprop.1
                0x00004a1e       0x26 d:/nxp2/lpcxpresso_8.2.0_647/lpcxpresso/tools/bin/../lib/gcc/arm-none-eabi/5.3.1/../../../../arm-none-eabi/lib/armv7-m\libcr_c.a(fpprintf.o)
 .text.sprintf  0x00004a44       0x6c d:/nxp2/lpcxpresso_8.2.0_647/lpcxpresso/tools/bin/../lib/gcc/arm-none-eabi/5.3.1/../../../../arm-none-eabi/lib/armv7-m\libcr_c.a(fpprintf.o)
                0x00004a44                sprintf
 .text.fp_display
                0x00004ab0      0x8ec d:/nxp2/lpcxpresso_8.2.0_647/lpcxpresso/tools/bin/../lib/gcc/arm-none-eabi/5.3.1/../../../../arm-none-eabi/lib/armv7-m\libcr_c.a(fpprintf.o)
 .text.vsnprintf
                0x0000539c       0x5c d:/nxp2/lpcxpresso_8.2.0_647/lpcxpresso/tools/bin/../lib/gcc/arm-none-eabi/5.3.1/../../../../arm-none-eabi/lib/armv7-m\libcr_c.a(fpprintf.o)
                0x0000539c                vsnprintf
 .text.printf   0x000053f8       0x54 d:/nxp2/lpcxpresso_8.2.0_647/lpcxpresso/tools/bin/../lib/gcc/arm-none-eabi/5.3.1/../../../../arm-none-eabi/lib/armv7-m\libcr_c.a(fpprintf.o)
                0x000053f8                printf
 .text._initio  0x0000544c       0xa4 d:/nxp2/lpcxpresso_8.2.0_647/lpcxpresso/tools/bin/../lib/gcc/arm-none-eabi/5.3.1/../../../../arm-none-eabi/lib/armv7-m\libcr_c.a(initio.o)
                0x0000544c                _initio
 .text.__vfprintf
                0x000054f0      0xd28 d:/nxp2/lpcxpresso_8.2.0_647/lpcxpresso/tools/bin/../lib/gcc/arm-none-eabi/5.3.1/../../../../arm-none-eabi/lib/armv7-m\libcr_c.a(printf.o)
                0x000054f0                __vfprintf
 .text.setvbuf  0x00006218       0x40 d:/nxp2/lpcxpresso_8.2.0_647/lpcxpresso/tools/bin/../lib/gcc/arm-none-eabi/5.3.1/../../../../arm-none-eabi/lib/armv7-m\libcr_c.a(setvbuf.o)
                0x00006218                setvbuf
 .text.strlen   0x00006258       0x4a d:/nxp2/lpcxpresso_8.2.0_647/lpcxpresso/tools/bin/../lib/gcc/arm-none-eabi/5.3.1/../../../../arm-none-eabi/lib/armv7-m\libcr_c.a(strlen.o)
                0x00006258                strlen
 *fill*         0x000062a2        0x2 ff
 .text._sbrk    0x000062a4       0x40 d:/nxp2/lpcxpresso_8.2.0_647/lpcxpresso/tools/bin/../lib/gcc/arm-none-eabi/5.3.1/../../../../arm-none-eabi/lib/armv7-m\libcr_c.a(_cr_sbrk.o)
                0x000062a4                _sbrk
 .text._deferredlazyseek
                0x000062e4       0x44 d:/nxp2/lpcxpresso_8.2.0_647/lpcxpresso/tools/bin/../lib/gcc/arm-none-eabi/5.3.1/../../../../arm-none-eabi/lib/armv7-m\libcr_c.a(_deferredlazyseek.o)
                0x000062e4                _deferredlazyseek
 .text.__flsbuf
                0x00006328      0x140 d:/nxp2/lpcxpresso_8.2.0_647/lpcxpresso/tools/bin/../lib/gcc/arm-none-eabi/5.3.1/../../../../arm-none-eabi/lib/armv7-m\libcr_c.a(_deferredlazyseek.o)
                0x00006328                __flsbuf
 .text._fdopen  0x00006468       0x6a d:/nxp2/lpcxpresso_8.2.0_647/lpcxpresso/tools/bin/../lib/gcc/arm-none-eabi/5.3.1/../../../../arm-none-eabi/lib/armv7-m\libcr_c.a(_fdopen.o)
                0x00006468                _fdopen
 .text._fflush  0x000064d2       0x58 d:/nxp2/lpcxpresso_8.2.0_647/lpcxpresso/tools/bin/../lib/gcc/arm-none-eabi/5.3.1/../../../../arm-none-eabi/lib/armv7-m\libcr_c.a(_fflush.o)
                0x000064d2                _fflush
 .text._frexpl  0x0000652a       0x5a d:/nxp2/lpcxpresso_8.2.0_647/lpcxpresso/tools/bin/../lib/gcc/arm-none-eabi/5.3.1/../../../../arm-none-eabi/lib/armv7-m\libcr_c.a(_frexpl.o)
                0x0000652a                _frexpl
 .text._ldexpl  0x00006584       0x4c d:/nxp2/lpcxpresso_8.2.0_647/lpcxpresso/tools/bin/../lib/gcc/arm-none-eabi/5.3.1/../../../../arm-none-eabi/lib/armv7-m\libcr_c.a(_ldexpl.o)
                0x00006584                _ldexpl
 .text._Cwritebuf
                0x000065d0       0x68 d:/nxp2/lpcxpresso_8.2.0_647/lpcxpresso/tools/bin/../lib/gcc/arm-none-eabi/5.3.1/../../../../arm-none-eabi/lib/armv7-m\libcr_c.a(_writebuf.o)
                0x000065d0                _Cwritebuf
 .text.fclose   0x00006638       0x6c d:/nxp2/lpcxpresso_8.2.0_647/lpcxpresso/tools/bin/../lib/gcc/arm-none-eabi/5.3.1/../../../../arm-none-eabi/lib/armv7-m\libcr_c.a(fclose.o)
                0x00006638                fclose
 .text.fflush   0x000066a4       0x30 d:/nxp2/lpcxpresso_8.2.0_647/lpcxpresso/tools/bin/../lib/gcc/arm-none-eabi/5.3.1/../../../../arm-none-eabi/lib/armv7-m\libcr_c.a(fflush.o)
                0x000066a4                fflush
 .text.fseek    0x000066d4      0x110 d:/nxp2/lpcxpresso_8.2.0_647/lpcxpresso/tools/bin/../lib/gcc/arm-none-eabi/5.3.1/../../../../arm-none-eabi/lib/armv7-m\libcr_c.a(fseek.o)
                0x000066d4                fseek
 .text.ftell    0x000067e4       0x4c d:/nxp2/lpcxpresso_8.2.0_647/lpcxpresso/tools/bin/../lib/gcc/arm-none-eabi/5.3.1/../../../../arm-none-eabi/lib/armv7-m\libcr_c.a(ftell.o)
                0x000067e4                ftell
 .text.remove   0x00006830       0x14 d:/nxp2/lpcxpresso_8.2.0_647/lpcxpresso/tools/bin/../lib/gcc/arm-none-eabi/5.3.1/../../../../arm-none-eabi/lib/armv7-m\libcr_c.a(remove.o)
                0x00006830                remove
 .text.__check_heap_overflow
                0x00006844       0x18 d:/nxp2/lpcxpresso_8.2.0_647/lpcxpresso/tools/bin/../lib/gcc/arm-none-eabi/5.3.1/../../../../arm-none-eabi/lib/armv7-m\libcr_c.a(_cr_check_heap.o)
                0x00006844                __check_heap_overflow
 .text._do_fflush
                0x0000685c       0x44 d:/nxp2/lpcxpresso_8.2.0_647/lpcxpresso/tools/bin/../lib/gcc/arm-none-eabi/5.3.1/../../../../arm-none-eabi/lib/armv7-m\libcr_c.a(_do_fflush.o)
                0x0000685c                _do_fflush
 .text.__aeabi_dmul
                0x000068a0      0x110 d:/nxp2/lpcxpresso_8.2.0_647/lpcxpresso/tools/bin/../lib/gcc/arm-none-eabi/5.3.1/armv7-m\libcr_eabihelpers.a(double.o)
                0x000068a0                __aeabi_dmul
 .text.__aeabi_ddiv
                0x000069b0      0x138 d:/nxp2/lpcxpresso_8.2.0_647/lpcxpresso/tools/bin/../lib/gcc/arm-none-eabi/5.3.1/armv7-m\libcr_eabihelpers.a(double.o)
                0x000069b0                __aeabi_ddiv
 .text.__aeabi_dsub
                0x00006ae8      0x1a0 d:/nxp2/lpcxpresso_8.2.0_647/lpcxpresso/tools/bin/../lib/gcc/arm-none-eabi/5.3.1/armv7-m\libcr_eabihelpers.a(double.o)
                0x00006ae8                __aeabi_dsub
 .text.__aeabi_dadd
                0x00006c88      0x10c d:/nxp2/lpcxpresso_8.2.0_647/lpcxpresso/tools/bin/../lib/gcc/arm-none-eabi/5.3.1/armv7-m\libcr_eabihelpers.a(double.o)
                0x00006c88                __aeabi_dadd
 .text.__aeabi_d2f
                0x00006d94       0x54 d:/nxp2/lpcxpresso_8.2.0_647/lpcxpresso/tools/bin/../lib/gcc/arm-none-eabi/5.3.1/armv7-m\libcr_eabihelpers.a(double.o)
                0x00006d94                __aeabi_d2f
 .text.__aeabi_d2iz
                0x00006de8       0x40 d:/nxp2/lpcxpresso_8.2.0_647/lpcxpresso/tools/bin/../lib/gcc/arm-none-eabi/5.3.1/armv7-m\libcr_eabihelpers.a(double.o)
                0x00006de8                __aeabi_d2iz
 .text.__bhs_ui2d
                0x00006e28       0x46 d:/nxp2/lpcxpresso_8.2.0_647/lpcxpresso/tools/bin/../lib/gcc/arm-none-eabi/5.3.1/armv7-m\libcr_eabihelpers.a(double.o)
                0x00006e28                __bhs_ui2d
 .text.__aeabi_i2d
                0x00006e6e       0x10 d:/nxp2/lpcxpresso_8.2.0_647/lpcxpresso/tools/bin/../lib/gcc/arm-none-eabi/5.3.1/armv7-m\libcr_eabihelpers.a(double.o)
                0x00006e6e                __aeabi_i2d
 .text.__aeabi_dcmpeq
                0x00006e7e       0x2c d:/nxp2/lpcxpresso_8.2.0_647/lpcxpresso/tools/bin/../lib/gcc/arm-none-eabi/5.3.1/armv7-m\libcr_eabihelpers.a(double.o)
                0x00006e7e                __aeabi_dcmpeq
 .text.__aeabi_dcmplt
                0x00006eaa       0x54 d:/nxp2/lpcxpresso_8.2.0_647/lpcxpresso/tools/bin/../lib/gcc/arm-none-eabi/5.3.1/armv7-m\libcr_eabihelpers.a(double.o)
                0x00006eaa                __aeabi_dcmplt
 .text.__aeabi_dcmpgt
                0x00006efe       0x54 d:/nxp2/lpcxpresso_8.2.0_647/lpcxpresso/tools/bin/../lib/gcc/arm-none-eabi/5.3.1/armv7-m\libcr_eabihelpers.a(double.o)
                0x00006efe                __aeabi_dcmpgt
 .text.__aeabi_dcmple
                0x00006f52       0x54 d:/nxp2/lpcxpresso_8.2.0_647/lpcxpresso/tools/bin/../lib/gcc/arm-none-eabi/5.3.1/armv7-m\libcr_eabihelpers.a(double.o)
                0x00006f52                __aeabi_dcmple
 .text.__aeabi_dcmpge
                0x00006fa6       0x54 d:/nxp2/lpcxpresso_8.2.0_647/lpcxpresso/tools/bin/../lib/gcc/arm-none-eabi/5.3.1/armv7-m\libcr_eabihelpers.a(double.o)
                0x00006fa6                __aeabi_dcmpge
 *fill*         0x00006ffa        0x2 ff
 .text.__aeabi_fmul
                0x00006ffc       0xb0 d:/nxp2/lpcxpresso_8.2.0_647/lpcxpresso/tools/bin/../lib/gcc/arm-none-eabi/5.3.1/armv7-m\libcr_eabihelpers.a(float.o)
                0x00006ffc                __aeabi_fmul
 .text.__aeabi_fdiv
                0x000070ac       0xc0 d:/nxp2/lpcxpresso_8.2.0_647/lpcxpresso/tools/bin/../lib/gcc/arm-none-eabi/5.3.1/armv7-m\libcr_eabihelpers.a(float.o)
                0x000070ac                __aeabi_fdiv
 .text.__aeabi_fsub
                0x0000716c       0xe0 d:/nxp2/lpcxpresso_8.2.0_647/lpcxpresso/tools/bin/../lib/gcc/arm-none-eabi/5.3.1/armv7-m\libcr_eabihelpers.a(float.o)
                0x0000716c                __aeabi_fsub
 .text.__aeabi_fadd
                0x0000724c       0xac d:/nxp2/lpcxpresso_8.2.0_647/lpcxpresso/tools/bin/../lib/gcc/arm-none-eabi/5.3.1/armv7-m\libcr_eabihelpers.a(float.o)
                0x0000724c                __aeabi_fadd
 .text.__aeabi_f2iz
                0x000072f8       0x32 d:/nxp2/lpcxpresso_8.2.0_647/lpcxpresso/tools/bin/../lib/gcc/arm-none-eabi/5.3.1/armv7-m\libcr_eabihelpers.a(float.o)
                0x000072f8                __aeabi_f2iz
 .text.__bhs_ui2f
                0x0000732a       0x26 d:/nxp2/lpcxpresso_8.2.0_647/lpcxpresso/tools/bin/../lib/gcc/arm-none-eabi/5.3.1/armv7-m\libcr_eabihelpers.a(float.o)
                0x0000732a                __bhs_ui2f
 .text.__aeabi_i2f
                0x00007350       0x10 d:/nxp2/lpcxpresso_8.2.0_647/lpcxpresso/tools/bin/../lib/gcc/arm-none-eabi/5.3.1/armv7-m\libcr_eabihelpers.a(float.o)
                0x00007350                __aeabi_i2f
 .text.__aeabi_f2d
                0x00007360       0x38 d:/nxp2/lpcxpresso_8.2.0_647/lpcxpresso/tools/bin/../lib/gcc/arm-none-eabi/5.3.1/armv7-m\libcr_eabihelpers.a(float.o)
                0x00007360                __aeabi_f2d
 .text.__aeabi_fcmpeq
                0x00007398       0x1e d:/nxp2/lpcxpresso_8.2.0_647/lpcxpresso/tools/bin/../lib/gcc/arm-none-eabi/5.3.1/armv7-m\libcr_eabihelpers.a(float.o)
                0x00007398                __aeabi_fcmpeq
 .text.__aeabi_fcmplt
                0x000073b6       0x3a d:/nxp2/lpcxpresso_8.2.0_647/lpcxpresso/tools/bin/../lib/gcc/arm-none-eabi/5.3.1/armv7-m\libcr_eabihelpers.a(float.o)
                0x000073b6                __aeabi_fcmplt
 .text.__aeabi_fcmpgt
                0x000073f0       0x3a d:/nxp2/lpcxpresso_8.2.0_647/lpcxpresso/tools/bin/../lib/gcc/arm-none-eabi/5.3.1/armv7-m\libcr_eabihelpers.a(float.o)
                0x000073f0                __aeabi_fcmpgt
 .text.__aeabi_memcpy
                0x0000742a       0x34 d:/nxp2/lpcxpresso_8.2.0_647/lpcxpresso/tools/bin/../lib/gcc/arm-none-eabi/5.3.1/armv7-m\libcr_eabihelpers.a(memcpy.o)
                0x0000742a                __aeabi_memcpy
                0x00007434                __aeabi_memcpy8
                0x00007434                __aeabi_memcpy4
 .text.__aeabi_memset_lowlevel
                0x0000745e       0x32 d:/nxp2/lpcxpresso_8.2.0_647/lpcxpresso/tools/bin/../lib/gcc/arm-none-eabi/5.3.1/armv7-m\libcr_eabihelpers.a(memcpy.o)
                0x0000745e                __aeabi_lowlevel_memset
 .text.__sys_appexit
                0x00007490        0x2 d:/nxp2/lpcxpresso_8.2.0_647/lpcxpresso/tools/bin/../lib/gcc/arm-none-eabi/5.3.1/../../../../arm-none-eabi/lib/armv7-m\libcr_nohost.a(__sys_appexit.o)
                0x00007490                __sys_appexit
                0x00007490                __exit
 .text.__sys_close
                0x00007492        0x6 d:/nxp2/lpcxpresso_8.2.0_647/lpcxpresso/tools/bin/../lib/gcc/arm-none-eabi/5.3.1/../../../../arm-none-eabi/lib/armv7-m\libcr_nohost.a(__sys_close.o)
                0x00007492                __sys_close
 .text.__sys_flen
                0x00007498        0x6 d:/nxp2/lpcxpresso_8.2.0_647/lpcxpresso/tools/bin/../lib/gcc/arm-none-eabi/5.3.1/../../../../arm-none-eabi/lib/armv7-m\libcr_nohost.a(__sys_flen.o)
                0x00007498                __sys_flen
 .text.__sys_istty
                0x0000749e        0x6 d:/nxp2/lpcxpresso_8.2.0_647/lpcxpresso/tools/bin/../lib/gcc/arm-none-eabi/5.3.1/../../../../arm-none-eabi/lib/armv7-m\libcr_nohost.a(__sys_istty.o)
                0x0000749e                __sys_istty
 .text.__sys_remove
                0x000074a4        0x6 d:/nxp2/lpcxpresso_8.2.0_647/lpcxpresso/tools/bin/../lib/gcc/arm-none-eabi/5.3.1/../../../../arm-none-eabi/lib/armv7-m\libcr_nohost.a(__sys_remove.o)
                0x000074a4                __sys_remove
 .text.__sys_seek
                0x000074aa        0x6 d:/nxp2/lpcxpresso_8.2.0_647/lpcxpresso/tools/bin/../lib/gcc/arm-none-eabi/5.3.1/../../../../arm-none-eabi/lib/armv7-m\libcr_nohost.a(__sys_seek.o)
                0x000074aa                __sys_seek
 .text.__sys_tmpnam
                0x000074b0        0x6 d:/nxp2/lpcxpresso_8.2.0_647/lpcxpresso/tools/bin/../lib/gcc/arm-none-eabi/5.3.1/../../../../arm-none-eabi/lib/armv7-m\libcr_nohost.a(__sys_tmpnam.o)
                0x000074b0                __sys_tmpnam
 *(.rodata .rodata.* .constdata .constdata.*)
 *fill*         0x000074b6        0x2 ff
 .rodata        0x000074b8      0x129 ./src/GPIO.o
 *fill*         0x000075e1        0x3 ff
 .rodata        0x000075e4       0x15 ./src/display.o
 *fill*         0x000075f9        0x3 ff
 .rodata.OscRateIn
                0x000075fc        0x4 C:\Users\acafa\Desktop\FACU\PROYECTO_TD3\lpc_board_nxp_lpcxpresso_1769\Debug\liblpc_board_nxp_lpcxpresso_1769.a(board.o)
                0x000075fc                OscRateIn
 .rodata.RTCOscRateIn
                0x00007600        0x4 C:\Users\acafa\Desktop\FACU\PROYECTO_TD3\lpc_board_nxp_lpcxpresso_1769\Debug\liblpc_board_nxp_lpcxpresso_1769.a(board.o)
                0x00007600                RTCOscRateIn
 .rodata.pinmuxing
                0x00007604       0x5c C:\Users\acafa\Desktop\FACU\PROYECTO_TD3\lpc_board_nxp_lpcxpresso_1769\Debug\liblpc_board_nxp_lpcxpresso_1769.a(board_sysinit.o)
 .rodata.I2C_PeriphClk
                0x00007660        0x3 C:\Users\acafa\Desktop\FACU\PROYECTO_TD3\lpc_chip_175x_6x\Debug\liblpc_chip_175x_6x.a(i2c_17xx_40xx.o)
 *fill*         0x00007663        0x1 ff
 .rodata        0x00007664        0x5 C:\Users\acafa\Desktop\FACU\PROYECTO_TD3\freertos\Debug\libfreertos.a(tasks.o)
 *fill*         0x00007669        0x3 ff
 .rodata.a.3983
                0x0000766c       0x10 d:/nxp2/lpcxpresso_8.2.0_647/lpcxpresso/tools/bin/../lib/gcc/arm-none-eabi/5.3.1/../../../../arm-none-eabi/lib/armv7-m\libcr_c.a(atanf.o)
 .rodata.str1.1
                0x0000767c       0x18 d:/nxp2/lpcxpresso_8.2.0_647/lpcxpresso/tools/bin/../lib/gcc/arm-none-eabi/5.3.1/../../../../arm-none-eabi/lib/armv7-m\libcr_c.a(alloc.o)
 .rodata.str1.1
                0x00007694       0x34 d:/nxp2/lpcxpresso_8.2.0_647/lpcxpresso/tools/bin/../lib/gcc/arm-none-eabi/5.3.1/../../../../arm-none-eabi/lib/armv7-m\libcr_c.a(fpprintf.o)
                                 0x35 (size before relaxing)
 .rodata.str1.1
                0x000076c8        0x4 d:/nxp2/lpcxpresso_8.2.0_647/lpcxpresso/tools/bin/../lib/gcc/arm-none-eabi/5.3.1/../../../../arm-none-eabi/lib/armv7-m\libcr_c.a(initio.o)
 .rodata.str1.1
                0x000076cc       0x31 d:/nxp2/lpcxpresso_8.2.0_647/lpcxpresso/tools/bin/../lib/gcc/arm-none-eabi/5.3.1/../../../../arm-none-eabi/lib/armv7-m\libcr_c.a(printf.o)
                                 0x38 (size before relaxing)
 *fill*         0x000076fd        0x3 ff
 .rodata.__huge_vall
                0x00007700        0x8 d:/nxp2/lpcxpresso_8.2.0_647/lpcxpresso/tools/bin/../lib/gcc/arm-none-eabi/5.3.1/../../../../arm-none-eabi/lib/armv7-m\libcr_c.a(_hugeval.o)
                0x00007700                __huge_vall
                0x00007708                . = ALIGN (0x4)

.glue_7         0x00007708        0x0
 .glue_7        0x00007708        0x0 linker stubs

.glue_7t        0x00007708        0x0
 .glue_7t       0x00007708        0x0 linker stubs

.vfp11_veneer   0x00007708        0x0
 .vfp11_veneer  0x00007708        0x0 linker stubs

.v4_bx          0x00007708        0x0
 .v4_bx         0x00007708        0x0 linker stubs

.iplt           0x00007708        0x0
 .iplt          0x00007708        0x0 ./src/GPIO.o

.rel.dyn        0x00007708        0x0
 .rel.iplt      0x00007708        0x0 ./src/GPIO.o

.ARM.extab
 *(.ARM.extab* .gnu.linkonce.armextab.*)
                0x00007708                __exidx_start = .

.ARM.exidx
 *(.ARM.exidx* .gnu.linkonce.armexidx.*)
                0x00007708                __exidx_end = .
                0x00007708                _etext = .

.data_RAM2      0x2007c000        0x0 load address 0x00007708
 FILL mask 0xff
                [!provide]                PROVIDE (__start_data_RAM2, .)
 *(.ramfunc.$RAM2)
 *(.ramfunc.$RamAHB32)
 *(.data.$RAM2*)
 *(.data.$RamAHB32*)
                0x2007c000                . = ALIGN (0x4)
                [!provide]                PROVIDE (__end_data_RAM2, .)

.uninit_RESERVED
                0x10000000        0x0
 *(.bss.$RESERVED*)
                0x10000000                . = ALIGN (0x4)
                0x10000000                _end_uninit_RESERVED = .

.data           0x10000000       0x5c load address 0x00007708
 FILL mask 0xff
                0x10000000                _data = .
 *(vtable)
 *(.ramfunc*)
 *(.data*)
 .data.i2c      0x10000000       0x54 C:\Users\acafa\Desktop\FACU\PROYECTO_TD3\lpc_chip_175x_6x\Debug\liblpc_chip_175x_6x.a(i2c_17xx_40xx.o)
 .data.xNextTaskUnblockTime
                0x10000054        0x4 C:\Users\acafa\Desktop\FACU\PROYECTO_TD3\freertos\Debug\libfreertos.a(tasks.o)
 .data.uxCriticalNesting
                0x10000058        0x4 C:\Users\acafa\Desktop\FACU\PROYECTO_TD3\freertos\Debug\libfreertos.a(port.o)
                0x1000005c                . = ALIGN (0x4)
                0x1000005c                _edata = .

.igot.plt       0x1000005c        0x0 load address 0x00007764
 .igot.plt      0x1000005c        0x0 ./src/GPIO.o

.bss_RAM2       0x2007c000        0x0
                [!provide]                PROVIDE (__start_bss_RAM2, .)
 *(.bss.$RAM2*)
 *(.bss.$RamAHB32*)
                0x2007c000                . = ALIGN ((. != 0x0)?0x4:0x1)
                [!provide]                PROVIDE (__end_bss_RAM2, .)

.bss            0x1000005c      0x378
                0x1000005c                _bss = .
 *(.bss*)
 .bss.xINCLINOMETRO
                0x1000005c        0x4 ./src/GPIO.o
                0x1000005c                xINCLINOMETRO
 .bss.xSemaforo
                0x10000060        0x4 ./src/GPIO.o
                0x10000060                xSemaforo
 .bss.ax        0x10000064        0x4 ./src/GPIO.o
                0x10000064                ax
 .bss.ay        0x10000068        0x4 ./src/GPIO.o
                0x10000068                ay
 .bss.az        0x1000006c        0x4 ./src/GPIO.o
                0x1000006c                az
 .bss.gx        0x10000070        0x4 ./src/GPIO.o
                0x10000070                gx
 .bss.gy        0x10000074        0x4 ./src/GPIO.o
                0x10000074                gy
 .bss.gz        0x10000078        0x4 ./src/GPIO.o
                0x10000078                gz
 .bss.accelData
                0x1000007c        0x6 ./src/GPIO.o
                0x1000007c                accelData
 *fill*         0x10000082        0x2 
 .bss.gyroData  0x10000084        0x6 ./src/GPIO.o
                0x10000084                gyroData
 *fill*         0x1000008a        0x2 
 .bss.accelBias
                0x1000008c        0xc ./src/GPIO.o
                0x1000008c                accelBias
 .bss.gyroBias  0x10000098        0xc ./src/GPIO.o
                0x10000098                gyroBias
 .bss.Ascale    0x100000a4        0x4 ./src/GPIO.o
                0x100000a4                Ascale
 .bss.Gscale    0x100000a8        0x4 ./src/GPIO.o
                0x100000a8                Gscale
 .bss.aRes      0x100000ac        0x4 ./src/GPIO.o
                0x100000ac                aRes
 .bss.gRes      0x100000b0        0x4 ./src/GPIO.o
                0x100000b0                gRes
 .bss.mode_poll
                0x100000b4        0x4 ./src/GPIO.o
 .bss.i2cDev    0x100000b8        0x1 ./src/GPIO.o
 *fill*         0x100000b9        0x3 
 .bss.pitchAngle
                0x100000bc        0x4 ./src/GPIO.o
                0x100000bc                pitchAngle
 .bss.rollAngle
                0x100000c0        0x4 ./src/GPIO.o
                0x100000c0                rollAngle
 .bss.i2c_slave
                0x100000c4       0x78 C:\Users\acafa\Desktop\FACU\PROYECTO_TD3\lpc_chip_175x_6x\Debug\liblpc_chip_175x_6x.a(i2c_17xx_40xx.o)
 .bss.pxCurrentTCB
                0x1000013c        0x4 C:\Users\acafa\Desktop\FACU\PROYECTO_TD3\freertos\Debug\libfreertos.a(tasks.o)
                0x1000013c                pxCurrentTCB
 .bss.pxReadyTasksLists
                0x10000140       0xa0 C:\Users\acafa\Desktop\FACU\PROYECTO_TD3\freertos\Debug\libfreertos.a(tasks.o)
 .bss.xDelayedTaskList1
                0x100001e0       0x14 C:\Users\acafa\Desktop\FACU\PROYECTO_TD3\freertos\Debug\libfreertos.a(tasks.o)
 .bss.xDelayedTaskList2
                0x100001f4       0x14 C:\Users\acafa\Desktop\FACU\PROYECTO_TD3\freertos\Debug\libfreertos.a(tasks.o)
 .bss.pxDelayedTaskList
                0x10000208        0x4 C:\Users\acafa\Desktop\FACU\PROYECTO_TD3\freertos\Debug\libfreertos.a(tasks.o)
 .bss.pxOverflowDelayedTaskList
                0x1000020c        0x4 C:\Users\acafa\Desktop\FACU\PROYECTO_TD3\freertos\Debug\libfreertos.a(tasks.o)
 .bss.xPendingReadyList
                0x10000210       0x14 C:\Users\acafa\Desktop\FACU\PROYECTO_TD3\freertos\Debug\libfreertos.a(tasks.o)
 .bss.xTasksWaitingTermination
                0x10000224       0x14 C:\Users\acafa\Desktop\FACU\PROYECTO_TD3\freertos\Debug\libfreertos.a(tasks.o)
 .bss.uxTasksDeleted
                0x10000238        0x4 C:\Users\acafa\Desktop\FACU\PROYECTO_TD3\freertos\Debug\libfreertos.a(tasks.o)
 .bss.xSuspendedTaskList
                0x1000023c       0x14 C:\Users\acafa\Desktop\FACU\PROYECTO_TD3\freertos\Debug\libfreertos.a(tasks.o)
 .bss.uxCurrentNumberOfTasks
                0x10000250        0x4 C:\Users\acafa\Desktop\FACU\PROYECTO_TD3\freertos\Debug\libfreertos.a(tasks.o)
 .bss.xTickCount
                0x10000254        0x4 C:\Users\acafa\Desktop\FACU\PROYECTO_TD3\freertos\Debug\libfreertos.a(tasks.o)
 .bss.uxTopReadyPriority
                0x10000258        0x4 C:\Users\acafa\Desktop\FACU\PROYECTO_TD3\freertos\Debug\libfreertos.a(tasks.o)
 .bss.xSchedulerRunning
                0x1000025c        0x4 C:\Users\acafa\Desktop\FACU\PROYECTO_TD3\freertos\Debug\libfreertos.a(tasks.o)
 .bss.uxSchedulerSuspended
                0x10000260        0x4 C:\Users\acafa\Desktop\FACU\PROYECTO_TD3\freertos\Debug\libfreertos.a(tasks.o)
 .bss.uxPendedTicks
                0x10000264        0x4 C:\Users\acafa\Desktop\FACU\PROYECTO_TD3\freertos\Debug\libfreertos.a(tasks.o)
 .bss.xYieldPending
                0x10000268        0x4 C:\Users\acafa\Desktop\FACU\PROYECTO_TD3\freertos\Debug\libfreertos.a(tasks.o)
 .bss.xNumOfOverflows
                0x1000026c        0x4 C:\Users\acafa\Desktop\FACU\PROYECTO_TD3\freertos\Debug\libfreertos.a(tasks.o)
 .bss.uxTaskNumber
                0x10000270        0x4 C:\Users\acafa\Desktop\FACU\PROYECTO_TD3\freertos\Debug\libfreertos.a(tasks.o)
 .bss.ulTimerCountsForOneTick
                0x10000274        0x4 C:\Users\acafa\Desktop\FACU\PROYECTO_TD3\freertos\Debug\libfreertos.a(port.o)
 .bss.xMaximumPossibleSuppressedTicks
                0x10000278        0x4 C:\Users\acafa\Desktop\FACU\PROYECTO_TD3\freertos\Debug\libfreertos.a(port.o)
 .bss.ulStoppedTimerCompensation
                0x1000027c        0x4 C:\Users\acafa\Desktop\FACU\PROYECTO_TD3\freertos\Debug\libfreertos.a(port.o)
 .bss.errno     0x10000280        0x4 d:/nxp2/lpcxpresso_8.2.0_647/lpcxpresso/tools/bin/../lib/gcc/arm-none-eabi/5.3.1/../../../../arm-none-eabi/lib/armv7-m\libcr_c.a(errno.o)
                0x10000280                errno
 .bss._extra    0x10000284        0x4 d:/nxp2/lpcxpresso_8.2.0_647/lpcxpresso/tools/bin/../lib/gcc/arm-none-eabi/5.3.1/../../../../arm-none-eabi/lib/armv7-m\libcr_c.a(initio.o)
                0x10000284                _extra
 .bss.__Ciob    0x10000288      0x140 d:/nxp2/lpcxpresso_8.2.0_647/lpcxpresso/tools/bin/../lib/gcc/arm-none-eabi/5.3.1/../../../../arm-none-eabi/lib/armv7-m\libcr_c.a(stdio.o)
                0x10000288                __Ciob
 .bss.__heaps   0x100003c8        0x4 d:/nxp2/lpcxpresso_8.2.0_647/lpcxpresso/tools/bin/../lib/gcc/arm-none-eabi/5.3.1/../../../../arm-none-eabi/lib/armv7-m\libcr_c.a(__init_alloc.o)
                0x100003c8                __heaps
 .bss.__end_of_heap
                0x100003cc        0x4 d:/nxp2/lpcxpresso_8.2.0_647/lpcxpresso/tools/bin/../lib/gcc/arm-none-eabi/5.3.1/../../../../arm-none-eabi/lib/armv7-m\libcr_c.a(__init_alloc.o)
                0x100003cc                __end_of_heap
 *(COMMON)
 COMMON         0x100003d0        0x4 C:\Users\acafa\Desktop\FACU\PROYECTO_TD3\lpc_chip_175x_6x\Debug\liblpc_chip_175x_6x.a(chip_17xx_40xx.o)
                0x100003d0                SystemCoreClock
                0x100003d4                . = ALIGN (0x4)
                0x100003d4                _ebss = .
                [!provide]                PROVIDE (end, .)

.noinit_RAM2    0x2007c000        0x0
 *(.noinit.$RAM2*)
 *(.noinit.$RamAHB32*)
                0x2007c000                . = ALIGN (0x4)

.noinit         0x100003d4        0x0
                0x100003d4                _noinit = .
 *(.noinit*)
                0x100003d4                . = ALIGN (0x4)
                0x100003d4                _end_noinit = .
                0x100003d4                PROVIDE (_pvHeapStart, DEFINED (__user_heap_base)?__user_heap_base:.)
                0x10008000                PROVIDE (_vStackTop, DEFINED (__user_stack_top)?__user_stack_top:(__top_RamLoc32 - 0x0))
                [!provide]                PROVIDE (__valid_user_code_checksum, (0x0 - ((((((_vStackTop + (ResetISR + 0x1)) + (NMI_Handler + 0x1)) + (HardFault_Handler + 0x1)) + (DEFINED (MemManage_Handler)?MemManage_Handler:0x0 + 0x1)) + (DEFINED (BusFault_Handler)?BusFault_Handler:0x0 + 0x1)) + (DEFINED (UsageFault_Handler)?UsageFault_Handler:0x0 + 0x1))))
OUTPUT(UNION.axf elf32-littlearm)

.debug_info     0x00000000     0x8ce5
 .debug_info    0x00000000      0xe57 ./src/GPIO.o
 .debug_info    0x00000e57      0x250 ./src/cr_startup_lpc175x_6x.o
 .debug_info    0x000010a7       0x3f ./src/crp.o
 .debug_info    0x000010e6      0x551 ./src/display.o
 .debug_info    0x00001637      0x110 ./src/sysinit.o
 .debug_info    0x00001747     0x13d8 C:\Users\acafa\Desktop\FACU\PROYECTO_TD3\lpc_board_nxp_lpcxpresso_1769\Debug\liblpc_board_nxp_lpcxpresso_1769.a(board.o)
 .debug_info    0x00002b1f      0x591 C:\Users\acafa\Desktop\FACU\PROYECTO_TD3\lpc_board_nxp_lpcxpresso_1769\Debug\liblpc_board_nxp_lpcxpresso_1769.a(board_sysinit.o)
 .debug_info    0x000030b0      0x51e C:\Users\acafa\Desktop\FACU\PROYECTO_TD3\lpc_chip_175x_6x\Debug\liblpc_chip_175x_6x.a(chip_17xx_40xx.o)
 .debug_info    0x000035ce      0xb62 C:\Users\acafa\Desktop\FACU\PROYECTO_TD3\lpc_chip_175x_6x\Debug\liblpc_chip_175x_6x.a(clock_17xx_40xx.o)
 .debug_info    0x00004130      0xe70 C:\Users\acafa\Desktop\FACU\PROYECTO_TD3\lpc_chip_175x_6x\Debug\liblpc_chip_175x_6x.a(i2c_17xx_40xx.o)
 .debug_info    0x00004fa0      0x2e9 C:\Users\acafa\Desktop\FACU\PROYECTO_TD3\lpc_chip_175x_6x\Debug\liblpc_chip_175x_6x.a(iocon_17xx_40xx.o)
 .debug_info    0x00005289      0x439 C:\Users\acafa\Desktop\FACU\PROYECTO_TD3\lpc_chip_175x_6x\Debug\liblpc_chip_175x_6x.a(sysinit_17xx_40xx.o)
 .debug_info    0x000056c2      0xeda C:\Users\acafa\Desktop\FACU\PROYECTO_TD3\lpc_chip_175x_6x\Debug\liblpc_chip_175x_6x.a(uart_17xx_40xx.o)
 .debug_info    0x0000659c      0xbd4 C:\Users\acafa\Desktop\FACU\PROYECTO_TD3\freertos\Debug\libfreertos.a(queue.o)
 .debug_info    0x00007170     0x11fb C:\Users\acafa\Desktop\FACU\PROYECTO_TD3\freertos\Debug\libfreertos.a(tasks.o)
 .debug_info    0x0000836b      0x19f C:\Users\acafa\Desktop\FACU\PROYECTO_TD3\freertos\Debug\libfreertos.a(FreeRTOSCommonHooks.o)
 .debug_info    0x0000850a      0x134 C:\Users\acafa\Desktop\FACU\PROYECTO_TD3\freertos\Debug\libfreertos.a(heap_3.o)
 .debug_info    0x0000863e      0x2cf C:\Users\acafa\Desktop\FACU\PROYECTO_TD3\freertos\Debug\libfreertos.a(list.o)
 .debug_info    0x0000890d      0x3d8 C:\Users\acafa\Desktop\FACU\PROYECTO_TD3\freertos\Debug\libfreertos.a(port.o)

.debug_abbrev   0x00000000     0x207e
 .debug_abbrev  0x00000000      0x2ce ./src/GPIO.o
 .debug_abbrev  0x000002ce       0xf5 ./src/cr_startup_lpc175x_6x.o
 .debug_abbrev  0x000003c3       0x36 ./src/crp.o
 .debug_abbrev  0x000003f9      0x1a0 ./src/display.o
 .debug_abbrev  0x00000599       0xa3 ./src/sysinit.o
 .debug_abbrev  0x0000063c      0x379 C:\Users\acafa\Desktop\FACU\PROYECTO_TD3\lpc_board_nxp_lpcxpresso_1769\Debug\liblpc_board_nxp_lpcxpresso_1769.a(board.o)
 .debug_abbrev  0x000009b5      0x15c C:\Users\acafa\Desktop\FACU\PROYECTO_TD3\lpc_board_nxp_lpcxpresso_1769\Debug\liblpc_board_nxp_lpcxpresso_1769.a(board_sysinit.o)
 .debug_abbrev  0x00000b11      0x13c C:\Users\acafa\Desktop\FACU\PROYECTO_TD3\lpc_chip_175x_6x\Debug\liblpc_chip_175x_6x.a(chip_17xx_40xx.o)
 .debug_abbrev  0x00000c4d      0x2ec C:\Users\acafa\Desktop\FACU\PROYECTO_TD3\lpc_chip_175x_6x\Debug\liblpc_chip_175x_6x.a(clock_17xx_40xx.o)
 .debug_abbrev  0x00000f39      0x2ae C:\Users\acafa\Desktop\FACU\PROYECTO_TD3\lpc_chip_175x_6x\Debug\liblpc_chip_175x_6x.a(i2c_17xx_40xx.o)
 .debug_abbrev  0x000011e7      0x126 C:\Users\acafa\Desktop\FACU\PROYECTO_TD3\lpc_chip_175x_6x\Debug\liblpc_chip_175x_6x.a(iocon_17xx_40xx.o)
 .debug_abbrev  0x0000130d      0x175 C:\Users\acafa\Desktop\FACU\PROYECTO_TD3\lpc_chip_175x_6x\Debug\liblpc_chip_175x_6x.a(sysinit_17xx_40xx.o)
 .debug_abbrev  0x00001482      0x2e8 C:\Users\acafa\Desktop\FACU\PROYECTO_TD3\lpc_chip_175x_6x\Debug\liblpc_chip_175x_6x.a(uart_17xx_40xx.o)
 .debug_abbrev  0x0000176a      0x206 C:\Users\acafa\Desktop\FACU\PROYECTO_TD3\freertos\Debug\libfreertos.a(queue.o)
 .debug_abbrev  0x00001970      0x246 C:\Users\acafa\Desktop\FACU\PROYECTO_TD3\freertos\Debug\libfreertos.a(tasks.o)
 .debug_abbrev  0x00001bb6      0x129 C:\Users\acafa\Desktop\FACU\PROYECTO_TD3\freertos\Debug\libfreertos.a(FreeRTOSCommonHooks.o)
 .debug_abbrev  0x00001cdf       0xd4 C:\Users\acafa\Desktop\FACU\PROYECTO_TD3\freertos\Debug\libfreertos.a(heap_3.o)
 .debug_abbrev  0x00001db3       0xec C:\Users\acafa\Desktop\FACU\PROYECTO_TD3\freertos\Debug\libfreertos.a(list.o)
 .debug_abbrev  0x00001e9f      0x1df C:\Users\acafa\Desktop\FACU\PROYECTO_TD3\freertos\Debug\libfreertos.a(port.o)

.debug_aranges  0x00000000      0xb80
 .debug_aranges
                0x00000000       0xe0 ./src/GPIO.o
 .debug_aranges
                0x000000e0       0x80 ./src/cr_startup_lpc175x_6x.o
 .debug_aranges
                0x00000160       0x18 ./src/crp.o
 .debug_aranges
                0x00000178       0x90 ./src/display.o
 .debug_aranges
                0x00000208       0x20 ./src/sysinit.o
 .debug_aranges
                0x00000228      0x160 C:\Users\acafa\Desktop\FACU\PROYECTO_TD3\lpc_board_nxp_lpcxpresso_1769\Debug\liblpc_board_nxp_lpcxpresso_1769.a(board.o)
 .debug_aranges
                0x00000388       0x38 C:\Users\acafa\Desktop\FACU\PROYECTO_TD3\lpc_board_nxp_lpcxpresso_1769\Debug\liblpc_board_nxp_lpcxpresso_1769.a(board_sysinit.o)
 .debug_aranges
                0x000003c0       0x38 C:\Users\acafa\Desktop\FACU\PROYECTO_TD3\lpc_chip_175x_6x\Debug\liblpc_chip_175x_6x.a(chip_17xx_40xx.o)
 .debug_aranges
                0x000003f8      0x120 C:\Users\acafa\Desktop\FACU\PROYECTO_TD3\lpc_chip_175x_6x\Debug\liblpc_chip_175x_6x.a(clock_17xx_40xx.o)
 .debug_aranges
                0x00000518      0x118 C:\Users\acafa\Desktop\FACU\PROYECTO_TD3\lpc_chip_175x_6x\Debug\liblpc_chip_175x_6x.a(i2c_17xx_40xx.o)
 .debug_aranges
                0x00000630       0x30 C:\Users\acafa\Desktop\FACU\PROYECTO_TD3\lpc_chip_175x_6x\Debug\liblpc_chip_175x_6x.a(iocon_17xx_40xx.o)
 .debug_aranges
                0x00000660       0x60 C:\Users\acafa\Desktop\FACU\PROYECTO_TD3\lpc_chip_175x_6x\Debug\liblpc_chip_175x_6x.a(sysinit_17xx_40xx.o)
 .debug_aranges
                0x000006c0      0x128 C:\Users\acafa\Desktop\FACU\PROYECTO_TD3\lpc_chip_175x_6x\Debug\liblpc_chip_175x_6x.a(uart_17xx_40xx.o)
 .debug_aranges
                0x000007e8       0xf0 C:\Users\acafa\Desktop\FACU\PROYECTO_TD3\freertos\Debug\libfreertos.a(queue.o)
 .debug_aranges
                0x000008d8      0x170 C:\Users\acafa\Desktop\FACU\PROYECTO_TD3\freertos\Debug\libfreertos.a(tasks.o)
 .debug_aranges
                0x00000a48       0x40 C:\Users\acafa\Desktop\FACU\PROYECTO_TD3\freertos\Debug\libfreertos.a(FreeRTOSCommonHooks.o)
 .debug_aranges
                0x00000a88       0x28 C:\Users\acafa\Desktop\FACU\PROYECTO_TD3\freertos\Debug\libfreertos.a(heap_3.o)
 .debug_aranges
                0x00000ab0       0x40 C:\Users\acafa\Desktop\FACU\PROYECTO_TD3\freertos\Debug\libfreertos.a(list.o)
 .debug_aranges
                0x00000af0       0x90 C:\Users\acafa\Desktop\FACU\PROYECTO_TD3\freertos\Debug\libfreertos.a(port.o)

.debug_ranges   0x00000000      0xa48
 .debug_ranges  0x00000000       0xd0 ./src/GPIO.o
 .debug_ranges  0x000000d0       0x70 ./src/cr_startup_lpc175x_6x.o
 .debug_ranges  0x00000140       0x80 ./src/display.o
 .debug_ranges  0x000001c0       0x10 ./src/sysinit.o
 .debug_ranges  0x000001d0      0x150 C:\Users\acafa\Desktop\FACU\PROYECTO_TD3\lpc_board_nxp_lpcxpresso_1769\Debug\liblpc_board_nxp_lpcxpresso_1769.a(board.o)
 .debug_ranges  0x00000320       0x28 C:\Users\acafa\Desktop\FACU\PROYECTO_TD3\lpc_board_nxp_lpcxpresso_1769\Debug\liblpc_board_nxp_lpcxpresso_1769.a(board_sysinit.o)
 .debug_ranges  0x00000348       0x28 C:\Users\acafa\Desktop\FACU\PROYECTO_TD3\lpc_chip_175x_6x\Debug\liblpc_chip_175x_6x.a(chip_17xx_40xx.o)
 .debug_ranges  0x00000370      0x110 C:\Users\acafa\Desktop\FACU\PROYECTO_TD3\lpc_chip_175x_6x\Debug\liblpc_chip_175x_6x.a(clock_17xx_40xx.o)
 .debug_ranges  0x00000480      0x108 C:\Users\acafa\Desktop\FACU\PROYECTO_TD3\lpc_chip_175x_6x\Debug\liblpc_chip_175x_6x.a(i2c_17xx_40xx.o)
 .debug_ranges  0x00000588       0x20 C:\Users\acafa\Desktop\FACU\PROYECTO_TD3\lpc_chip_175x_6x\Debug\liblpc_chip_175x_6x.a(iocon_17xx_40xx.o)
 .debug_ranges  0x000005a8       0x50 C:\Users\acafa\Desktop\FACU\PROYECTO_TD3\lpc_chip_175x_6x\Debug\liblpc_chip_175x_6x.a(sysinit_17xx_40xx.o)
 .debug_ranges  0x000005f8      0x118 C:\Users\acafa\Desktop\FACU\PROYECTO_TD3\lpc_chip_175x_6x\Debug\liblpc_chip_175x_6x.a(uart_17xx_40xx.o)
 .debug_ranges  0x00000710       0xe0 C:\Users\acafa\Desktop\FACU\PROYECTO_TD3\freertos\Debug\libfreertos.a(queue.o)
 .debug_ranges  0x000007f0      0x160 C:\Users\acafa\Desktop\FACU\PROYECTO_TD3\freertos\Debug\libfreertos.a(tasks.o)
 .debug_ranges  0x00000950       0x30 C:\Users\acafa\Desktop\FACU\PROYECTO_TD3\freertos\Debug\libfreertos.a(FreeRTOSCommonHooks.o)
 .debug_ranges  0x00000980       0x18 C:\Users\acafa\Desktop\FACU\PROYECTO_TD3\freertos\Debug\libfreertos.a(heap_3.o)
 .debug_ranges  0x00000998       0x30 C:\Users\acafa\Desktop\FACU\PROYECTO_TD3\freertos\Debug\libfreertos.a(list.o)
 .debug_ranges  0x000009c8       0x80 C:\Users\acafa\Desktop\FACU\PROYECTO_TD3\freertos\Debug\libfreertos.a(port.o)

.debug_macro    0x00000000     0x7f86
 .debug_macro   0x00000000      0x32a ./src/GPIO.o
 .debug_macro   0x0000032a      0x892 ./src/GPIO.o
 .debug_macro   0x00000bbc       0x10 ./src/GPIO.o
 .debug_macro   0x00000bcc      0x12d ./src/GPIO.o
 .debug_macro   0x00000cf9      0x5b2 ./src/GPIO.o
 .debug_macro   0x000012ab       0x22 ./src/GPIO.o
 .debug_macro   0x000012cd       0x7b ./src/GPIO.o
 .debug_macro   0x00001348       0x10 ./src/GPIO.o
 .debug_macro   0x00001358       0x2d ./src/GPIO.o
 .debug_macro   0x00001385       0x3a ./src/GPIO.o
 .debug_macro   0x000013bf       0x2d ./src/GPIO.o
 .debug_macro   0x000013ec      0xbb1 ./src/GPIO.o
 .debug_macro   0x00001f9d      0x22c ./src/GPIO.o
 .debug_macro   0x000021c9       0x42 ./src/GPIO.o
 .debug_macro   0x0000220b       0x52 ./src/GPIO.o
 .debug_macro   0x0000225d       0x78 ./src/GPIO.o
 .debug_macro   0x000022d5       0x82 ./src/GPIO.o
 .debug_macro   0x00002357      0x48c ./src/GPIO.o
 .debug_macro   0x000027e3       0x34 ./src/GPIO.o
 .debug_macro   0x00002817      0x4c5 ./src/GPIO.o
 .debug_macro   0x00002cdc      0x1b7 ./src/GPIO.o
 .debug_macro   0x00002e93       0x10 ./src/GPIO.o
 .debug_macro   0x00002ea3      0x21b ./src/GPIO.o
 .debug_macro   0x000030be      0x1b9 ./src/GPIO.o
 .debug_macro   0x00003277       0x40 ./src/GPIO.o
 .debug_macro   0x000032b7       0x22 ./src/GPIO.o
 .debug_macro   0x000032d9      0x162 ./src/GPIO.o
 .debug_macro   0x0000343b       0x94 ./src/GPIO.o
 .debug_macro   0x000034cf       0xb8 ./src/GPIO.o
 .debug_macro   0x00003587       0x4c ./src/GPIO.o
 .debug_macro   0x000035d3       0x16 ./src/GPIO.o
 .debug_macro   0x000035e9      0x328 ./src/GPIO.o
 .debug_macro   0x00003911       0x49 ./src/GPIO.o
 .debug_macro   0x0000395a       0x16 ./src/GPIO.o
 .debug_macro   0x00003970       0xca ./src/GPIO.o
 .debug_macro   0x00003a3a       0x18 ./src/GPIO.o
 .debug_macro   0x00003a52       0x76 ./src/GPIO.o
 .debug_macro   0x00003ac8       0x9a ./src/GPIO.o
 .debug_macro   0x00003b62       0x20 ./src/GPIO.o
 .debug_macro   0x00003b82       0x28 ./src/GPIO.o
 .debug_macro   0x00003baa       0x10 ./src/GPIO.o
 .debug_macro   0x00003bba       0x46 ./src/GPIO.o
 .debug_macro   0x00003c00       0xf4 ./src/GPIO.o
 .debug_macro   0x00003cf4       0xab ./src/GPIO.o
 .debug_macro   0x00003d9f       0x12 ./src/GPIO.o
 .debug_macro   0x00003db1       0x1f ./src/GPIO.o
 .debug_macro   0x00003dd0      0x257 ./src/GPIO.o
 .debug_macro   0x00004027       0x64 ./src/GPIO.o
 .debug_macro   0x0000408b       0x57 ./src/GPIO.o
 .debug_macro   0x000040e2       0x46 ./src/GPIO.o
 .debug_macro   0x00004128       0x1c ./src/GPIO.o
 .debug_macro   0x00004144      0x2c8 ./src/GPIO.o
 .debug_macro   0x0000440c       0xc4 ./src/GPIO.o
 .debug_macro   0x000044d0       0x10 ./src/GPIO.o
 .debug_macro   0x000044e0       0xb0 ./src/GPIO.o
 .debug_macro   0x00004590       0x77 ./src/GPIO.o
 .debug_macro   0x00004607       0x1d ./src/cr_startup_lpc175x_6x.o
 .debug_macro   0x00004624       0x1a ./src/crp.o
 .debug_macro   0x0000463e       0x34 ./src/crp.o
 .debug_macro   0x00004672      0x289 ./src/display.o
 .debug_macro   0x000048fb       0x16 ./src/display.o
 .debug_macro   0x00004911       0x74 ./src/display.o
 .debug_macro   0x00004985       0x11 ./src/display.o
 .debug_macro   0x00004996       0x70 ./src/display.o
 .debug_macro   0x00004a06       0xee ./src/display.o
 .debug_macro   0x00004af4      0x217 ./src/sysinit.o
 .debug_macro   0x00004d0b      0x289 C:\Users\acafa\Desktop\FACU\PROYECTO_TD3\lpc_board_nxp_lpcxpresso_1769\Debug\liblpc_board_nxp_lpcxpresso_1769.a(board.o)
 .debug_macro   0x00004f94      0x886 C:\Users\acafa\Desktop\FACU\PROYECTO_TD3\lpc_board_nxp_lpcxpresso_1769\Debug\liblpc_board_nxp_lpcxpresso_1769.a(board.o)
 .debug_macro   0x0000581a       0x12 C:\Users\acafa\Desktop\FACU\PROYECTO_TD3\lpc_board_nxp_lpcxpresso_1769\Debug\liblpc_board_nxp_lpcxpresso_1769.a(board.o)
 .debug_macro   0x0000582c      0x217 C:\Users\acafa\Desktop\FACU\PROYECTO_TD3\lpc_board_nxp_lpcxpresso_1769\Debug\liblpc_board_nxp_lpcxpresso_1769.a(board_sysinit.o)
 .debug_macro   0x00005a43      0x1cd C:\Users\acafa\Desktop\FACU\PROYECTO_TD3\lpc_chip_175x_6x\Debug\liblpc_chip_175x_6x.a(chip_17xx_40xx.o)
 .debug_macro   0x00005c10      0x1cd C:\Users\acafa\Desktop\FACU\PROYECTO_TD3\lpc_chip_175x_6x\Debug\liblpc_chip_175x_6x.a(clock_17xx_40xx.o)
 .debug_macro   0x00005ddd      0x1df C:\Users\acafa\Desktop\FACU\PROYECTO_TD3\lpc_chip_175x_6x\Debug\liblpc_chip_175x_6x.a(i2c_17xx_40xx.o)
 .debug_macro   0x00005fbc      0x1cd C:\Users\acafa\Desktop\FACU\PROYECTO_TD3\lpc_chip_175x_6x\Debug\liblpc_chip_175x_6x.a(iocon_17xx_40xx.o)
 .debug_macro   0x00006189      0x1cd C:\Users\acafa\Desktop\FACU\PROYECTO_TD3\lpc_chip_175x_6x\Debug\liblpc_chip_175x_6x.a(sysinit_17xx_40xx.o)
 .debug_macro   0x00006356      0x1cd C:\Users\acafa\Desktop\FACU\PROYECTO_TD3\lpc_chip_175x_6x\Debug\liblpc_chip_175x_6x.a(uart_17xx_40xx.o)
 .debug_macro   0x00006523      0x2fa C:\Users\acafa\Desktop\FACU\PROYECTO_TD3\freertos\Debug\libfreertos.a(queue.o)
 .debug_macro   0x0000681d      0x88c C:\Users\acafa\Desktop\FACU\PROYECTO_TD3\freertos\Debug\libfreertos.a(queue.o)
 .debug_macro   0x000070a9       0x28 C:\Users\acafa\Desktop\FACU\PROYECTO_TD3\freertos\Debug\libfreertos.a(queue.o)
 .debug_macro   0x000070d1      0x336 C:\Users\acafa\Desktop\FACU\PROYECTO_TD3\freertos\Debug\libfreertos.a(tasks.o)
 .debug_macro   0x00007407       0x5b C:\Users\acafa\Desktop\FACU\PROYECTO_TD3\freertos\Debug\libfreertos.a(tasks.o)
 .debug_macro   0x00007462       0x16 C:\Users\acafa\Desktop\FACU\PROYECTO_TD3\freertos\Debug\libfreertos.a(tasks.o)
 .debug_macro   0x00007478      0x29c C:\Users\acafa\Desktop\FACU\PROYECTO_TD3\freertos\Debug\libfreertos.a(FreeRTOSCommonHooks.o)
 .debug_macro   0x00007714      0x2b2 C:\Users\acafa\Desktop\FACU\PROYECTO_TD3\freertos\Debug\libfreertos.a(heap_3.o)
 .debug_macro   0x000079c6      0x297 C:\Users\acafa\Desktop\FACU\PROYECTO_TD3\freertos\Debug\libfreertos.a(list.o)
 .debug_macro   0x00007c5d      0x329 C:\Users\acafa\Desktop\FACU\PROYECTO_TD3\freertos\Debug\libfreertos.a(port.o)

.debug_line     0x00000000     0x7103
 .debug_line    0x00000000      0x8f7 ./src/GPIO.o
 .debug_line    0x000008f7       0xd5 ./src/cr_startup_lpc175x_6x.o
 .debug_line    0x000009cc       0x79 ./src/crp.o
 .debug_line    0x00000a45      0x6b1 ./src/display.o
 .debug_line    0x000010f6      0x479 ./src/sysinit.o
 .debug_line    0x0000156f      0x83e C:\Users\acafa\Desktop\FACU\PROYECTO_TD3\lpc_board_nxp_lpcxpresso_1769\Debug\liblpc_board_nxp_lpcxpresso_1769.a(board.o)
 .debug_line    0x00001dad      0x4b9 C:\Users\acafa\Desktop\FACU\PROYECTO_TD3\lpc_board_nxp_lpcxpresso_1769\Debug\liblpc_board_nxp_lpcxpresso_1769.a(board_sysinit.o)
 .debug_line    0x00002266      0x44c C:\Users\acafa\Desktop\FACU\PROYECTO_TD3\lpc_chip_175x_6x\Debug\liblpc_chip_175x_6x.a(chip_17xx_40xx.o)
 .debug_line    0x000026b2      0x6c8 C:\Users\acafa\Desktop\FACU\PROYECTO_TD3\lpc_chip_175x_6x\Debug\liblpc_chip_175x_6x.a(clock_17xx_40xx.o)
 .debug_line    0x00002d7a      0x71e C:\Users\acafa\Desktop\FACU\PROYECTO_TD3\lpc_chip_175x_6x\Debug\liblpc_chip_175x_6x.a(i2c_17xx_40xx.o)
 .debug_line    0x00003498      0x438 C:\Users\acafa\Desktop\FACU\PROYECTO_TD3\lpc_chip_175x_6x\Debug\liblpc_chip_175x_6x.a(iocon_17xx_40xx.o)
 .debug_line    0x000038d0      0x4c2 C:\Users\acafa\Desktop\FACU\PROYECTO_TD3\lpc_chip_175x_6x\Debug\liblpc_chip_175x_6x.a(sysinit_17xx_40xx.o)
 .debug_line    0x00003d92      0x774 C:\Users\acafa\Desktop\FACU\PROYECTO_TD3\lpc_chip_175x_6x\Debug\liblpc_chip_175x_6x.a(uart_17xx_40xx.o)
 .debug_line    0x00004506      0x8a4 C:\Users\acafa\Desktop\FACU\PROYECTO_TD3\freertos\Debug\libfreertos.a(queue.o)
 .debug_line    0x00004daa      0xc48 C:\Users\acafa\Desktop\FACU\PROYECTO_TD3\freertos\Debug\libfreertos.a(tasks.o)
 .debug_line    0x000059f2      0x5a9 C:\Users\acafa\Desktop\FACU\PROYECTO_TD3\freertos\Debug\libfreertos.a(FreeRTOSCommonHooks.o)
 .debug_line    0x00005f9b      0x54e C:\Users\acafa\Desktop\FACU\PROYECTO_TD3\freertos\Debug\libfreertos.a(heap_3.o)
 .debug_line    0x000064e9      0x59a C:\Users\acafa\Desktop\FACU\PROYECTO_TD3\freertos\Debug\libfreertos.a(list.o)
 .debug_line    0x00006a83      0x680 C:\Users\acafa\Desktop\FACU\PROYECTO_TD3\freertos\Debug\libfreertos.a(port.o)

.debug_str      0x00000000    0x19f43
 .debug_str     0x00000000    0x152d2 ./src/GPIO.o
                              0x1542e (size before relaxing)
 .debug_str     0x000152d2      0x197 ./src/cr_startup_lpc175x_6x.o
                               0x269b (size before relaxing)
 .debug_str     0x00015469       0xe9 ./src/crp.o
                               0x25b3 (size before relaxing)
 .debug_str     0x00015552      0x187 ./src/display.o
                              0x12612 (size before relaxing)
 .debug_str     0x000156d9       0x1b ./src/sysinit.o
                              0x10a4e (size before relaxing)
 .debug_str     0x000156f4      0xd43 C:\Users\acafa\Desktop\FACU\PROYECTO_TD3\lpc_board_nxp_lpcxpresso_1769\Debug\liblpc_board_nxp_lpcxpresso_1769.a(board.o)
                              0x1191a (size before relaxing)
 .debug_str     0x00016437      0x22d C:\Users\acafa\Desktop\FACU\PROYECTO_TD3\lpc_board_nxp_lpcxpresso_1769\Debug\liblpc_board_nxp_lpcxpresso_1769.a(board_sysinit.o)
                              0x10e54 (size before relaxing)
 .debug_str     0x00016664       0xc3 C:\Users\acafa\Desktop\FACU\PROYECTO_TD3\lpc_chip_175x_6x\Debug\liblpc_chip_175x_6x.a(chip_17xx_40xx.o)
                              0x10b4b (size before relaxing)
 .debug_str     0x00016727      0x852 C:\Users\acafa\Desktop\FACU\PROYECTO_TD3\lpc_chip_175x_6x\Debug\liblpc_chip_175x_6x.a(clock_17xx_40xx.o)
                              0x111b9 (size before relaxing)
 .debug_str     0x00016f79      0x591 C:\Users\acafa\Desktop\FACU\PROYECTO_TD3\lpc_chip_175x_6x\Debug\liblpc_chip_175x_6x.a(i2c_17xx_40xx.o)
                              0x111c9 (size before relaxing)
 .debug_str     0x0001750a       0x74 C:\Users\acafa\Desktop\FACU\PROYECTO_TD3\lpc_chip_175x_6x\Debug\liblpc_chip_175x_6x.a(iocon_17xx_40xx.o)
                              0x10636 (size before relaxing)
 .debug_str     0x0001757e       0xc4 C:\Users\acafa\Desktop\FACU\PROYECTO_TD3\lpc_chip_175x_6x\Debug\liblpc_chip_175x_6x.a(sysinit_17xx_40xx.o)
                              0x1081e (size before relaxing)
 .debug_str     0x00017642      0x3b0 C:\Users\acafa\Desktop\FACU\PROYECTO_TD3\lpc_chip_175x_6x\Debug\liblpc_chip_175x_6x.a(uart_17xx_40xx.o)
                              0x1108e (size before relaxing)
 .debug_str     0x000179f2      0x7a2 C:\Users\acafa\Desktop\FACU\PROYECTO_TD3\freertos\Debug\libfreertos.a(queue.o)
                              0x13f68 (size before relaxing)
 .debug_str     0x00018194     0x154a C:\Users\acafa\Desktop\FACU\PROYECTO_TD3\freertos\Debug\libfreertos.a(tasks.o)
                              0x14422 (size before relaxing)
 .debug_str     0x000196de       0xad C:\Users\acafa\Desktop\FACU\PROYECTO_TD3\freertos\Debug\libfreertos.a(FreeRTOSCommonHooks.o)
                              0x12c07 (size before relaxing)
 .debug_str     0x0001978b       0x3c C:\Users\acafa\Desktop\FACU\PROYECTO_TD3\freertos\Debug\libfreertos.a(heap_3.o)
                              0x12c1b (size before relaxing)
 .debug_str     0x000197c7       0x9b C:\Users\acafa\Desktop\FACU\PROYECTO_TD3\freertos\Debug\libfreertos.a(list.o)
                              0x12960 (size before relaxing)
 .debug_str     0x00019862      0x6e1 C:\Users\acafa\Desktop\FACU\PROYECTO_TD3\freertos\Debug\libfreertos.a(port.o)
                              0x13467 (size before relaxing)

.comment        0x00000000       0xdc
 .comment       0x00000000       0x6e ./src/GPIO.o
                                 0x6f (size before relaxing)
 .comment       0x0000006e       0x6f ./src/cr_startup_lpc175x_6x.o
 .comment       0x0000006e       0x6f ./src/crp.o
 .comment       0x0000006e       0x6f ./src/display.o
 .comment       0x0000006e       0x6f ./src/sysinit.o
 .comment       0x0000006e       0x6f C:\Users\acafa\Desktop\FACU\PROYECTO_TD3\lpc_board_nxp_lpcxpresso_1769\Debug\liblpc_board_nxp_lpcxpresso_1769.a(board.o)
 .comment       0x0000006e       0x6f C:\Users\acafa\Desktop\FACU\PROYECTO_TD3\lpc_board_nxp_lpcxpresso_1769\Debug\liblpc_board_nxp_lpcxpresso_1769.a(board_sysinit.o)
 .comment       0x0000006e       0x6f C:\Users\acafa\Desktop\FACU\PROYECTO_TD3\lpc_chip_175x_6x\Debug\liblpc_chip_175x_6x.a(chip_17xx_40xx.o)
 .comment       0x0000006e       0x6f C:\Users\acafa\Desktop\FACU\PROYECTO_TD3\lpc_chip_175x_6x\Debug\liblpc_chip_175x_6x.a(clock_17xx_40xx.o)
 .comment       0x0000006e       0x6f C:\Users\acafa\Desktop\FACU\PROYECTO_TD3\lpc_chip_175x_6x\Debug\liblpc_chip_175x_6x.a(i2c_17xx_40xx.o)
 .comment       0x0000006e       0x6f C:\Users\acafa\Desktop\FACU\PROYECTO_TD3\lpc_chip_175x_6x\Debug\liblpc_chip_175x_6x.a(iocon_17xx_40xx.o)
 .comment       0x0000006e       0x6f C:\Users\acafa\Desktop\FACU\PROYECTO_TD3\lpc_chip_175x_6x\Debug\liblpc_chip_175x_6x.a(sysinit_17xx_40xx.o)
 .comment       0x0000006e       0x6f C:\Users\acafa\Desktop\FACU\PROYECTO_TD3\lpc_chip_175x_6x\Debug\liblpc_chip_175x_6x.a(uart_17xx_40xx.o)
 .comment       0x0000006e       0x6f C:\Users\acafa\Desktop\FACU\PROYECTO_TD3\freertos\Debug\libfreertos.a(queue.o)
 .comment       0x0000006e       0x6f C:\Users\acafa\Desktop\FACU\PROYECTO_TD3\freertos\Debug\libfreertos.a(tasks.o)
 .comment       0x0000006e       0x6f C:\Users\acafa\Desktop\FACU\PROYECTO_TD3\freertos\Debug\libfreertos.a(FreeRTOSCommonHooks.o)
 .comment       0x0000006e       0x6f C:\Users\acafa\Desktop\FACU\PROYECTO_TD3\freertos\Debug\libfreertos.a(heap_3.o)
 .comment       0x0000006e       0x6f C:\Users\acafa\Desktop\FACU\PROYECTO_TD3\freertos\Debug\libfreertos.a(list.o)
 .comment       0x0000006e       0x6f C:\Users\acafa\Desktop\FACU\PROYECTO_TD3\freertos\Debug\libfreertos.a(port.o)
 .comment       0x0000006e       0x6e d:/nxp2/lpcxpresso_8.2.0_647/lpcxpresso/tools/bin/../lib/gcc/arm-none-eabi/5.3.1/../../../../arm-none-eabi/lib/armv7-m\libcr_nohost.a(_cr__main.o)
                                 0x6f (size before relaxing)
 .comment       0x000000dc       0x6f d:/nxp2/lpcxpresso_8.2.0_647/lpcxpresso/tools/bin/../lib/gcc/arm-none-eabi/5.3.1/../../../../arm-none-eabi/lib/armv7-m\libcr_c.a(atan2f.o)
 .comment       0x000000dc       0x6f d:/nxp2/lpcxpresso_8.2.0_647/lpcxpresso/tools/bin/../lib/gcc/arm-none-eabi/5.3.1/../../../../arm-none-eabi/lib/armv7-m\libcr_c.a(atanf.o)
 .comment       0x000000dc       0x6f d:/nxp2/lpcxpresso_8.2.0_647/lpcxpresso/tools/bin/../lib/gcc/arm-none-eabi/5.3.1/../../../../arm-none-eabi/lib/armv7-m\libcr_c.a(fabsf.o)
 .comment       0x000000dc       0x6f d:/nxp2/lpcxpresso_8.2.0_647/lpcxpresso/tools/bin/../lib/gcc/arm-none-eabi/5.3.1/../../../../arm-none-eabi/lib/armv7-m\libcr_c.a(memcpy.o)
 .comment       0x000000dc       0x6f d:/nxp2/lpcxpresso_8.2.0_647/lpcxpresso/tools/bin/../lib/gcc/arm-none-eabi/5.3.1/../../../../arm-none-eabi/lib/armv7-m\libcr_c.a(memset.o)
 .comment       0x000000dc       0x6f d:/nxp2/lpcxpresso_8.2.0_647/lpcxpresso/tools/bin/../lib/gcc/arm-none-eabi/5.3.1/../../../../arm-none-eabi/lib/armv7-m\libcr_c.a(alloc.o)