Archive member included to satisfy reference by file (symbol)

C:\Users\acafa\Desktop\FACU\PROYECTO_TD3\lpc_board_nxp_lpcxpresso_1769\Debug\liblpc_board_nxp_lpcxpresso_1769.a(board.o)
                              ./src/GPIO.o (Board_LED_Set)
C:\Users\acafa\Desktop\FACU\PROYECTO_TD3\lpc_board_nxp_lpcxpresso_1769\Debug\liblpc_board_nxp_lpcxpresso_1769.a(board_sysinit.o)
                              ./src/sysinit.o (Board_SystemInit)
C:\Users\acafa\Desktop\FACU\PROYECTO_TD3\lpc_chip_175x_6x\Debug\liblpc_chip_175x_6x.a(chip_17xx_40xx.o)
                              ./src/GPIO.o (SystemCoreClockUpdate)
C:\Users\acafa\Desktop\FACU\PROYECTO_TD3\lpc_chip_175x_6x\Debug\liblpc_chip_175x_6x.a(clock_17xx_40xx.o)
                              C:\Users\acafa\Desktop\FACU\PROYECTO_TD3\lpc_chip_175x_6x\Debug\liblpc_chip_175x_6x.a(chip_17xx_40xx.o) (Chip_Clock_EnablePLL)
C:\Users\acafa\Desktop\FACU\PROYECTO_TD3\lpc_chip_175x_6x\Debug\liblpc_chip_175x_6x.a(i2c_17xx_40xx.o)
                              ./src/GPIO.o (Chip_I2C_EventHandler)
C:\Users\acafa\Desktop\FACU\PROYECTO_TD3\lpc_chip_175x_6x\Debug\liblpc_chip_175x_6x.a(i2s_17xx_40xx.o)
                              C:\Users\acafa\Desktop\FACU\PROYECTO_TD3\lpc_board_nxp_lpcxpresso_1769\Debug\liblpc_board_nxp_lpcxpresso_1769.a(board.o) (Chip_I2S_Init)
C:\Users\acafa\Desktop\FACU\PROYECTO_TD3\lpc_chip_175x_6x\Debug\liblpc_chip_175x_6x.a(iocon_17xx_40xx.o)
                              C:\Users\acafa\Desktop\FACU\PROYECTO_TD3\lpc_board_nxp_lpcxpresso_1769\Debug\liblpc_board_nxp_lpcxpresso_1769.a(board.o) (Chip_IOCON_PinMux)
C:\Users\acafa\Desktop\FACU\PROYECTO_TD3\lpc_chip_175x_6x\Debug\liblpc_chip_175x_6x.a(sysinit_17xx_40xx.o)
                              C:\Users\acafa\Desktop\FACU\PROYECTO_TD3\lpc_board_nxp_lpcxpresso_1769\Debug\liblpc_board_nxp_lpcxpresso_1769.a(board_sysinit.o) (Chip_SetupXtalClocking)
C:\Users\acafa\Desktop\FACU\PROYECTO_TD3\lpc_chip_175x_6x\Debug\liblpc_chip_175x_6x.a(uart_17xx_40xx.o)
                              C:\Users\acafa\Desktop\FACU\PROYECTO_TD3\lpc_board_nxp_lpcxpresso_1769\Debug\liblpc_board_nxp_lpcxpresso_1769.a(board.o) (Chip_UART_Init)
C:\Users\acafa\Desktop\FACU\PROYECTO_TD3\lpc_chip_175x_6x\Debug\liblpc_chip_175x_6x.a(ring_buffer.o)
                              C:\Users\acafa\Desktop\FACU\PROYECTO_TD3\lpc_chip_175x_6x\Debug\liblpc_chip_175x_6x.a(uart_17xx_40xx.o) (RingBuffer_Insert)
C:\Users\acafa\Desktop\FACU\PROYECTO_TD3\freertos\Debug\libfreertos.a(tasks.o)
                              ./src/GPIO.o (xTaskGenericCreate)
C:\Users\acafa\Desktop\FACU\PROYECTO_TD3\freertos\Debug\libfreertos.a(heap_3.o)
                              C:\Users\acafa\Desktop\FACU\PROYECTO_TD3\freertos\Debug\libfreertos.a(tasks.o) (pvPortMalloc)
C:\Users\acafa\Desktop\FACU\PROYECTO_TD3\freertos\Debug\libfreertos.a(list.o)
                              C:\Users\acafa\Desktop\FACU\PROYECTO_TD3\freertos\Debug\libfreertos.a(tasks.o) (vListInitialise)
C:\Users\acafa\Desktop\FACU\PROYECTO_TD3\freertos\Debug\libfreertos.a(port.o)
                              C:\Users\acafa\Desktop\FACU\PROYECTO_TD3\freertos\Debug\libfreertos.a(tasks.o) (pxPortInitialiseStack)
d:/nxp2/lpcxpresso_8.2.0_647/lpcxpresso/tools/bin/../lib/gcc/arm-none-eabi/5.3.1/../../../../arm-none-eabi/lib/armv7-m\libcr_nohost.a(_cr__main.o)
                              ./src/cr_startup_lpc175x_6x.o (__main)
d:/nxp2/lpcxpresso_8.2.0_647/lpcxpresso/tools/bin/../lib/gcc/arm-none-eabi/5.3.1/../../../../arm-none-eabi/lib/armv7-m\libcr_c.a(atan2f.o)
                              ./src/GPIO.o (atan2f)
d:/nxp2/lpcxpresso_8.2.0_647/lpcxpresso/tools/bin/../lib/gcc/arm-none-eabi/5.3.1/../../../../arm-none-eabi/lib/armv7-m\libcr_c.a(atanf.o)
                              d:/nxp2/lpcxpresso_8.2.0_647/lpcxpresso/tools/bin/../lib/gcc/arm-none-eabi/5.3.1/../../../../arm-none-eabi/lib/armv7-m\libcr_c.a(atan2f.o) (atanf)
d:/nxp2/lpcxpresso_8.2.0_647/lpcxpresso/tools/bin/../lib/gcc/arm-none-eabi/5.3.1/../../../../arm-none-eabi/lib/armv7-m\libcr_c.a(fabsf.o)
                              d:/nxp2/lpcxpresso_8.2.0_647/lpcxpresso/tools/bin/../lib/gcc/arm-none-eabi/5.3.1/../../../../arm-none-eabi/lib/armv7-m\libcr_c.a(atan2f.o) (fabsf)
d:/nxp2/lpcxpresso_8.2.0_647/lpcxpresso/tools/bin/../lib/gcc/arm-none-eabi/5.3.1/../../../../arm-none-eabi/lib/armv7-m\libcr_c.a(memcpy.o)
                              C:\Users\acafa\Desktop\FACU\PROYECTO_TD3\lpc_board_nxp_lpcxpresso_1769\Debug\liblpc_board_nxp_lpcxpresso_1769.a(board.o) (memcpy)
d:/nxp2/lpcxpresso_8.2.0_647/lpcxpresso/tools/bin/../lib/gcc/arm-none-eabi/5.3.1/../../../../arm-none-eabi/lib/armv7-m\libcr_c.a(memset.o)
                              C:\Users\acafa\Desktop\FACU\PROYECTO_TD3\freertos\Debug\libfreertos.a(tasks.o) (memset)
d:/nxp2/lpcxpresso_8.2.0_647/lpcxpresso/tools/bin/../lib/gcc/arm-none-eabi/5.3.1/../../../../arm-none-eabi/lib/armv7-m\libcr_c.a(alloc.o)
[...]
Memory Configuration

Name             Origin             Length             Attributes
MFlash512        0x00000000         0x00080000         xr
RamLoc32         0x10000000         0x00008000         xrw
RamAHB32         0x2007c000         0x00008000         xrw
*default*        0x00000000         0xffffffff

Linker script and memory map

LOAD ./src/GPIO.o
LOAD ./src/cr_startup_lpc175x_6x.o
LOAD ./src/crp.o
LOAD ./src/display.o
LOAD ./src/sysinit.o
LOAD C:\Users\acafa\Desktop\FACU\PROYECTO_TD3\lpc_board_nxp_lpcxpresso_1769\Debug\liblpc_board_nxp_lpcxpresso_1769.a
LOAD C:\Users\acafa\Desktop\FACU\PROYECTO_TD3\lpc_chip_175x_6x\Debug\liblpc_chip_175x_6x.a
LOAD C:\Users\acafa\Desktop\FACU\PROYECTO_TD3\freertos\Debug\libfreertos.a
START GROUP
LOAD d:/nxp2/lpcxpresso_8.2.0_647/lpcxpresso/tools/bin/../lib/gcc/arm-none-eabi/5.3.1/../../../../arm-none-eabi/lib/armv7-m\libcr_nohost.a
LOAD d:/nxp2/lpcxpresso_8.2.0_647/lpcxpresso/tools/bin/../lib/gcc/arm-none-eabi/5.3.1/../../../../arm-none-eabi/lib/armv7-m\libcr_c.a
LOAD d:/nxp2/lpcxpresso_8.2.0_647/lpcxpresso/tools/bin/../lib/gcc/arm-none-eabi/5.3.1/armv7-m\libcr_eabihelpers.a
END GROUP
                0x00000000                __base_MFlash512 = 0x0
                0x00000000                __base_Flash = 0x0
                0x00080000                __top_MFlash512 = 0x80000
                0x00080000                __top_Flash = 0x80000
                0x10000000                __base_RamLoc32 = 0x10000000
                0x10000000                __base_RAM = 0x10000000
                0x10008000                __top_RamLoc32 = 0x10008000
                0x10008000                __top_RAM = 0x10008000
                0x2007c000                __base_RamAHB32 = 0x2007c000
                0x2007c000                __base_RAM2 = 0x2007c000
                0x20084000                __top_RamAHB32 = 0x20084000
                0x20084000                __top_RAM2 = 0x20084000

.text           0x00000000     0x71d0
 FILL mask 0xff
                0x00000000                __vectors_start__ = ABSOLUTE (.)
 *(.isr_vector)
 .isr_vector    0x00000000       0xcc ./src/cr_startup_lpc175x_6x.o
                0x00000000                g_pfnVectors
                0x000000cc                . = ALIGN (0x4)
                0x000000cc                __section_table_start = .
                0x000000cc                __data_section_table = .
                0x000000cc        0x4 LONG 0x71d0 LOADADDR (.data)
                0x000000d0        0x4 LONG 0x10000000 ADDR (.data)
                0x000000d4        0x4 LONG 0x60 SIZEOF (.data)
                0x000000d8        0x4 LONG 0x71d0 LOADADDR (.data_RAM2)
                0x000000dc        0x4 LONG 0x2007c000 ADDR (.data_RAM2)
                0x000000e0        0x4 LONG 0x0 SIZEOF (.data_RAM2)
                0x000000e4                __data_section_table_end = .
                0x000000e4                __bss_section_table = .
                0x000000e4        0x4 LONG 0x10000060 ADDR (.bss)
                0x000000e8        0x4 LONG 0x33c SIZEOF (.bss)
                0x000000ec        0x4 LONG 0x2007c000 ADDR (.bss_RAM2)
                0x000000f0        0x4 LONG 0x0 SIZEOF (.bss_RAM2)
                0x000000f4                __bss_section_table_end = .
                0x000000f4                __section_table_end = .
 *(.after_vectors*)
 .after_vectors
                0x000000f4      0x144 ./src/cr_startup_lpc175x_6x.o
                0x000000f4                data_init
                0x00000138                bss_init
                0x00000170                ResetISR
                0x000001e8                NMI_Handler
                0x000001f0                HardFault_Handler
                0x000001f8                MemManage_Handler
                0x00000200                BusFault_Handler
                0x00000208                UsageFault_Handler
                0x00000218                DebugMon_Handler
                0x00000230                CANActivity_IRQHandler
                0x00000230                TIMER3_IRQHandler
                0x00000230                UART0_IRQHandler
                0x00000230                PWM1_IRQHandler
                0x00000230                EINT3_IRQHandler
                0x00000230                UART1_IRQHandler
                0x00000230                IntDefaultHandler
                0x00000230                PLL0_IRQHandler
                0x00000230                CAN_IRQHandler
                0x00000230                PLL1_IRQHandler
                0x00000230                USBActivity_IRQHandler
                0x00000230                I2S_IRQHandler
                0x00000230                I2C2_IRQHandler
                0x00000230                RTC_IRQHandler
                0x00000230                TIMER0_IRQHandler
                0x00000230                SPI_IRQHandler
                0x00000230                RIT_IRQHandler
                0x00000230                EINT1_IRQHandler
                0x00000230                TIMER1_IRQHandler
                0x00000230                UART2_IRQHandler
                0x00000230                ADC_IRQHandler
                0x00000230                SSP1_IRQHandler
                0x00000230                USB_IRQHandler
                0x00000230                BOD_IRQHandler
                0x00000230                EINT2_IRQHandler
                0x00000230                WDT_IRQHandler
                0x00000230                QEI_IRQHandler
                0x00000230                EINT0_IRQHandler
                0x00000230                ETH_IRQHandler
                0x00000230                SSP0_IRQHandler
                0x00000230                DMA_IRQHandler
                0x00000230                TIMER2_IRQHandler
                0x00000230                UART3_IRQHandler
                0x00000230                MCPWM_IRQHandler
                0x000002fc                . = 0x2fc
 *fill*         0x00000238       0xc4 ff
                0x000002fc                PROVIDE (__CRP_WORD_START__, .)
 *(.crp)
 .crp           0x000002fc        0x4 ./src/crp.o
                0x000002fc                CRP_WORD
                0x00000300                PROVIDE (__CRP_WORD_END__, .)
                0x00000001                ASSERT (! ((__CRP_WORD_START__ == __CRP_WORD_END__)), Linker CRP Enabled, but no CRP_WORD provided within application)
 *(.text*)
 .text.NVIC_EnableIRQ
                0x00000300       0x30 ./src/GPIO.o
 .text.NVIC_DisableIRQ
                0x00000330       0x34 ./src/GPIO.o
 .text.NVIC_SetPriority
                0x00000364       0x54 ./src/GPIO.o
 .text.Chip_GPIO_SetPinState
                0x000003b8       0x68 ./src/GPIO.o
 .text.Chip_GPIO_GetPinState
                0x00000420       0x38 ./src/GPIO.o
 .text.Chip_GPIO_ReadPortBit
                0x00000458       0x28 ./src/GPIO.o
 .text.getAres  0x00000480       0x5c ./src/GPIO.o
                0x00000480                getAres
 .text.getGres  0x000004dc       0x64 ./src/GPIO.o
                0x000004dc                getGres
 .text.i2c_state_handling
                0x00000540       0x34 ./src/GPIO.o
 .text.i2c_set_mode
                0x00000574       0x84 ./src/GPIO.o
 .text.i2c_app_init
                0x000005f8       0x3c ./src/GPIO.o
 .text.I2C1_IRQHandler
                0x00000634       0x10 ./src/GPIO.o
                0x00000634                I2C1_IRQHandler
 .text.I2C0_IRQHandler
                0x00000644       0x1c ./src/GPIO.o
                0x00000644                I2C0_IRQHandler
 .text.vENTRADA
                0x00000660       0x50 ./src/GPIO.o
                0x00000660                vENTRADA
 .text.vINCLINOMETRO
                0x000006b0      0x16c ./src/GPIO.o
 .text.main     0x0000081c       0xe8 ./src/GPIO.o
                0x0000081c                main
 .text.delay_lcd
                0x00000904       0x18 ./src/GPIO.o
                0x00000904                delay_lcd
 *fill*         0x0000091c        0x4 ff
 .text.complementaryFilter
                0x00000920      0x330 ./src/GPIO.o
                0x00000920                complementaryFilter
 .text.calibrate
                0x00000c50      0x3d8 ./src/GPIO.o
                0x00000c50                calibrate
 .text.readAccelData
                0x00001028       0x58 ./src/GPIO.o
                0x00001028                readAccelData
 .text.readGyroData
                0x00001080       0x58 ./src/GPIO.o
                0x00001080                readGyroData
 .text.reset    0x000010d8       0x18 ./src/GPIO.o
                0x000010d8                reset
 .text.init     0x000010f0       0xdc ./src/GPIO.o
                0x000010f0                init
 .text.whoAmI   0x000011cc       0x4c ./src/GPIO.o
                0x000011cc                whoAmI
 .text.writeByte
                0x00001218       0x38 ./src/GPIO.o
                0x00001218                writeByte
 .text.readByte
                0x00001250       0x44 ./src/GPIO.o
                0x00001250                readByte
 .text.readBytes
                0x00001294       0x6c ./src/GPIO.o
                0x00001294                readBytes
 .text.presentacion_referencia
                0x00001300       0xa4 ./src/GPIO.o
                0x00001300                presentacion_referencia
 .text.presentacion_angulo
                0x000013a4       0x8c ./src/GPIO.o
                0x000013a4                presentacion_angulo
 .text.botones  0x00001430       0x80 ./src/GPIO.o
                0x00001430                botones
 .text.Chip_GPIO_SetPinState
                0x000014b0       0x68 ./src/display.o
 .text.Chip_GPIO_SetPortOutHigh
                0x00001518       0x24 ./src/display.o
 .text.Chip_GPIO_SetPortOutLow
                0x0000153c       0x24 ./src/display.o
 .text.inicializacion_lcd
                0x00001560       0x30 ./src/display.o
                0x00001560                inicializacion_lcd
 .text.goto_xy  0x00001590       0x40 ./src/display.o
                0x00001590                goto_xy
 .text.instruccion
                0x000015d0       0x68 ./src/display.o
                0x000015d0                instruccion
 .text.instruccion_init
                0x00001638       0x68 ./src/display.o
                0x00001638                instruccion_init
 .text.imprimecaracter
                0x000016a0       0x68 ./src/display.o
                0x000016a0                imprimecaracter
 .text.delay_ms_init
                0x00001708       0x38 ./src/display.o
                0x00001708                delay_ms_init
 .text.SystemInit
                0x00001740       0x24 ./src/sysinit.o
                0x00001740                SystemInit
 .text.Chip_IOCON_Init
                0x00001764       0x18 C:\Users\acafa\Desktop\FACU\PROYECTO_TD3\lpc_board_nxp_lpcxpresso_1769\Debug\liblpc_board_nxp_lpcxpresso_1769.a(board.o)
 .text.Chip_IOCON_EnableOD
                0x0000177c       0x38 C:\Users\acafa\Desktop\FACU\PROYECTO_TD3\lpc_board_nxp_lpcxpresso_1769\Debug\liblpc_board_nxp_lpcxpresso_1769.a(board.o)
 .text.Chip_IOCON_SetI2CPad
                0x000017b4       0x1c C:\Users\acafa\Desktop\FACU\PROYECTO_TD3\lpc_board_nxp_lpcxpresso_1769\Debug\liblpc_board_nxp_lpcxpresso_1769.a(board.o)
 .text.Chip_GPIO_Init
                0x000017d0       0x18 C:\Users\acafa\Desktop\FACU\PROYECTO_TD3\lpc_board_nxp_lpcxpresso_1769\Debug\liblpc_board_nxp_lpcxpresso_1769.a(board.o)
 .text.Chip_GPIO_SetPinState
                0x000017e8       0x68 C:\Users\acafa\Desktop\FACU\PROYECTO_TD3\lpc_board_nxp_lpcxpresso_1769\Debug\liblpc_board_nxp_lpcxpresso_1769.a(board.o)
 .text.Chip_GPIO_WritePortBit
                0x00001850       0x2c C:\Users\acafa\Desktop\FACU\PROYECTO_TD3\lpc_board_nxp_lpcxpresso_1769\Debug\liblpc_board_nxp_lpcxpresso_1769.a(board.o)
 .text.Chip_GPIO_GetPinState
                0x0000187c       0x38 C:\Users\acafa\Desktop\FACU\PROYECTO_TD3\lpc_board_nxp_lpcxpresso_1769\Debug\liblpc_board_nxp_lpcxpresso_1769.a(board.o)
 .text.Chip_GPIO_ReadPortBit
                0x000018b4       0x28 C:\Users\acafa\Desktop\FACU\PROYECTO_TD3\lpc_board_nxp_lpcxpresso_1769\Debug\liblpc_board_nxp_lpcxpresso_1769.a(board.o)
 .text.Chip_GPIO_SetPinDIROutput
                0x000018dc       0x38 C:\Users\acafa\Desktop\FACU\PROYECTO_TD3\lpc_board_nxp_lpcxpresso_1769\Debug\liblpc_board_nxp_lpcxpresso_1769.a(board.o)
 .text.Chip_GPIO_SetPinDIRInput
                0x00001914       0x3c C:\Users\acafa\Desktop\FACU\PROYECTO_TD3\lpc_board_nxp_lpcxpresso_1769\Debug\liblpc_board_nxp_lpcxpresso_1769.a(board.o)
 .text.Chip_GPIO_SetPinDIR
                0x00001950       0x44 C:\Users\acafa\Desktop\FACU\PROYECTO_TD3\lpc_board_nxp_lpcxpresso_1769\Debug\liblpc_board_nxp_lpcxpresso_1769.a(board.o)
 .text.Chip_GPIO_WriteDirBit
                0x00001994       0x30 C:\Users\acafa\Desktop\FACU\PROYECTO_TD3\lpc_board_nxp_lpcxpresso_1769\Debug\liblpc_board_nxp_lpcxpresso_1769.a(board.o)
 .text.Chip_UART_SendByte
                0x000019c4       0x1c C:\Users\acafa\Desktop\FACU\PROYECTO_TD3\lpc_board_nxp_lpcxpresso_1769\Debug\liblpc_board_nxp_lpcxpresso_1769.a(board.o)
 .text.Chip_UART_ConfigData
                0x000019e0       0x1c C:\Users\acafa\Desktop\FACU\PROYECTO_TD3\lpc_board_nxp_lpcxpresso_1769\Debug\liblpc_board_nxp_lpcxpresso_1769.a(board.o)
 .text.Chip_UART_ReadLineStatus
                0x000019fc       0x18 C:\Users\acafa\Desktop\FACU\PROYECTO_TD3\lpc_board_nxp_lpcxpresso_1769\Debug\liblpc_board_nxp_lpcxpresso_1769.a(board.o)
 .text.__sys_write
                0x00001a14       0x38 C:\Users\acafa\Desktop\FACU\PROYECTO_TD3\lpc_board_nxp_lpcxpresso_1769\Debug\liblpc_board_nxp_lpcxpresso_1769.a(board.o)
                0x00001a14                __sys_write
 .text.Board_LED_Init
                0x00001a4c       0xd0 C:\Users\acafa\Desktop\FACU\PROYECTO_TD3\lpc_board_nxp_lpcxpresso_1769\Debug\liblpc_board_nxp_lpcxpresso_1769.a(board.o)
 .text.Board_UART_Init
                0x00001b1c       0x14 C:\Users\acafa\Desktop\FACU\PROYECTO_TD3\lpc_board_nxp_lpcxpresso_1769\Debug\liblpc_board_nxp_lpcxpresso_1769.a(board.o)
                0x00001b1c                Board_UART_Init
 .text.Board_Debug_Init
                0x00001b30       0x30 C:\Users\acafa\Desktop\FACU\PROYECTO_TD3\lpc_board_nxp_lpcxpresso_1769\Debug\liblpc_board_nxp_lpcxpresso_1769.a(board.o)
                0x00001b30                Board_Debug_Init
 .text.Board_UARTPutChar
                0x00001b60       0x34 C:\Users\acafa\Desktop\FACU\PROYECTO_TD3\lpc_board_nxp_lpcxpresso_1769\Debug\liblpc_board_nxp_lpcxpresso_1769.a(board.o)
                0x00001b60                Board_UARTPutChar
 .text.Board_LED_Set
                0x00001b94       0x30 C:\Users\acafa\Desktop\FACU\PROYECTO_TD3\lpc_board_nxp_lpcxpresso_1769\Debug\liblpc_board_nxp_lpcxpresso_1769.a(board.o)
                0x00001b94                Board_LED_Set
 .text.Board_LED_Test
                0x00001bc4       0x30 C:\Users\acafa\Desktop\FACU\PROYECTO_TD3\lpc_board_nxp_lpcxpresso_1769\Debug\liblpc_board_nxp_lpcxpresso_1769.a(board.o)
                0x00001bc4                Board_LED_Test
 .text.Board_LED_Toggle
                0x00001bf4       0x44 C:\Users\acafa\Desktop\FACU\PROYECTO_TD3\lpc_board_nxp_lpcxpresso_1769\Debug\liblpc_board_nxp_lpcxpresso_1769.a(board.o)
                0x00001bf4                Board_LED_Toggle
 .text.Board_Init
                0x00001c38       0x24 C:\Users\acafa\Desktop\FACU\PROYECTO_TD3\lpc_board_nxp_lpcxpresso_1769\Debug\liblpc_board_nxp_lpcxpresso_1769.a(board.o)
                0x00001c38                Board_Init
 .text.Board_I2C_Init
                0x00001c5c       0xbc C:\Users\acafa\Desktop\FACU\PROYECTO_TD3\lpc_board_nxp_lpcxpresso_1769\Debug\liblpc_board_nxp_lpcxpresso_1769.a(board.o)
                0x00001c5c                Board_I2C_Init
 .text.Chip_SYSCTL_SetFLASHAccess
                0x00001d18       0x30 C:\Users\acafa\Desktop\FACU\PROYECTO_TD3\lpc_board_nxp_lpcxpresso_1769\Debug\liblpc_board_nxp_lpcxpresso_1769.a(board_sysinit.o)
 .text.Board_SetupMuxing
                0x00001d48       0x1c C:\Users\acafa\Desktop\FACU\PROYECTO_TD3\lpc_board_nxp_lpcxpresso_1769\Debug\liblpc_board_nxp_lpcxpresso_1769.a(board_sysinit.o)
                0x00001d48                Board_SetupMuxing
 .text.Board_SetupClocking
                0x00001d64       0x14 C:\Users\acafa\Desktop\FACU\PROYECTO_TD3\lpc_board_nxp_lpcxpresso_1769\Debug\liblpc_board_nxp_lpcxpresso_1769.a(board_sysinit.o)
                0x00001d64                Board_SetupClocking
 .text.Board_SystemInit
                0x00001d78       0x10 C:\Users\acafa\Desktop\FACU\PROYECTO_TD3\lpc_board_nxp_lpcxpresso_1769\Debug\liblpc_board_nxp_lpcxpresso_1769.a(board_sysinit.o)
                0x00001d78                Board_SystemInit
 .text.SystemCoreClockUpdate
                0x00001d88       0x18 C:\Users\acafa\Desktop\FACU\PROYECTO_TD3\lpc_chip_175x_6x\Debug\liblpc_chip_175x_6x.a(chip_17xx_40xx.o)
                0x00001d88                SystemCoreClockUpdate
 .text.Chip_Clock_IsMainPLLEnabled
                0x00001da0       0x24 C:\Users\acafa\Desktop\FACU\PROYECTO_TD3\lpc_chip_175x_6x\Debug\liblpc_chip_175x_6x.a(clock_17xx_40xx.o)
 .text.Chip_Clock_IsMainPLLConnected
                0x00001dc4       0x24 C:\Users\acafa\Desktop\FACU\PROYECTO_TD3\lpc_chip_175x_6x\Debug\liblpc_chip_175x_6x.a(clock_17xx_40xx.o)
 .text.Chip_Clock_FeedPLL
                0x00001de8       0x34 C:\Users\acafa\Desktop\FACU\PROYECTO_TD3\lpc_chip_175x_6x\Debug\liblpc_chip_175x_6x.a(clock_17xx_40xx.o)
 .text.Chip_Clock_GetMainPLLSource
                0x00001e1c       0x20 C:\Users\acafa\Desktop\FACU\PROYECTO_TD3\lpc_chip_175x_6x\Debug\liblpc_chip_175x_6x.a(clock_17xx_40xx.o)
 .text.Chip_Clock_GetMainOscRate
                0x00001e3c       0x14 C:\Users\acafa\Desktop\FACU\PROYECTO_TD3\lpc_chip_175x_6x\Debug\liblpc_chip_175x_6x.a(clock_17xx_40xx.o)
 .text.Chip_Clock_GetIntOscRate
                0x00001e50       0x14 C:\Users\acafa\Desktop\FACU\PROYECTO_TD3\lpc_chip_175x_6x\Debug\liblpc_chip_175x_6x.a(clock_17xx_40xx.o)
 .text.Chip_Clock_GetRTCOscRate
                0x00001e64       0x14 C:\Users\acafa\Desktop\FACU\PROYECTO_TD3\lpc_chip_175x_6x\Debug\liblpc_chip_175x_6x.a(clock_17xx_40xx.o)
 .text.Chip_Clock_GetMainPLLInClockRate
                0x00001e78       0x10 C:\Users\acafa\Desktop\FACU\PROYECTO_TD3\lpc_chip_175x_6x\Debug\liblpc_chip_175x_6x.a(clock_17xx_40xx.o)
 .text.Chip_Clock_EnablePLL
                0x00001e88       0x44 C:\Users\acafa\Desktop\FACU\PROYECTO_TD3\lpc_chip_175x_6x\Debug\liblpc_chip_175x_6x.a(clock_17xx_40xx.o)
                0x00001e88                Chip_Clock_EnablePLL
 .text.Chip_Clock_DisablePLL
                0x00001ecc       0x48 C:\Users\acafa\Desktop\FACU\PROYECTO_TD3\lpc_chip_175x_6x\Debug\liblpc_chip_175x_6x.a(clock_17xx_40xx.o)
                0x00001ecc                Chip_Clock_DisablePLL
 .text.Chip_Clock_SetupPLL
                0x00001f14       0x5c C:\Users\acafa\Desktop\FACU\PROYECTO_TD3\lpc_chip_175x_6x\Debug\liblpc_chip_175x_6x.a(clock_17xx_40xx.o)
                0x00001f14                Chip_Clock_SetupPLL
 .text.Chip_Clock_EnablePeriphClock
                0x00001f70       0x34 C:\Users\acafa\Desktop\FACU\PROYECTO_TD3\lpc_chip_175x_6x\Debug\liblpc_chip_175x_6x.a(clock_17xx_40xx.o)
                0x00001f70                Chip_Clock_EnablePeriphClock
 .text.Chip_Clock_GetCPUClockSource
                0x00001fa4       0x24 C:\Users\acafa\Desktop\FACU\PROYECTO_TD3\lpc_chip_175x_6x\Debug\liblpc_chip_175x_6x.a(clock_17xx_40xx.o)
                0x00001fa4                Chip_Clock_GetCPUClockSource
 .text.Chip_Clock_SetCPUClockDiv
                0x00001fc8       0x20 C:\Users\acafa\Desktop\FACU\PROYECTO_TD3\lpc_chip_175x_6x\Debug\liblpc_chip_175x_6x.a(clock_17xx_40xx.o)
                0x00001fc8                Chip_Clock_SetCPUClockDiv
 .text.Chip_Clock_GetCPUClockDiv
                0x00001fe8       0x1c C:\Users\acafa\Desktop\FACU\PROYECTO_TD3\lpc_chip_175x_6x\Debug\liblpc_chip_175x_6x.a(clock_17xx_40xx.o)
                0x00001fe8                Chip_Clock_GetCPUClockDiv
 .text.Chip_Clock_GetPCLKDiv
                0x00002004       0x8c C:\Users\acafa\Desktop\FACU\PROYECTO_TD3\lpc_chip_175x_6x\Debug\liblpc_chip_175x_6x.a(clock_17xx_40xx.o)
                0x00002004                Chip_Clock_GetPCLKDiv
 .text.Chip_Clock_GetSYSCLKRate
                0x00002090       0x34 C:\Users\acafa\Desktop\FACU\PROYECTO_TD3\lpc_chip_175x_6x\Debug\liblpc_chip_175x_6x.a(clock_17xx_40xx.o)
                0x00002090                Chip_Clock_GetSYSCLKRate
 .text.Chip_Clock_GetMainPLLOutClockRate
                0x000020c4       0x54 C:\Users\acafa\Desktop\FACU\PROYECTO_TD3\lpc_chip_175x_6x\Debug\liblpc_chip_175x_6x.a(clock_17xx_40xx.o)
                0x000020c4                Chip_Clock_GetMainPLLOutClockRate
 .text.Chip_Clock_GetMainClockRate
                0x00002118       0x28 C:\Users\acafa\Desktop\FACU\PROYECTO_TD3\lpc_chip_175x_6x\Debug\liblpc_chip_175x_6x.a(clock_17xx_40xx.o)
                0x00002118                Chip_Clock_GetMainClockRate
 .text.Chip_Clock_GetSystemClockRate
                0x00002140       0x18 C:\Users\acafa\Desktop\FACU\PROYECTO_TD3\lpc_chip_175x_6x\Debug\liblpc_chip_175x_6x.a(clock_17xx_40xx.o)
                0x00002140                Chip_Clock_GetSystemClockRate
 .text.Chip_Clock_GetPeripheralClockRate
                0x00002158       0x28 C:\Users\acafa\Desktop\FACU\PROYECTO_TD3\lpc_chip_175x_6x\Debug\liblpc_chip_175x_6x.a(clock_17xx_40xx.o)
                0x00002158                Chip_Clock_GetPeripheralClockRate
 .text.enableClk
                0x00002180       0x30 C:\Users\acafa\Desktop\FACU\PROYECTO_TD3\lpc_chip_175x_6x\Debug\liblpc_chip_175x_6x.a(i2c_17xx_40xx.o)
 .text.getClkRate
                0x000021b0       0x24 C:\Users\acafa\Desktop\FACU\PROYECTO_TD3\lpc_chip_175x_6x\Debug\liblpc_chip_175x_6x.a(i2c_17xx_40xx.o)
 .text.startMasterXfer
                0x000021d4       0x20 C:\Users\acafa\Desktop\FACU\PROYECTO_TD3\lpc_chip_175x_6x\Debug\liblpc_chip_175x_6x.a(i2c_17xx_40xx.o)
 .text.startSlaverXfer
                0x000021f4       0x20 C:\Users\acafa\Desktop\FACU\PROYECTO_TD3\lpc_chip_175x_6x\Debug\liblpc_chip_175x_6x.a(i2c_17xx_40xx.o)
 .text.isI2CBusFree
                0x00002214       0x24 C:\Users\acafa\Desktop\FACU\PROYECTO_TD3\lpc_chip_175x_6x\Debug\liblpc_chip_175x_6x.a(i2c_17xx_40xx.o)
 .text.getCurState
                0x00002238       0x1c C:\Users\acafa\Desktop\FACU\PROYECTO_TD3\lpc_chip_175x_6x\Debug\liblpc_chip_175x_6x.a(i2c_17xx_40xx.o)
 .text.isMasterState
                0x00002254       0x24 C:\Users\acafa\Desktop\FACU\PROYECTO_TD3\lpc_chip_175x_6x\Debug\liblpc_chip_175x_6x.a(i2c_17xx_40xx.o)
 .text.isSlaveAddrMatching
                0x00002278       0x40 C:\Users\acafa\Desktop\FACU\PROYECTO_TD3\lpc_chip_175x_6x\Debug\liblpc_chip_175x_6x.a(i2c_17xx_40xx.o)
 .text.lookupSlaveIndex
                0x000022b8       0x9c C:\Users\acafa\Desktop\FACU\PROYECTO_TD3\lpc_chip_175x_6x\Debug\liblpc_chip_175x_6x.a(i2c_17xx_40xx.o)
 .text.handleMasterXferState
                0x00002354      0x284 C:\Users\acafa\Desktop\FACU\PROYECTO_TD3\lpc_chip_175x_6x\Debug\liblpc_chip_175x_6x.a(i2c_17xx_40xx.o)
                0x00002354                handleMasterXferState
 .text.getSlaveIndex
                0x000025d8       0x4c C:\Users\acafa\Desktop\FACU\PROYECTO_TD3\lpc_chip_175x_6x\Debug\liblpc_chip_175x_6x.a(i2c_17xx_40xx.o)
                0x000025d8                getSlaveIndex
 .text.handleSlaveXferState
                0x00002624      0x2b8 C:\Users\acafa\Desktop\FACU\PROYECTO_TD3\lpc_chip_175x_6x\Debug\liblpc_chip_175x_6x.a(i2c_17xx_40xx.o)
                0x00002624                handleSlaveXferState
 .text.Chip_I2C_EventHandler
                0x000028dc       0x4c C:\Users\acafa\Desktop\FACU\PROYECTO_TD3\lpc_chip_175x_6x\Debug\liblpc_chip_175x_6x.a(i2c_17xx_40xx.o)
                0x000028dc                Chip_I2C_EventHandler
 .text.Chip_I2C_EventHandlerPolling
                0x00002928       0x60 C:\Users\acafa\Desktop\FACU\PROYECTO_TD3\lpc_chip_175x_6x\Debug\liblpc_chip_175x_6x.a(i2c_17xx_40xx.o)
                0x00002928                Chip_I2C_EventHandlerPolling
 .text.Chip_I2C_Init
                0x00002988       0x34 C:\Users\acafa\Desktop\FACU\PROYECTO_TD3\lpc_chip_175x_6x\Debug\liblpc_chip_175x_6x.a(i2c_17xx_40xx.o)
                0x00002988                Chip_I2C_Init
 .text.Chip_I2C_SetClockRate
                0x000029bc       0x68 C:\Users\acafa\Desktop\FACU\PROYECTO_TD3\lpc_chip_175x_6x\Debug\liblpc_chip_175x_6x.a(i2c_17xx_40xx.o)
                0x000029bc                Chip_I2C_SetClockRate
 .text.Chip_I2C_SetMasterEventHandler
                0x00002a24       0x48 C:\Users\acafa\Desktop\FACU\PROYECTO_TD3\lpc_chip_175x_6x\Debug\liblpc_chip_175x_6x.a(i2c_17xx_40xx.o)
                0x00002a24                Chip_I2C_SetMasterEventHandler
 .text.Chip_I2C_MasterTransfer
                0x00002a6c       0x9c C:\Users\acafa\Desktop\FACU\PROYECTO_TD3\lpc_chip_175x_6x\Debug\liblpc_chip_175x_6x.a(i2c_17xx_40xx.o)
                0x00002a6c                Chip_I2C_MasterTransfer
 .text.Chip_I2C_MasterSend
                0x00002b08       0x58 C:\Users\acafa\Desktop\FACU\PROYECTO_TD3\lpc_chip_175x_6x\Debug\liblpc_chip_175x_6x.a(i2c_17xx_40xx.o)
                0x00002b08                Chip_I2C_MasterSend
 .text.Chip_I2C_MasterRead
                0x00002b60       0x54 C:\Users\acafa\Desktop\FACU\PROYECTO_TD3\lpc_chip_175x_6x\Debug\liblpc_chip_175x_6x.a(i2c_17xx_40xx.o)
                0x00002b60                Chip_I2C_MasterRead
 .text.Chip_I2C_IsMasterActive
                0x00002bb4       0x30 C:\Users\acafa\Desktop\FACU\PROYECTO_TD3\lpc_chip_175x_6x\Debug\liblpc_chip_175x_6x.a(i2c_17xx_40xx.o)
                0x00002bb4                Chip_I2C_IsMasterActive
 .text.Chip_I2C_MasterStateHandler
                0x00002be4       0x60 C:\Users\acafa\Desktop\FACU\PROYECTO_TD3\lpc_chip_175x_6x\Debug\liblpc_chip_175x_6x.a(i2c_17xx_40xx.o)
                0x00002be4                Chip_I2C_MasterStateHandler
 .text.Chip_I2C_SlaveStateHandler
                0x00002c44       0xc0 C:\Users\acafa\Desktop\FACU\PROYECTO_TD3\lpc_chip_175x_6x\Debug\liblpc_chip_175x_6x.a(i2c_17xx_40xx.o)
                0x00002c44                Chip_I2C_SlaveStateHandler
 .text.Chip_I2C_IsStateChanged
                0x00002d04       0x38 C:\Users\acafa\Desktop\FACU\PROYECTO_TD3\lpc_chip_175x_6x\Debug\liblpc_chip_175x_6x.a(i2c_17xx_40xx.o)
                0x00002d04                Chip_I2C_IsStateChanged
 .text.Chip_IOCON_PinMuxSet
                0x00002d3c       0x38 C:\Users\acafa\Desktop\FACU\PROYECTO_TD3\lpc_chip_175x_6x\Debug\liblpc_chip_175x_6x.a(iocon_17xx_40xx.o)
                0x00002d3c                Chip_IOCON_PinMuxSet
 .text.Chip_IOCON_PinMux
                0x00002d74       0x94 C:\Users\acafa\Desktop\FACU\PROYECTO_TD3\lpc_chip_175x_6x\Debug\liblpc_chip_175x_6x.a(iocon_17xx_40xx.o)
                0x00002d74                Chip_IOCON_PinMux
 .text.Chip_IOCON_SetPinMuxing
                0x00002e08       0x64 C:\Users\acafa\Desktop\FACU\PROYECTO_TD3\lpc_chip_175x_6x\Debug\liblpc_chip_175x_6x.a(iocon_17xx_40xx.o)
                0x00002e08                Chip_IOCON_SetPinMuxing
 .text.Chip_Clock_IsMainPLLEnabled
                0x00002e6c       0x24 C:\Users\acafa\Desktop\FACU\PROYECTO_TD3\lpc_chip_175x_6x\Debug\liblpc_chip_175x_6x.a(sysinit_17xx_40xx.o)
 .text.Chip_Clock_IsMainPLLLocked
                0x00002e90       0x24 C:\Users\acafa\Desktop\FACU\PROYECTO_TD3\lpc_chip_175x_6x\Debug\liblpc_chip_175x_6x.a(sysinit_17xx_40xx.o)
 .text.Chip_Clock_IsMainPLLConnected
                0x00002eb4       0x24 C:\Users\acafa\Desktop\FACU\PROYECTO_TD3\lpc_chip_175x_6x\Debug\liblpc_chip_175x_6x.a(sysinit_17xx_40xx.o)
 .text.Chip_Clock_EnableCrystal
                0x00002ed8       0x20 C:\Users\acafa\Desktop\FACU\PROYECTO_TD3\lpc_chip_175x_6x\Debug\liblpc_chip_175x_6x.a(sysinit_17xx_40xx.o)
 .text.Chip_Clock_IsCrystalEnabled
                0x00002ef8       0x24 C:\Users\acafa\Desktop\FACU\PROYECTO_TD3\lpc_chip_175x_6x\Debug\liblpc_chip_175x_6x.a(sysinit_17xx_40xx.o)
 .text.Chip_Clock_SetMainPLLSource
                0x00002f1c       0x20 C:\Users\acafa\Desktop\FACU\PROYECTO_TD3\lpc_chip_175x_6x\Debug\liblpc_chip_175x_6x.a(sysinit_17xx_40xx.o)
 .text.Chip_SetupXtalClocking
                0x00002f3c       0x90 C:\Users\acafa\Desktop\FACU\PROYECTO_TD3\lpc_chip_175x_6x\Debug\liblpc_chip_175x_6x.a(sysinit_17xx_40xx.o)
                0x00002f3c                Chip_SetupXtalClocking
 .text.Chip_UART_SetupFIFOS
                0x00002fcc       0x1c C:\Users\acafa\Desktop\FACU\PROYECTO_TD3\lpc_chip_175x_6x\Debug\liblpc_chip_175x_6x.a(uart_17xx_40xx.o)
 .text.Chip_UART_ConfigData
                0x00002fe8       0x1c C:\Users\acafa\Desktop\FACU\PROYECTO_TD3\lpc_chip_175x_6x\Debug\liblpc_chip_175x_6x.a(uart_17xx_40xx.o)
 .text.Chip_UART_EnableDivisorAccess
                0x00003004       0x20 C:\Users\acafa\Desktop\FACU\PROYECTO_TD3\lpc_chip_175x_6x\Debug\liblpc_chip_175x_6x.a(uart_17xx_40xx.o)
 .text.Chip_UART_DisableDivisorAccess
                0x00003024       0x20 C:\Users\acafa\Desktop\FACU\PROYECTO_TD3\lpc_chip_175x_6x\Debug\liblpc_chip_175x_6x.a(uart_17xx_40xx.o)
 .text.Chip_UART_SetDivisorLatches
                0x00003044       0x28 C:\Users\acafa\Desktop\FACU\PROYECTO_TD3\lpc_chip_175x_6x\Debug\liblpc_chip_175x_6x.a(uart_17xx_40xx.o)
 .text.Chip_UART_GetClockIndex
                0x0000306c       0x50 C:\Users\acafa\Desktop\FACU\PROYECTO_TD3\lpc_chip_175x_6x\Debug\liblpc_chip_175x_6x.a(uart_17xx_40xx.o)
 .text.Chip_UART_GetClkIndex
                0x000030bc       0x50 C:\Users\acafa\Desktop\FACU\PROYECTO_TD3\lpc_chip_175x_6x\Debug\liblpc_chip_175x_6x.a(uart_17xx_40xx.o)
 .text.Chip_UART_Init
                0x0000310c       0x78 C:\Users\acafa\Desktop\FACU\PROYECTO_TD3\lpc_chip_175x_6x\Debug\liblpc_chip_175x_6x.a(uart_17xx_40xx.o)
                0x0000310c                Chip_UART_Init
 .text.Chip_UART_TXEnable
                0x00003184       0x18 C:\Users\acafa\Desktop\FACU\PROYECTO_TD3\lpc_chip_175x_6x\Debug\liblpc_chip_175x_6x.a(uart_17xx_40xx.o)
                0x00003184                Chip_UART_TXEnable
 .text.Chip_UART_TXDisable
                0x0000319c       0x18 C:\Users\acafa\Desktop\FACU\PROYECTO_TD3\lpc_chip_175x_6x\Debug\liblpc_chip_175x_6x.a(uart_17xx_40xx.o)
                0x0000319c                Chip_UART_TXDisable
 .text.Chip_UART_SetBaud
                0x000031b4       0x64 C:\Users\acafa\Desktop\FACU\PROYECTO_TD3\lpc_chip_175x_6x\Debug\liblpc_chip_175x_6x.a(uart_17xx_40xx.o)
                0x000031b4                Chip_UART_SetBaud
 .text.xTaskGenericCreate
                0x00003218      0x138 C:\Users\acafa\Desktop\FACU\PROYECTO_TD3\freertos\Debug\libfreertos.a(tasks.o)
                0x00003218                xTaskGenericCreate
 .text.vTaskDelayUntil
                0x00003350       0x98 C:\Users\acafa\Desktop\FACU\PROYECTO_TD3\freertos\Debug\libfreertos.a(tasks.o)
                0x00003350                vTaskDelayUntil
 .text.vTaskDelay
                0x000033e8       0x54 C:\Users\acafa\Desktop\FACU\PROYECTO_TD3\freertos\Debug\libfreertos.a(tasks.o)
                0x000033e8                vTaskDelay
 .text.xTaskIsTaskSuspended
                0x0000343c       0x58 C:\Users\acafa\Desktop\FACU\PROYECTO_TD3\freertos\Debug\libfreertos.a(tasks.o)
                0x0000343c                xTaskIsTaskSuspended
 .text.xTaskResumeFromISR
                0x00003494       0xa8 C:\Users\acafa\Desktop\FACU\PROYECTO_TD3\freertos\Debug\libfreertos.a(tasks.o)
                0x00003494                xTaskResumeFromISR
 .text.vTaskStartScheduler
                0x0000353c       0x58 C:\Users\acafa\Desktop\FACU\PROYECTO_TD3\freertos\Debug\libfreertos.a(tasks.o)
                0x0000353c                vTaskStartScheduler
 .text.vTaskSuspendAll
                0x00003594       0x1c C:\Users\acafa\Desktop\FACU\PROYECTO_TD3\freertos\Debug\libfreertos.a(tasks.o)
                0x00003594                vTaskSuspendAll
 .text.prvGetExpectedIdleTime
                0x000035b0       0x4c C:\Users\acafa\Desktop\FACU\PROYECTO_TD3\freertos\Debug\libfreertos.a(tasks.o)
 .text.xTaskResumeAll
                0x000035fc       0xfc C:\Users\acafa\Desktop\FACU\PROYECTO_TD3\freertos\Debug\libfreertos.a(tasks.o)
                0x000035fc                xTaskResumeAll
 .text.xTaskGetTickCount
                0x000036f8       0x24 C:\Users\acafa\Desktop\FACU\PROYECTO_TD3\freertos\Debug\libfreertos.a(tasks.o)
                0x000036f8                xTaskGetTickCount
 .text.vTaskStepTick
                0x0000371c       0x24 C:\Users\acafa\Desktop\FACU\PROYECTO_TD3\freertos\Debug\libfreertos.a(tasks.o)
                0x0000371c                vTaskStepTick
 .text.xTaskIncrementTick
                0x00003740      0x18c C:\Users\acafa\Desktop\FACU\PROYECTO_TD3\freertos\Debug\libfreertos.a(tasks.o)
                0x00003740                xTaskIncrementTick
 .text.vTaskSwitchContext
                0x000038cc       0x98 C:\Users\acafa\Desktop\FACU\PROYECTO_TD3\freertos\Debug\libfreertos.a(tasks.o)
                0x000038cc                vTaskSwitchContext
 .text.prvIdleTask
                0x00003964       0x34 C:\Users\acafa\Desktop\FACU\PROYECTO_TD3\freertos\Debug\libfreertos.a(tasks.o)
 .text.eTaskConfirmSleepModeStatus
                0x00003998       0x5c C:\Users\acafa\Desktop\FACU\PROYECTO_TD3\freertos\Debug\libfreertos.a(tasks.o)
                0x00003998                eTaskConfirmSleepModeStatus
 .text.prvInitialiseTCBVariables
                0x000039f4       0x98 C:\Users\acafa\Desktop\FACU\PROYECTO_TD3\freertos\Debug\libfreertos.a(tasks.o)
 .text.prvInitialiseTaskLists
                0x00003a8c       0x80 C:\Users\acafa\Desktop\FACU\PROYECTO_TD3\freertos\Debug\libfreertos.a(tasks.o)
 .text.prvCheckTasksWaitingTermination
                0x00003b0c       0x78 C:\Users\acafa\Desktop\FACU\PROYECTO_TD3\freertos\Debug\libfreertos.a(tasks.o)
 .text.prvAddCurrentTaskToDelayedList
                0x00003b84       0x6c C:\Users\acafa\Desktop\FACU\PROYECTO_TD3\freertos\Debug\libfreertos.a(tasks.o)
 .text.prvAllocateTCBAndStack
                0x00003bf0       0x64 C:\Users\acafa\Desktop\FACU\PROYECTO_TD3\freertos\Debug\libfreertos.a(tasks.o)
 .text.prvDeleteTCB
                0x00003c54       0x20 C:\Users\acafa\Desktop\FACU\PROYECTO_TD3\freertos\Debug\libfreertos.a(tasks.o)
 .text.pvPortMalloc
                0x00003c74       0x24 C:\Users\acafa\Desktop\FACU\PROYECTO_TD3\freertos\Debug\libfreertos.a(heap_3.o)
                0x00003c74                pvPortMalloc
 .text.vPortFree
                0x00003c98       0x24 C:\Users\acafa\Desktop\FACU\PROYECTO_TD3\freertos\Debug\libfreertos.a(heap_3.o)
                0x00003c98                vPortFree
 .text.vListInitialise
                0x00003cbc       0x40 C:\Users\acafa\Desktop\FACU\PROYECTO_TD3\freertos\Debug\libfreertos.a(list.o)
                0x00003cbc                vListInitialise
 .text.vListInitialiseItem
                0x00003cfc       0x18 C:\Users\acafa\Desktop\FACU\PROYECTO_TD3\freertos\Debug\libfreertos.a(list.o)
                0x00003cfc                vListInitialiseItem
 .text.vListInsertEnd
                0x00003d14       0x48 C:\Users\acafa\Desktop\FACU\PROYECTO_TD3\freertos\Debug\libfreertos.a(list.o)
                0x00003d14                vListInsertEnd
 .text.vListInsert
                0x00003d5c       0x70 C:\Users\acafa\Desktop\FACU\PROYECTO_TD3\freertos\Debug\libfreertos.a(list.o)
                0x00003d5c                vListInsert
 .text.uxListRemove
                0x00003dcc       0x54 C:\Users\acafa\Desktop\FACU\PROYECTO_TD3\freertos\Debug\libfreertos.a(list.o)
                0x00003dcc                uxListRemove
 .text.pxPortInitialiseStack
                0x00003e20       0x54 C:\Users\acafa\Desktop\FACU\PROYECTO_TD3\freertos\Debug\libfreertos.a(port.o)
                0x00003e20                pxPortInitialiseStack
 .text.prvTaskExitError
                0x00003e74        0xc C:\Users\acafa\Desktop\FACU\PROYECTO_TD3\freertos\Debug\libfreertos.a(port.o)
 .text.SVC_Handler
                0x00003e80       0x24 C:\Users\acafa\Desktop\FACU\PROYECTO_TD3\freertos\Debug\libfreertos.a(port.o)
                0x00003e80                SVC_Handler
 .text.prvPortStartFirstTask
                0x00003ea4       0x18 C:\Users\acafa\Desktop\FACU\PROYECTO_TD3\freertos\Debug\libfreertos.a(port.o)
 .text.xPortStartScheduler
                0x00003ebc       0x38 C:\Users\acafa\Desktop\FACU\PROYECTO_TD3\freertos\Debug\libfreertos.a(port.o)
                0x00003ebc                xPortStartScheduler
 .text.vPortYield
                0x00003ef4       0x20 C:\Users\acafa\Desktop\FACU\PROYECTO_TD3\freertos\Debug\libfreertos.a(port.o)
                0x00003ef4                vPortYield
 .text.vPortEnterCritical
                0x00003f14       0x24 C:\Users\acafa\Desktop\FACU\PROYECTO_TD3\freertos\Debug\libfreertos.a(port.o)
                0x00003f14                vPortEnterCritical
 .text.vPortExitCritical
                0x00003f38       0x24 C:\Users\acafa\Desktop\FACU\PROYECTO_TD3\freertos\Debug\libfreertos.a(port.o)
                0x00003f38                vPortExitCritical
 .text.ulPortSetInterruptMask
                0x00003f5c       0x14 C:\Users\acafa\Desktop\FACU\PROYECTO_TD3\freertos\Debug\libfreertos.a(port.o)
                0x00003f5c                ulPortSetInterruptMask
 .text.vPortClearInterruptMask
                0x00003f70        0x8 C:\Users\acafa\Desktop\FACU\PROYECTO_TD3\freertos\Debug\libfreertos.a(port.o)
                0x00003f70                vPortClearInterruptMask
 .text.PendSV_Handler
                0x00003f78       0x40 C:\Users\acafa\Desktop\FACU\PROYECTO_TD3\freertos\Debug\libfreertos.a(port.o)
                0x00003f78                PendSV_Handler
 .text.SysTick_Handler
                0x00003fb8       0x28 C:\Users\acafa\Desktop\FACU\PROYECTO_TD3\freertos\Debug\libfreertos.a(port.o)
                0x00003fb8                SysTick_Handler
 .text.vPortSuppressTicksAndSleep
                0x00003fe0      0x15c C:\Users\acafa\Desktop\FACU\PROYECTO_TD3\freertos\Debug\libfreertos.a(port.o)
                0x00003fe0                vPortSuppressTicksAndSleep
 .text.vPortSetupTimerInterrupt
                0x0000413c       0x78 C:\Users\acafa\Desktop\FACU\PROYECTO_TD3\freertos\Debug\libfreertos.a(port.o)
                0x0000413c                vPortSetupTimerInterrupt
 .text.__main   0x000041b4       0x14 d:/nxp2/lpcxpresso_8.2.0_647/lpcxpresso/tools/bin/../lib/gcc/arm-none-eabi/5.3.1/../../../../arm-none-eabi/lib/armv7-m\libcr_nohost.a(_cr__main.o)
                0x000041b4                __main
 .text.atan2f   0x000041c8       0xb0 d:/nxp2/lpcxpresso_8.2.0_647/lpcxpresso/tools/bin/../lib/gcc/arm-none-eabi/5.3.1/../../../../arm-none-eabi/lib/armv7-m\libcr_c.a(atan2f.o)
                0x000041c8                atan2f
 .text.atanf    0x00004278      0x110 d:/nxp2/lpcxpresso_8.2.0_647/lpcxpresso/tools/bin/../lib/gcc/arm-none-eabi/5.3.1/../../../../arm-none-eabi/lib/armv7-m\libcr_c.a(atanf.o)
                0x00004278                atanf
 .text.fabsf    0x00004388       0x16 d:/nxp2/lpcxpresso_8.2.0_647/lpcxpresso/tools/bin/../lib/gcc/arm-none-eabi/5.3.1/../../../../arm-none-eabi/lib/armv7-m\libcr_c.a(fabsf.o)
                0x00004388                fabsf
 .text.memset   0x0000439e        0x4 d:/nxp2/lpcxpresso_8.2.0_647/lpcxpresso/tools/bin/../lib/gcc/arm-none-eabi/5.3.1/../../../../arm-none-eabi/lib/armv7-m\libcr_c.a(memset.o)
                0x0000439e                memset
 *fill*         0x000043a2        0x2 ff
 .text.malloc   0x000043a4       0xc8 d:/nxp2/lpcxpresso_8.2.0_647/lpcxpresso/tools/bin/../lib/gcc/arm-none-eabi/5.3.1/../../../../arm-none-eabi/lib/armv7-m\libcr_c.a(alloc.o)
                0x000043a4                malloc
 .text.free     0x0000446c       0x30 d:/nxp2/lpcxpresso_8.2.0_647/lpcxpresso/tools/bin/../lib/gcc/arm-none-eabi/5.3.1/../../../../arm-none-eabi/lib/armv7-m\libcr_c.a(alloc.o)
                0x0000446c                free
 .text._Csys_alloc
                0x0000449c       0x20 d:/nxp2/lpcxpresso_8.2.0_647/lpcxpresso/tools/bin/../lib/gcc/arm-none-eabi/5.3.1/../../../../arm-none-eabi/lib/armv7-m\libcr_c.a(alloc.o)
                0x0000449c                _Csys_alloc
 .text.fabs     0x000044bc       0x1e d:/nxp2/lpcxpresso_8.2.0_647/lpcxpresso/tools/bin/../lib/gcc/arm-none-eabi/5.3.1/../../../../arm-none-eabi/lib/armv7-m\libcr_c.a(fabs.o)
                0x000044bc                fabs
 .text.fp_round
                0x000044da       0x4c d:/nxp2/lpcxpresso_8.2.0_647/lpcxpresso/tools/bin/../lib/gcc/arm-none-eabi/5.3.1/../../../../arm-none-eabi/lib/armv7-m\libcr_c.a(fpprintf.o)
 .text.pr_dec.constprop.1
                0x00004526       0x26 d:/nxp2/lpcxpresso_8.2.0_647/lpcxpresso/tools/bin/../lib/gcc/arm-none-eabi/5.3.1/../../../../arm-none-eabi/lib/armv7-m\libcr_c.a(fpprintf.o)
 .text.sprintf  0x0000454c       0x6c d:/nxp2/lpcxpresso_8.2.0_647/lpcxpresso/tools/bin/../lib/gcc/arm-none-eabi/5.3.1/../../../../arm-none-eabi/lib/armv7-m\libcr_c.a(fpprintf.o)
                0x0000454c                sprintf
 .text.fp_display
                0x000045b8      0x8ec d:/nxp2/lpcxpresso_8.2.0_647/lpcxpresso/tools/bin/../lib/gcc/arm-none-eabi/5.3.1/../../../../arm-none-eabi/lib/armv7-m\libcr_c.a(fpprintf.o)
 .text.vsnprintf
                0x00004ea4       0x5c d:/nxp2/lpcxpresso_8.2.0_647/lpcxpresso/tools/bin/../lib/gcc/arm-none-eabi/5.3.1/../../../../arm-none-eabi/lib/armv7-m\libcr_c.a(fpprintf.o)
                0x00004ea4                vsnprintf
 .text.printf   0x00004f00       0x54 d:/nxp2/lpcxpresso_8.2.0_647/lpcxpresso/tools/bin/../lib/gcc/arm-none-eabi/5.3.1/../../../../arm-none-eabi/lib/armv7-m\libcr_c.a(fpprintf.o)
                0x00004f00                printf
 .text._initio  0x00004f54       0xa4 d:/nxp2/lpcxpresso_8.2.0_647/lpcxpresso/tools/bin/../lib/gcc/arm-none-eabi/5.3.1/../../../../arm-none-eabi/lib/armv7-m\libcr_c.a(initio.o)
                0x00004f54                _initio
 .text.__vfprintf
                0x00004ff8      0xd28 d:/nxp2/lpcxpresso_8.2.0_647/lpcxpresso/tools/bin/../lib/gcc/arm-none-eabi/5.3.1/../../../../arm-none-eabi/lib/armv7-m\libcr_c.a(printf.o)
                0x00004ff8                __vfprintf
 .text.setvbuf  0x00005d20       0x40 d:/nxp2/lpcxpresso_8.2.0_647/lpcxpresso/tools/bin/../lib/gcc/arm-none-eabi/5.3.1/../../../../arm-none-eabi/lib/armv7-m\libcr_c.a(setvbuf.o)
                0x00005d20                setvbuf
 .text.strlen   0x00005d60       0x4a d:/nxp2/lpcxpresso_8.2.0_647/lpcxpresso/tools/bin/../lib/gcc/arm-none-eabi/5.3.1/../../../../arm-none-eabi/lib/armv7-m\libcr_c.a(strlen.o)
                0x00005d60                strlen
 *fill*         0x00005daa        0x2 ff
 .text._sbrk    0x00005dac       0x40 d:/nxp2/lpcxpresso_8.2.0_647/lpcxpresso/tools/bin/../lib/gcc/arm-none-eabi/5.3.1/../../../../arm-none-eabi/lib/armv7-m\libcr_c.a(_cr_sbrk.o)
                0x00005dac                _sbrk
 .text._deferredlazyseek
                0x00005dec       0x44 d:/nxp2/lpcxpresso_8.2.0_647/lpcxpresso/tools/bin/../lib/gcc/arm-none-eabi/5.3.1/../../../../arm-none-eabi/lib/armv7-m\libcr_c.a(_deferredlazyseek.o)
                0x00005dec                _deferredlazyseek
 .text.__flsbuf
                0x00005e30      0x140 d:/nxp2/lpcxpresso_8.2.0_647/lpcxpresso/tools/bin/../lib/gcc/arm-none-eabi/5.3.1/../../../../arm-none-eabi/lib/armv7-m\libcr_c.a(_deferredlazyseek.o)
                0x00005e30                __flsbuf
 .text._fdopen  0x00005f70       0x6a d:/nxp2/lpcxpresso_8.2.0_647/lpcxpresso/tools/bin/../lib/gcc/arm-none-eabi/5.3.1/../../../../arm-none-eabi/lib/armv7-m\libcr_c.a(_fdopen.o)
                0x00005f70                _fdopen
 .text._fflush  0x00005fda       0x58 d:/nxp2/lpcxpresso_8.2.0_647/lpcxpresso/tools/bin/../lib/gcc/arm-none-eabi/5.3.1/../../../../arm-none-eabi/lib/armv7-m\libcr_c.a(_fflush.o)
                0x00005fda                _fflush
 .text._frexpl  0x00006032       0x5a d:/nxp2/lpcxpresso_8.2.0_647/lpcxpresso/tools/bin/../lib/gcc/arm-none-eabi/5.3.1/../../../../arm-none-eabi/lib/armv7-m\libcr_c.a(_frexpl.o)
                0x00006032                _frexpl
 .text._ldexpl  0x0000608c       0x4c d:/nxp2/lpcxpresso_8.2.0_647/lpcxpresso/tools/bin/../lib/gcc/arm-none-eabi/5.3.1/../../../../arm-none-eabi/lib/armv7-m\libcr_c.a(_ldexpl.o)
                0x0000608c                _ldexpl
 .text._Cwritebuf
                0x000060d8       0x68 d:/nxp2/lpcxpresso_8.2.0_647/lpcxpresso/tools/bin/../lib/gcc/arm-none-eabi/5.3.1/../../../../arm-none-eabi/lib/armv7-m\libcr_c.a(_writebuf.o)
                0x000060d8                _Cwritebuf
 .text.fclose   0x00006140       0x6c d:/nxp2/lpcxpresso_8.2.0_647/lpcxpresso/tools/bin/../lib/gcc/arm-none-eabi/5.3.1/../../../../arm-none-eabi/lib/armv7-m\libcr_c.a(fclose.o)
                0x00006140                fclose
 .text.fflush   0x000061ac       0x30 d:/nxp2/lpcxpresso_8.2.0_647/lpcxpresso/tools/bin/../lib/gcc/arm-none-eabi/5.3.1/../../../../arm-none-eabi/lib/armv7-m\libcr_c.a(fflush.o)
                0x000061ac                fflush
 .text.fseek    0x000061dc      0x110 d:/nxp2/lpcxpresso_8.2.0_647/lpcxpresso/tools/bin/../lib/gcc/arm-none-eabi/5.3.1/../../../../arm-none-eabi/lib/armv7-m\libcr_c.a(fseek.o)
                0x000061dc                fseek
 .text.ftell    0x000062ec       0x4c d:/nxp2/lpcxpresso_8.2.0_647/lpcxpresso/tools/bin/../lib/gcc/arm-none-eabi/5.3.1/../../../../arm-none-eabi/lib/armv7-m\libcr_c.a(ftell.o)
                0x000062ec                ftell
 .text.remove   0x00006338       0x14 d:/nxp2/lpcxpresso_8.2.0_647/lpcxpresso/tools/bin/../lib/gcc/arm-none-eabi/5.3.1/../../../../arm-none-eabi/lib/armv7-m\libcr_c.a(remove.o)
                0x00006338                remove
 .text.__check_heap_overflow
                0x0000634c       0x18 d:/nxp2/lpcxpresso_8.2.0_647/lpcxpresso/tools/bin/../lib/gcc/arm-none-eabi/5.3.1/../../../../arm-none-eabi/lib/armv7-m\libcr_c.a(_cr_check_heap.o)
                0x0000634c                __check_heap_overflow
 .text._do_fflush
                0x00006364       0x44 d:/nxp2/lpcxpresso_8.2.0_647/lpcxpresso/tools/bin/../lib/gcc/arm-none-eabi/5.3.1/../../../../arm-none-eabi/lib/armv7-m\libcr_c.a(_do_fflush.o)
                0x00006364                _do_fflush
 .text.__aeabi_dmul
                0x000063a8      0x110 d:/nxp2/lpcxpresso_8.2.0_647/lpcxpresso/tools/bin/../lib/gcc/arm-none-eabi/5.3.1/armv7-m\libcr_eabihelpers.a(double.o)
                0x000063a8                __aeabi_dmul
 .text.__aeabi_ddiv
                0x000064b8      0x138 d:/nxp2/lpcxpresso_8.2.0_647/lpcxpresso/tools/bin/../lib/gcc/arm-none-eabi/5.3.1/armv7-m\libcr_eabihelpers.a(double.o)
                0x000064b8                __aeabi_ddiv
 .text.__aeabi_dsub
                0x000065f0      0x1a0 d:/nxp2/lpcxpresso_8.2.0_647/lpcxpresso/tools/bin/../lib/gcc/arm-none-eabi/5.3.1/armv7-m\libcr_eabihelpers.a(double.o)
                0x000065f0                __aeabi_dsub
 .text.__aeabi_dadd
                0x00006790      0x10c d:/nxp2/lpcxpresso_8.2.0_647/lpcxpresso/tools/bin/../lib/gcc/arm-none-eabi/5.3.1/armv7-m\libcr_eabihelpers.a(double.o)
                0x00006790                __aeabi_dadd
 .text.__aeabi_d2f
                0x0000689c       0x54 d:/nxp2/lpcxpresso_8.2.0_647/lpcxpresso/tools/bin/../lib/gcc/arm-none-eabi/5.3.1/armv7-m\libcr_eabihelpers.a(double.o)
                0x0000689c                __aeabi_d2f
 .text.__aeabi_d2iz
                0x000068f0       0x40 d:/nxp2/lpcxpresso_8.2.0_647/lpcxpresso/tools/bin/../lib/gcc/arm-none-eabi/5.3.1/armv7-m\libcr_eabihelpers.a(double.o)
                0x000068f0                __aeabi_d2iz
 .text.__bhs_ui2d
                0x00006930       0x46 d:/nxp2/lpcxpresso_8.2.0_647/lpcxpresso/tools/bin/../lib/gcc/arm-none-eabi/5.3.1/armv7-m\libcr_eabihelpers.a(double.o)
                0x00006930                __bhs_ui2d
 .text.__aeabi_i2d
                0x00006976       0x10 d:/nxp2/lpcxpresso_8.2.0_647/lpcxpresso/tools/bin/../lib/gcc/arm-none-eabi/5.3.1/armv7-m\libcr_eabihelpers.a(double.o)
                0x00006976                __aeabi_i2d
 .text.__aeabi_dcmpeq
                0x00006986       0x2c d:/nxp2/lpcxpresso_8.2.0_647/lpcxpresso/tools/bin/../lib/gcc/arm-none-eabi/5.3.1/armv7-m\libcr_eabihelpers.a(double.o)
                0x00006986                __aeabi_dcmpeq
 .text.__aeabi_dcmplt
                0x000069b2       0x54 d:/nxp2/lpcxpresso_8.2.0_647/lpcxpresso/tools/bin/../lib/gcc/arm-none-eabi/5.3.1/armv7-m\libcr_eabihelpers.a(double.o)
                0x000069b2                __aeabi_dcmplt
 .text.__aeabi_dcmpgt
                0x00006a06       0x54 d:/nxp2/lpcxpresso_8.2.0_647/lpcxpresso/tools/bin/../lib/gcc/arm-none-eabi/5.3.1/armv7-m\libcr_eabihelpers.a(double.o)
                0x00006a06                __aeabi_dcmpgt
 .text.__aeabi_dcmple
                0x00006a5a       0x54 d:/nxp2/lpcxpresso_8.2.0_647/lpcxpresso/tools/bin/../lib/gcc/arm-none-eabi/5.3.1/armv7-m\libcr_eabihelpers.a(double.o)
                0x00006a5a                __aeabi_dcmple
 .text.__aeabi_dcmpge
                0x00006aae       0x54 d:/nxp2/lpcxpresso_8.2.0_647/lpcxpresso/tools/bin/../lib/gcc/arm-none-eabi/5.3.1/armv7-m\libcr_eabihelpers.a(double.o)
                0x00006aae                __aeabi_dcmpge
 *fill*         0x00006b02        0x2 ff
 .text.__aeabi_fmul
                0x00006b04       0xb0 d:/nxp2/lpcxpresso_8.2.0_647/lpcxpresso/tools/bin/../lib/gcc/arm-none-eabi/5.3.1/armv7-m\libcr_eabihelpers.a(float.o)
                0x00006b04                __aeabi_fmul
 .text.__aeabi_fdiv
                0x00006bb4       0xc0 d:/nxp2/lpcxpresso_8.2.0_647/lpcxpresso/tools/bin/../lib/gcc/arm-none-eabi/5.3.1/armv7-m\libcr_eabihelpers.a(float.o)
                0x00006bb4                __aeabi_fdiv
 .text.__aeabi_fsub
                0x00006c74       0xe0 d:/nxp2/lpcxpresso_8.2.0_647/lpcxpresso/tools/bin/../lib/gcc/arm-none-eabi/5.3.1/armv7-m\libcr_eabihelpers.a(float.o)
                0x00006c74                __aeabi_fsub
 .text.__aeabi_fadd
                0x00006d54       0xac d:/nxp2/lpcxpresso_8.2.0_647/lpcxpresso/tools/bin/../lib/gcc/arm-none-eabi/5.3.1/armv7-m\libcr_eabihelpers.a(float.o)
                0x00006d54                __aeabi_fadd
 .text.__aeabi_f2iz
                0x00006e00       0x32 d:/nxp2/lpcxpresso_8.2.0_647/lpcxpresso/tools/bin/../lib/gcc/arm-none-eabi/5.3.1/armv7-m\libcr_eabihelpers.a(float.o)
                0x00006e00                __aeabi_f2iz
 .text.__bhs_ui2f
                0x00006e32       0x26 d:/nxp2/lpcxpresso_8.2.0_647/lpcxpresso/tools/bin/../lib/gcc/arm-none-eabi/5.3.1/armv7-m\libcr_eabihelpers.a(float.o)
                0x00006e32                __bhs_ui2f
 .text.__aeabi_i2f
                0x00006e58       0x10 d:/nxp2/lpcxpresso_8.2.0_647/lpcxpresso/tools/bin/../lib/gcc/arm-none-eabi/5.3.1/armv7-m\libcr_eabihelpers.a(float.o)
                0x00006e58                __aeabi_i2f
 .text.__aeabi_f2d
                0x00006e68       0x38 d:/nxp2/lpcxpresso_8.2.0_647/lpcxpresso/tools/bin/../lib/gcc/arm-none-eabi/5.3.1/armv7-m\libcr_eabihelpers.a(float.o)
                0x00006e68                __aeabi_f2d
 .text.__aeabi_fcmpeq
                0x00006ea0       0x1e d:/nxp2/lpcxpresso_8.2.0_647/lpcxpresso/tools/bin/../lib/gcc/arm-none-eabi/5.3.1/armv7-m\libcr_eabihelpers.a(float.o)
                0x00006ea0                __aeabi_fcmpeq
 .text.__aeabi_fcmplt
                0x00006ebe       0x3a d:/nxp2/lpcxpresso_8.2.0_647/lpcxpresso/tools/bin/../lib/gcc/arm-none-eabi/5.3.1/armv7-m\libcr_eabihelpers.a(float.o)
                0x00006ebe                __aeabi_fcmplt
 .text.__aeabi_fcmpgt
                0x00006ef8       0x3a d:/nxp2/lpcxpresso_8.2.0_647/lpcxpresso/tools/bin/../lib/gcc/arm-none-eabi/5.3.1/armv7-m\libcr_eabihelpers.a(float.o)
                0x00006ef8                __aeabi_fcmpgt
 .text.__aeabi_memset_lowlevel
                0x00006f32       0x32 d:/nxp2/lpcxpresso_8.2.0_647/lpcxpresso/tools/bin/../lib/gcc/arm-none-eabi/5.3.1/armv7-m\libcr_eabihelpers.a(memcpy.o)
                0x00006f32                __aeabi_lowlevel_memset
 .text.__sys_appexit
                0x00006f64        0x2 d:/nxp2/lpcxpresso_8.2.0_647/lpcxpresso/tools/bin/../lib/gcc/arm-none-eabi/5.3.1/../../../../arm-none-eabi/lib/armv7-m\libcr_nohost.a(__sys_appexit.o)
                0x00006f64                __sys_appexit
                0x00006f64                __exit
 .text.__sys_close
                0x00006f66        0x6 d:/nxp2/lpcxpresso_8.2.0_647/lpcxpresso/tools/bin/../lib/gcc/arm-none-eabi/5.3.1/../../../../arm-none-eabi/lib/armv7-m\libcr_nohost.a(__sys_close.o)
                0x00006f66                __sys_close
 .text.__sys_flen
                0x00006f6c        0x6 d:/nxp2/lpcxpresso_8.2.0_647/lpcxpresso/tools/bin/../lib/gcc/arm-none-eabi/5.3.1/../../../../arm-none-eabi/lib/armv7-m\libcr_nohost.a(__sys_flen.o)
                0x00006f6c                __sys_flen
 .text.__sys_istty
                0x00006f72        0x6 d:/nxp2/lpcxpresso_8.2.0_647/lpcxpresso/tools/bin/../lib/gcc/arm-none-eabi/5.3.1/../../../../arm-none-eabi/lib/armv7-m\libcr_nohost.a(__sys_istty.o)
                0x00006f72                __sys_istty
 .text.__sys_remove
                0x00006f78        0x6 d:/nxp2/lpcxpresso_8.2.0_647/lpcxpresso/tools/bin/../lib/gcc/arm-none-eabi/5.3.1/../../../../arm-none-eabi/lib/armv7-m\libcr_nohost.a(__sys_remove.o)
                0x00006f78                __sys_remove
 .text.__sys_seek
                0x00006f7e        0x6 d:/nxp2/lpcxpresso_8.2.0_647/lpcxpresso/tools/bin/../lib/gcc/arm-none-eabi/5.3.1/../../../../arm-none-eabi/lib/armv7-m\libcr_nohost.a(__sys_seek.o)
                0x00006f7e                __sys_seek
 .text.__sys_tmpnam
                0x00006f84        0x6 d:/nxp2/lpcxpresso_8.2.0_647/lpcxpresso/tools/bin/../lib/gcc/arm-none-eabi/5.3.1/../../../../arm-none-eabi/lib/armv7-m\libcr_nohost.a(__sys_tmpnam.o)
                0x00006f84                __sys_tmpnam
 *(.rodata .rodata.* .constdata .constdata.*)
 *fill*         0x00006f8a        0x2 ff
 .rodata        0x00006f8c      0x138 ./src/GPIO.o
 .rodata.OscRateIn
                0x000070c4        0x4 C:\Users\acafa\Desktop\FACU\PROYECTO_TD3\lpc_board_nxp_lpcxpresso_1769\Debug\liblpc_board_nxp_lpcxpresso_1769.a(board.o)
                0x000070c4                OscRateIn
 .rodata.RTCOscRateIn
                0x000070c8        0x4 C:\Users\acafa\Desktop\FACU\PROYECTO_TD3\lpc_board_nxp_lpcxpresso_1769\Debug\liblpc_board_nxp_lpcxpresso_1769.a(board.o)
                0x000070c8                RTCOscRateIn
 .rodata.pinmuxing
                0x000070cc       0x5c C:\Users\acafa\Desktop\FACU\PROYECTO_TD3\lpc_board_nxp_lpcxpresso_1769\Debug\liblpc_board_nxp_lpcxpresso_1769.a(board_sysinit.o)
 .rodata.I2C_PeriphClk
                0x00007128        0x3 C:\Users\acafa\Desktop\FACU\PROYECTO_TD3\lpc_chip_175x_6x\Debug\liblpc_chip_175x_6x.a(i2c_17xx_40xx.o)
 *fill*         0x0000712b        0x1 ff
 .rodata        0x0000712c        0x5 C:\Users\acafa\Desktop\FACU\PROYECTO_TD3\freertos\Debug\libfreertos.a(tasks.o)
 *fill*         0x00007131        0x3 ff
 .rodata.a.3983
                0x00007134       0x10 d:/nxp2/lpcxpresso_8.2.0_647/lpcxpresso/tools/bin/../lib/gcc/arm-none-eabi/5.3.1/../../../../arm-none-eabi/lib/armv7-m\libcr_c.a(atanf.o)
 .rodata.str1.1
                0x00007144       0x18 d:/nxp2/lpcxpresso_8.2.0_647/lpcxpresso/tools/bin/../lib/gcc/arm-none-eabi/5.3.1/../../../../arm-none-eabi/lib/armv7-m\libcr_c.a(alloc.o)
 .rodata.str1.1
                0x0000715c       0x34 d:/nxp2/lpcxpresso_8.2.0_647/lpcxpresso/tools/bin/../lib/gcc/arm-none-eabi/5.3.1/../../../../arm-none-eabi/lib/armv7-m\libcr_c.a(fpprintf.o)
                                 0x35 (size before relaxing)
 .rodata.str1.1
                0x00007190        0x4 d:/nxp2/lpcxpresso_8.2.0_647/lpcxpresso/tools/bin/../lib/gcc/arm-none-eabi/5.3.1/../../../../arm-none-eabi/lib/armv7-m\libcr_c.a(initio.o)
 .rodata.str1.1
                0x00007194       0x31 d:/nxp2/lpcxpresso_8.2.0_647/lpcxpresso/tools/bin/../lib/gcc/arm-none-eabi/5.3.1/../../../../arm-none-eabi/lib/armv7-m\libcr_c.a(printf.o)
                                 0x38 (size before relaxing)
 *fill*         0x000071c5        0x3 ff
 .rodata.__huge_vall
                0x000071c8        0x8 d:/nxp2/lpcxpresso_8.2.0_647/lpcxpresso/tools/bin/../lib/gcc/arm-none-eabi/5.3.1/../../../../arm-none-eabi/lib/armv7-m\libcr_c.a(_hugeval.o)
                0x000071c8                __huge_vall
                0x000071d0                . = ALIGN (0x4)

.glue_7         0x000071d0        0x0
 .glue_7        0x000071d0        0x0 linker stubs

.glue_7t        0x000071d0        0x0
 .glue_7t       0x000071d0        0x0 linker stubs

.vfp11_veneer   0x000071d0        0x0
 .vfp11_veneer  0x000071d0        0x0 linker stubs

.v4_bx          0x000071d0        0x0
 .v4_bx         0x000071d0        0x0 linker stubs

.iplt           0x000071d0        0x0
 .iplt          0x000071d0        0x0 ./src/GPIO.o

.rel.dyn        0x000071d0        0x0
 .rel.iplt      0x000071d0        0x0 ./src/GPIO.o

.ARM.extab
 *(.ARM.extab* .gnu.linkonce.armextab.*)
                0x000071d0                __exidx_start = .

.ARM.exidx
 *(.ARM.exidx* .gnu.linkonce.armexidx.*)
                0x000071d0                __exidx_end = .
                0x000071d0                _etext = .

.data_RAM2      0x2007c000        0x0 load address 0x000071d0
 FILL mask 0xff
                [!provide]                PROVIDE (__start_data_RAM2, .)
 *(.ramfunc.$RAM2)
 *(.ramfunc.$RamAHB32)
 *(.data.$RAM2*)
 *(.data.$RamAHB32*)
                0x2007c000                . = ALIGN (0x4)
                [!provide]                PROVIDE (__end_data_RAM2, .)

.uninit_RESERVED
                0x10000000        0x0
 *(.bss.$RESERVED*)
                0x10000000                . = ALIGN (0x4)
                0x10000000                _end_uninit_RESERVED = .

.data           0x10000000       0x60 load address 0x000071d0
 FILL mask 0xff
                0x10000000                _data = .
 *(vtable)
 *(.ramfunc*)
 *(.data*)
 .data.threshold
                0x10000000        0x4 ./src/GPIO.o
                0x10000000                threshold
 .data.i2c      0x10000004       0x54 C:\Users\acafa\Desktop\FACU\PROYECTO_TD3\lpc_chip_175x_6x\Debug\liblpc_chip_175x_6x.a(i2c_17xx_40xx.o)
 .data.xNextTaskUnblockTime
                0x10000058        0x4 C:\Users\acafa\Desktop\FACU\PROYECTO_TD3\freertos\Debug\libfreertos.a(tasks.o)
 .data.uxCriticalNesting
                0x1000005c        0x4 C:\Users\acafa\Desktop\FACU\PROYECTO_TD3\freertos\Debug\libfreertos.a(port.o)
                0x10000060                . = ALIGN (0x4)
                0x10000060                _edata = .

.igot.plt       0x10000060        0x0 load address 0x00007230
 .igot.plt      0x10000060        0x0 ./src/GPIO.o

.bss_RAM2       0x2007c000        0x0
                [!provide]                PROVIDE (__start_bss_RAM2, .)
 *(.bss.$RAM2*)
 *(.bss.$RamAHB32*)
                0x2007c000                . = ALIGN ((. != 0x0)?0x4:0x1)
                [!provide]                PROVIDE (__end_bss_RAM2, .)

.bss            0x10000060      0x33c
                0x10000060                _bss = .
 *(.bss*)
 .bss.xINCLINOMETRO
                0x10000060        0x4 ./src/GPIO.o
                0x10000060                xINCLINOMETRO
 .bss.ax        0x10000064        0x4 ./src/GPIO.o
                0x10000064                ax
 .bss.ay        0x10000068        0x4 ./src/GPIO.o
                0x10000068                ay
 .bss.az        0x1000006c        0x4 ./src/GPIO.o
                0x1000006c                az
 .bss.gx        0x10000070        0x4 ./src/GPIO.o
                0x10000070                gx
 .bss.gy        0x10000074        0x4 ./src/GPIO.o
                0x10000074                gy
 .bss.gz        0x10000078        0x4 ./src/GPIO.o
                0x10000078                gz
 .bss.accelData
                0x1000007c        0x6 ./src/GPIO.o
                0x1000007c                accelData
 *fill*         0x10000082        0x2 
 .bss.gyroData  0x10000084        0x6 ./src/GPIO.o
                0x10000084                gyroData
 *fill*         0x1000008a        0x2 
 .bss.accelBias
                0x1000008c        0xc ./src/GPIO.o
                0x1000008c                accelBias
 .bss.gyroBias  0x10000098        0xc ./src/GPIO.o
                0x10000098                gyroBias
 .bss.Ascale    0x100000a4        0x4 ./src/GPIO.o
                0x100000a4                Ascale
 .bss.Gscale    0x100000a8        0x4 ./src/GPIO.o
                0x100000a8                Gscale
 .bss.aRes      0x100000ac        0x4 ./src/GPIO.o
                0x100000ac                aRes
 .bss.gRes      0x100000b0        0x4 ./src/GPIO.o
                0x100000b0                gRes
 .bss.mode_poll
                0x100000b4        0x4 ./src/GPIO.o
 .bss.i2cDev    0x100000b8        0x1 ./src/GPIO.o
 *fill*         0x100000b9        0x3 
 .bss.pitchAngle
                0x100000bc        0x4 ./src/GPIO.o
                0x100000bc                pitchAngle
 .bss.rollAngle
                0x100000c0        0x4 ./src/GPIO.o
                0x100000c0                rollAngle
 .bss.estado.8260
                0x100000c4        0x4 ./src/GPIO.o
 .bss.i2c_slave
                0x100000c8       0x78 C:\Users\acafa\Desktop\FACU\PROYECTO_TD3\lpc_chip_175x_6x\Debug\liblpc_chip_175x_6x.a(i2c_17xx_40xx.o)
 .bss.pxCurrentTCB
                0x10000140        0x4 C:\Users\acafa\Desktop\FACU\PROYECTO_TD3\freertos\Debug\libfreertos.a(tasks.o)
                0x10000140                pxCurrentTCB
 .bss.pxReadyTasksLists
                0x10000144       0x64 C:\Users\acafa\Desktop\FACU\PROYECTO_TD3\freertos\Debug\libfreertos.a(tasks.o)
 .bss.xDelayedTaskList1
                0x100001a8       0x14 C:\Users\acafa\Desktop\FACU\PROYECTO_TD3\freertos\Debug\libfreertos.a(tasks.o)
 .bss.xDelayedTaskList2
                0x100001bc       0x14 C:\Users\acafa\Desktop\FACU\PROYECTO_TD3\freertos\Debug\libfreertos.a(tasks.o)
 .bss.pxDelayedTaskList
                0x100001d0        0x4 C:\Users\acafa\Desktop\FACU\PROYECTO_TD3\freertos\Debug\libfreertos.a(tasks.o)
 .bss.pxOverflowDelayedTaskList
                0x100001d4        0x4 C:\Users\acafa\Desktop\FACU\PROYECTO_TD3\freertos\Debug\libfreertos.a(tasks.o)
 .bss.xPendingReadyList
                0x100001d8       0x14 C:\Users\acafa\Desktop\FACU\PROYECTO_TD3\freertos\Debug\libfreertos.a(tasks.o)
 .bss.xTasksWaitingTermination
                0x100001ec       0x14 C:\Users\acafa\Desktop\FACU\PROYECTO_TD3\freertos\Debug\libfreertos.a(tasks.o)
 .bss.uxTasksDeleted
                0x10000200        0x4 C:\Users\acafa\Desktop\FACU\PROYECTO_TD3\freertos\Debug\libfreertos.a(tasks.o)
 .bss.xSuspendedTaskList
                0x10000204       0x14 C:\Users\acafa\Desktop\FACU\PROYECTO_TD3\freertos\Debug\libfreertos.a(tasks.o)
 .bss.uxCurrentNumberOfTasks
                0x10000218        0x4 C:\Users\acafa\Desktop\FACU\PROYECTO_TD3\freertos\Debug\libfreertos.a(tasks.o)
 .bss.xTickCount
                0x1000021c        0x4 C:\Users\acafa\Desktop\FACU\PROYECTO_TD3\freertos\Debug\libfreertos.a(tasks.o)
 .bss.uxTopReadyPriority
                0x10000220        0x4 C:\Users\acafa\Desktop\FACU\PROYECTO_TD3\freertos\Debug\libfreertos.a(tasks.o)
 .bss.xSchedulerRunning
                0x10000224        0x4 C:\Users\acafa\Desktop\FACU\PROYECTO_TD3\freertos\Debug\libfreertos.a(tasks.o)
 .bss.uxSchedulerSuspended
                0x10000228        0x4 C:\Users\acafa\Desktop\FACU\PROYECTO_TD3\freertos\Debug\libfreertos.a(tasks.o)
 .bss.uxPendedTicks
                0x1000022c        0x4 C:\Users\acafa\Desktop\FACU\PROYECTO_TD3\freertos\Debug\libfreertos.a(tasks.o)
 .bss.xYieldPending
                0x10000230        0x4 C:\Users\acafa\Desktop\FACU\PROYECTO_TD3\freertos\Debug\libfreertos.a(tasks.o)
 .bss.xNumOfOverflows
                0x10000234        0x4 C:\Users\acafa\Desktop\FACU\PROYECTO_TD3\freertos\Debug\libfreertos.a(tasks.o)
 .bss.uxTaskNumber
                0x10000238        0x4 C:\Users\acafa\Desktop\FACU\PROYECTO_TD3\freertos\Debug\libfreertos.a(tasks.o)
 .bss.ulTimerCountsForOneTick
                0x1000023c        0x4 C:\Users\acafa\Desktop\FACU\PROYECTO_TD3\freertos\Debug\libfreertos.a(port.o)
 .bss.xMaximumPossibleSuppressedTicks
                0x10000240        0x4 C:\Users\acafa\Desktop\FACU\PROYECTO_TD3\freertos\Debug\libfreertos.a(port.o)
 .bss.ulStoppedTimerCompensation
                0x10000244        0x4 C:\Users\acafa\Desktop\FACU\PROYECTO_TD3\freertos\Debug\libfreertos.a(port.o)
 .bss.errno     0x10000248        0x4 d:/nxp2/lpcxpresso_8.2.0_647/lpcxpresso/tools/bin/../lib/gcc/arm-none-eabi/5.3.1/../../../../arm-none-eabi/lib/armv7-m\libcr_c.a(errno.o)
                0x10000248                errno
 .bss._extra    0x1000024c        0x4 d:/nxp2/lpcxpresso_8.2.0_647/lpcxpresso/tools/bin/../lib/gcc/arm-none-eabi/5.3.1/../../../../arm-none-eabi/lib/armv7-m\libcr_c.a(initio.o)
                0x1000024c                _extra
 .bss.__Ciob    0x10000250      0x140 d:/nxp2/lpcxpresso_8.2.0_647/lpcxpresso/tools/bin/../lib/gcc/arm-none-eabi/5.3.1/../../../../arm-none-eabi/lib/armv7-m\libcr_c.a(stdio.o)
                0x10000250                __Ciob
 .bss.__heaps   0x10000390        0x4 d:/nxp2/lpcxpresso_8.2.0_647/lpcxpresso/tools/bin/../lib/gcc/arm-none-eabi/5.3.1/../../../../arm-none-eabi/lib/armv7-m\libcr_c.a(__init_alloc.o)
                0x10000390                __heaps
 .bss.__end_of_heap
                0x10000394        0x4 d:/nxp2/lpcxpresso_8.2.0_647/lpcxpresso/tools/bin/../lib/gcc/arm-none-eabi/5.3.1/../../../../arm-none-eabi/lib/armv7-m\libcr_c.a(__init_alloc.o)
                0x10000394                __end_of_heap
 *(COMMON)
 COMMON         0x10000398        0x4 C:\Users\acafa\Desktop\FACU\PROYECTO_TD3\lpc_chip_175x_6x\Debug\liblpc_chip_175x_6x.a(chip_17xx_40xx.o)
                0x10000398                SystemCoreClock
                0x1000039c                . = ALIGN (0x4)
                0x1000039c                _ebss = .
                [!provide]                PROVIDE (end, .)

.noinit_RAM2    0x2007c000        0x0
 *(.noinit.$RAM2*)
 *(.noinit.$RamAHB32*)
                0x2007c000                . = ALIGN (0x4)

.noinit         0x1000039c        0x0
                0x1000039c                _noinit = .
 *(.noinit*)
                0x1000039c                . = ALIGN (0x4)
                0x1000039c                _end_noinit = .
                0x1000039c                PROVIDE (_pvHeapStart, DEFINED (__user_heap_base)?__user_heap_base:.)
                0x10008000                PROVIDE (_vStackTop, DEFINED (__user_stack_top)?__user_stack_top:(__top_RamLoc32 - 0x0))
                [!provide]                PROVIDE (__valid_user_code_checksum, (0x0 - ((((((_vStackTop + (ResetISR + 0x1)) + (NMI_Handler + 0x1)) + (HardFault_Handler + 0x1)) + (DEFINED (MemManage_Handler)?MemManage_Handler:0x0 + 0x1)) + (DEFINED (BusFault_Handler)?BusFault_Handler:0x0 + 0x1)) + (DEFINED (UsageFault_Handler)?UsageFault_Handler:0x0 + 0x1))))
OUTPUT(UNION CON BOTONES.axf elf32-littlearm)

.debug_info     0x00000000     0x7e93
 .debug_info    0x00000000     0x1116 ./src/GPIO.o
 .debug_info    0x00001116      0x250 ./src/cr_startup_lpc175x_6x.o
 .debug_info    0x00001366       0x3f ./src/crp.o
 .debug_info    0x000013a5      0x4dd ./src/display.o
 .debug_info    0x00001882      0x110 ./src/sysinit.o
 .debug_info    0x00001992     0x13d9 C:\Users\acafa\Desktop\FACU\PROYECTO_TD3\lpc_board_nxp_lpcxpresso_1769\Debug\liblpc_board_nxp_lpcxpresso_1769.a(board.o)
 .debug_info    0x00002d6b      0x591 C:\Users\acafa\Desktop\FACU\PROYECTO_TD3\lpc_board_nxp_lpcxpresso_1769\Debug\liblpc_board_nxp_lpcxpresso_1769.a(board_sysinit.o)
 .debug_info    0x000032fc      0x51e C:\Users\acafa\Desktop\FACU\PROYECTO_TD3\lpc_chip_175x_6x\Debug\liblpc_chip_175x_6x.a(chip_17xx_40xx.o)
 .debug_info    0x0000381a      0xb62 C:\Users\acafa\Desktop\FACU\PROYECTO_TD3\lpc_chip_175x_6x\Debug\liblpc_chip_175x_6x.a(clock_17xx_40xx.o)
 .debug_info    0x0000437c      0xe70 C:\Users\acafa\Desktop\FACU\PROYECTO_TD3\lpc_chip_175x_6x\Debug\liblpc_chip_175x_6x.a(i2c_17xx_40xx.o)
 .debug_info    0x000051ec      0x2e9 C:\Users\acafa\Desktop\FACU\PROYECTO_TD3\lpc_chip_175x_6x\Debug\liblpc_chip_175x_6x.a(iocon_17xx_40xx.o)
 .debug_info    0x000054d5      0x439 C:\Users\acafa\Desktop\FACU\PROYECTO_TD3\lpc_chip_175x_6x\Debug\liblpc_chip_175x_6x.a(sysinit_17xx_40xx.o)
 .debug_info    0x0000590e      0xeda C:\Users\acafa\Desktop\FACU\PROYECTO_TD3\lpc_chip_175x_6x\Debug\liblpc_chip_175x_6x.a(uart_17xx_40xx.o)
 .debug_info    0x000067e8      0xed0 C:\Users\acafa\Desktop\FACU\PROYECTO_TD3\freertos\Debug\libfreertos.a(tasks.o)
 .debug_info    0x000076b8      0x134 C:\Users\acafa\Desktop\FACU\PROYECTO_TD3\freertos\Debug\libfreertos.a(heap_3.o)
 .debug_info    0x000077ec      0x2cf C:\Users\acafa\Desktop\FACU\PROYECTO_TD3\freertos\Debug\libfreertos.a(list.o)
 .debug_info    0x00007abb      0x3d8 C:\Users\acafa\Desktop\FACU\PROYECTO_TD3\freertos\Debug\libfreertos.a(port.o)

.debug_abbrev   0x00000000     0x1dd7
 .debug_abbrev  0x00000000      0x372 ./src/GPIO.o
 .debug_abbrev  0x00000372       0xf5 ./src/cr_startup_lpc175x_6x.o
 .debug_abbrev  0x00000467       0x36 ./src/crp.o
 .debug_abbrev  0x0000049d      0x1a0 ./src/display.o
 .debug_abbrev  0x0000063d       0xa3 ./src/sysinit.o
 .debug_abbrev  0x000006e0      0x379 C:\Users\acafa\Desktop\FACU\PROYECTO_TD3\lpc_board_nxp_lpcxpresso_1769\Debug\liblpc_board_nxp_lpcxpresso_1769.a(board.o)
 .debug_abbrev  0x00000a59      0x15c C:\Users\acafa\Desktop\FACU\PROYECTO_TD3\lpc_board_nxp_lpcxpresso_1769\Debug\liblpc_board_nxp_lpcxpresso_1769.a(board_sysinit.o)
 .debug_abbrev  0x00000bb5      0x13c C:\Users\acafa\Desktop\FACU\PROYECTO_TD3\lpc_chip_175x_6x\Debug\liblpc_chip_175x_6x.a(chip_17xx_40xx.o)
 .debug_abbrev  0x00000cf1      0x2ec C:\Users\acafa\Desktop\FACU\PROYECTO_TD3\lpc_chip_175x_6x\Debug\liblpc_chip_175x_6x.a(clock_17xx_40xx.o)
 .debug_abbrev  0x00000fdd      0x2ae C:\Users\acafa\Desktop\FACU\PROYECTO_TD3\lpc_chip_175x_6x\Debug\liblpc_chip_175x_6x.a(i2c_17xx_40xx.o)
 .debug_abbrev  0x0000128b      0x126 C:\Users\acafa\Desktop\FACU\PROYECTO_TD3\lpc_chip_175x_6x\Debug\liblpc_chip_175x_6x.a(iocon_17xx_40xx.o)
 .debug_abbrev  0x000013b1      0x175 C:\Users\acafa\Desktop\FACU\PROYECTO_TD3\lpc_chip_175x_6x\Debug\liblpc_chip_175x_6x.a(sysinit_17xx_40xx.o)
 .debug_abbrev  0x00001526      0x2e8 C:\Users\acafa\Desktop\FACU\PROYECTO_TD3\lpc_chip_175x_6x\Debug\liblpc_chip_175x_6x.a(uart_17xx_40xx.o)
 .debug_abbrev  0x0000180e      0x22a C:\Users\acafa\Desktop\FACU\PROYECTO_TD3\freertos\Debug\libfreertos.a(tasks.o)
 .debug_abbrev  0x00001a38       0xd4 C:\Users\acafa\Desktop\FACU\PROYECTO_TD3\freertos\Debug\libfreertos.a(heap_3.o)
 .debug_abbrev  0x00001b0c       0xec C:\Users\acafa\Desktop\FACU\PROYECTO_TD3\freertos\Debug\libfreertos.a(list.o)
 .debug_abbrev  0x00001bf8      0x1df C:\Users\acafa\Desktop\FACU\PROYECTO_TD3\freertos\Debug\libfreertos.a(port.o)

.debug_aranges  0x00000000      0xa48
 .debug_aranges
                0x00000000      0x118 ./src/GPIO.o
 .debug_aranges
                0x00000118       0x80 ./src/cr_startup_lpc175x_6x.o
 .debug_aranges
                0x00000198       0x18 ./src/crp.o
 .debug_aranges
                0x000001b0       0x80 ./src/display.o
 .debug_aranges
                0x00000230       0x20 ./src/sysinit.o
 .debug_aranges
                0x00000250      0x160 C:\Users\acafa\Desktop\FACU\PROYECTO_TD3\lpc_board_nxp_lpcxpresso_1769\Debug\liblpc_board_nxp_lpcxpresso_1769.a(board.o)
 .debug_aranges
                0x000003b0       0x38 C:\Users\acafa\Desktop\FACU\PROYECTO_TD3\lpc_board_nxp_lpcxpresso_1769\Debug\liblpc_board_nxp_lpcxpresso_1769.a(board_sysinit.o)
 .debug_aranges
                0x000003e8       0x38 C:\Users\acafa\Desktop\FACU\PROYECTO_TD3\lpc_chip_175x_6x\Debug\liblpc_chip_175x_6x.a(chip_17xx_40xx.o)
 .debug_aranges
                0x00000420      0x120 C:\Users\acafa\Desktop\FACU\PROYECTO_TD3\lpc_chip_175x_6x\Debug\liblpc_chip_175x_6x.a(clock_17xx_40xx.o)
 .debug_aranges
                0x00000540      0x118 C:\Users\acafa\Desktop\FACU\PROYECTO_TD3\lpc_chip_175x_6x\Debug\liblpc_chip_175x_6x.a(i2c_17xx_40xx.o)
 .debug_aranges
                0x00000658       0x30 C:\Users\acafa\Desktop\FACU\PROYECTO_TD3\lpc_chip_175x_6x\Debug\liblpc_chip_175x_6x.a(iocon_17xx_40xx.o)
 .debug_aranges
                0x00000688       0x60 C:\Users\acafa\Desktop\FACU\PROYECTO_TD3\lpc_chip_175x_6x\Debug\liblpc_chip_175x_6x.a(sysinit_17xx_40xx.o)
 .debug_aranges
                0x000006e8      0x128 C:\Users\acafa\Desktop\FACU\PROYECTO_TD3\lpc_chip_175x_6x\Debug\liblpc_chip_175x_6x.a(uart_17xx_40xx.o)
 .debug_aranges
                0x00000810      0x140 C:\Users\acafa\Desktop\FACU\PROYECTO_TD3\freertos\Debug\libfreertos.a(tasks.o)
 .debug_aranges
                0x00000950       0x28 C:\Users\acafa\Desktop\FACU\PROYECTO_TD3\freertos\Debug\libfreertos.a(heap_3.o)
 .debug_aranges
                0x00000978       0x40 C:\Users\acafa\Desktop\FACU\PROYECTO_TD3\freertos\Debug\libfreertos.a(list.o)
 .debug_aranges
                0x000009b8       0x90 C:\Users\acafa\Desktop\FACU\PROYECTO_TD3\freertos\Debug\libfreertos.a(port.o)

.debug_ranges   0x00000000      0x930
 .debug_ranges  0x00000000      0x108 ./src/GPIO.o
 .debug_ranges  0x00000108       0x70 ./src/cr_startup_lpc175x_6x.o
 .debug_ranges  0x00000178       0x70 ./src/display.o
 .debug_ranges  0x000001e8       0x10 ./src/sysinit.o
 .debug_ranges  0x000001f8      0x150 C:\Users\acafa\Desktop\FACU\PROYECTO_TD3\lpc_board_nxp_lpcxpresso_1769\Debug\liblpc_board_nxp_lpcxpresso_1769.a(board.o)
 .debug_ranges  0x00000348       0x28 C:\Users\acafa\Desktop\FACU\PROYECTO_TD3\lpc_board_nxp_lpcxpresso_1769\Debug\liblpc_board_nxp_lpcxpresso_1769.a(board_sysinit.o)
 .debug_ranges  0x00000370       0x28 C:\Users\acafa\Desktop\FACU\PROYECTO_TD3\lpc_chip_175x_6x\Debug\liblpc_chip_175x_6x.a(chip_17xx_40xx.o)
 .debug_ranges  0x00000398      0x110 C:\Users\acafa\Desktop\FACU\PROYECTO_TD3\lpc_chip_175x_6x\Debug\liblpc_chip_175x_6x.a(clock_17xx_40xx.o)
 .debug_ranges  0x000004a8      0x108 C:\Users\acafa\Desktop\FACU\PROYECTO_TD3\lpc_chip_175x_6x\Debug\liblpc_chip_175x_6x.a(i2c_17xx_40xx.o)
 .debug_ranges  0x000005b0       0x20 C:\Users\acafa\Desktop\FACU\PROYECTO_TD3\lpc_chip_175x_6x\Debug\liblpc_chip_175x_6x.a(iocon_17xx_40xx.o)
 .debug_ranges  0x000005d0       0x50 C:\Users\acafa\Desktop\FACU\PROYECTO_TD3\lpc_chip_175x_6x\Debug\liblpc_chip_175x_6x.a(sysinit_17xx_40xx.o)
 .debug_ranges  0x00000620      0x118 C:\Users\acafa\Desktop\FACU\PROYECTO_TD3\lpc_chip_175x_6x\Debug\liblpc_chip_175x_6x.a(uart_17xx_40xx.o)
 .debug_ranges  0x00000738      0x130 C:\Users\acafa\Desktop\FACU\PROYECTO_TD3\freertos\Debug\libfreertos.a(tasks.o)
 .debug_ranges  0x00000868       0x18 C:\Users\acafa\Desktop\FACU\PROYECTO_TD3\freertos\Debug\libfreertos.a(heap_3.o)
 .debug_ranges  0x00000880       0x30 C:\Users\acafa\Desktop\FACU\PROYECTO_TD3\freertos\Debug\libfreertos.a(list.o)
 .debug_ranges  0x000008b0       0x80 C:\Users\acafa\Desktop\FACU\PROYECTO_TD3\freertos\Debug\libfreertos.a(port.o)

.debug_macro    0x00000000     0x7a61
 .debug_macro   0x00000000      0x333 ./src/GPIO.o
 .debug_macro   0x00000333      0x892 ./src/GPIO.o
 .debug_macro   0x00000bc5       0x10 ./src/GPIO.o
 .debug_macro   0x00000bd5      0x12d ./src/GPIO.o
 .debug_macro   0x00000d02      0x5b2 ./src/GPIO.o
 .debug_macro   0x000012b4       0x22 ./src/GPIO.o
 .debug_macro   0x000012d6       0x7b ./src/GPIO.o
 .debug_macro   0x00001351       0x10 ./src/GPIO.o
 .debug_macro   0x00001361       0x2d ./src/GPIO.o
 .debug_macro   0x0000138e       0x3a ./src/GPIO.o
 .debug_macro   0x000013c8       0x2d ./src/GPIO.o
 .debug_macro   0x000013f5      0xbb1 ./src/GPIO.o
 .debug_macro   0x00001fa6      0x22c ./src/GPIO.o
 .debug_macro   0x000021d2       0x42 ./src/GPIO.o
 .debug_macro   0x00002214       0x52 ./src/GPIO.o
 .debug_macro   0x00002266       0x78 ./src/GPIO.o
 .debug_macro   0x000022de       0x82 ./src/GPIO.o
 .debug_macro   0x00002360      0x48c ./src/GPIO.o
 .debug_macro   0x000027ec       0x34 ./src/GPIO.o
 .debug_macro   0x00002820      0x4c5 ./src/GPIO.o
 .debug_macro   0x00002ce5      0x1b7 ./src/GPIO.o
 .debug_macro   0x00002e9c       0x10 ./src/GPIO.o
 .debug_macro   0x00002eac      0x21b ./src/GPIO.o
 .debug_macro   0x000030c7      0x1b9 ./src/GPIO.o
 .debug_macro   0x00003280       0x40 ./src/GPIO.o
 .debug_macro   0x000032c0       0x22 ./src/GPIO.o
 .debug_macro   0x000032e2      0x162 ./src/GPIO.o
 .debug_macro   0x00003444       0x94 ./src/GPIO.o
 .debug_macro   0x000034d8       0xb8 ./src/GPIO.o
 .debug_macro   0x00003590       0x4c ./src/GPIO.o
 .debug_macro   0x000035dc       0x16 ./src/GPIO.o
 .debug_macro   0x000035f2      0x328 ./src/GPIO.o
 .debug_macro   0x0000391a       0x49 ./src/GPIO.o
 .debug_macro   0x00003963       0x16 ./src/GPIO.o
 .debug_macro   0x00003979       0xca ./src/GPIO.o
 .debug_macro   0x00003a43       0x18 ./src/GPIO.o
 .debug_macro   0x00003a5b       0x76 ./src/GPIO.o
 .debug_macro   0x00003ad1       0x9a ./src/GPIO.o
 .debug_macro   0x00003b6b       0x20 ./src/GPIO.o
 .debug_macro   0x00003b8b       0x28 ./src/GPIO.o
 .debug_macro   0x00003bb3       0x10 ./src/GPIO.o
 .debug_macro   0x00003bc3       0x46 ./src/GPIO.o
 .debug_macro   0x00003c09       0xf4 ./src/GPIO.o
 .debug_macro   0x00003cfd       0xab ./src/GPIO.o
 .debug_macro   0x00003da8       0x12 ./src/GPIO.o
 .debug_macro   0x00003dba       0x1f ./src/GPIO.o
 .debug_macro   0x00003dd9      0x265 ./src/GPIO.o
 .debug_macro   0x0000403e       0x64 ./src/GPIO.o
 .debug_macro   0x000040a2       0x57 ./src/GPIO.o
 .debug_macro   0x000040f9       0x4c ./src/GPIO.o
 .debug_macro   0x00004145       0x1c ./src/GPIO.o
 .debug_macro   0x00004161      0x2c8 ./src/GPIO.o
 .debug_macro   0x00004429       0xc4 ./src/GPIO.o
 .debug_macro   0x000044ed       0x10 ./src/GPIO.o
 .debug_macro   0x000044fd       0xb0 ./src/GPIO.o
 .debug_macro   0x000045ad       0x77 ./src/GPIO.o
 .debug_macro   0x00004624       0x46 ./src/GPIO.o
 .debug_macro   0x0000466a       0x1d ./src/cr_startup_lpc175x_6x.o
 .debug_macro   0x00004687       0x1a ./src/crp.o
 .debug_macro   0x000046a1       0x34 ./src/crp.o
 .debug_macro   0x000046d5      0x297 ./src/display.o
 .debug_macro   0x0000496c       0x16 ./src/display.o
 .debug_macro   0x00004982       0x74 ./src/display.o
 .debug_macro   0x000049f6       0x11 ./src/display.o
 .debug_macro   0x00004a07       0x70 ./src/display.o
 .debug_macro   0x00004a77       0xee ./src/display.o
 .debug_macro   0x00004b65      0x217 ./src/sysinit.o
 .debug_macro   0x00004d7c      0x289 C:\Users\acafa\Desktop\FACU\PROYECTO_TD3\lpc_board_nxp_lpcxpresso_1769\Debug\liblpc_board_nxp_lpcxpresso_1769.a(board.o)
 .debug_macro   0x00005005      0x886 C:\Users\acafa\Desktop\FACU\PROYECTO_TD3\lpc_board_nxp_lpcxpresso_1769\Debug\liblpc_board_nxp_lpcxpresso_1769.a(board.o)
 .debug_macro   0x0000588b       0x12 C:\Users\acafa\Desktop\FACU\PROYECTO_TD3\lpc_board_nxp_lpcxpresso_1769\Debug\liblpc_board_nxp_lpcxpresso_1769.a(board.o)
 .debug_macro   0x0000589d      0x217 C:\Users\acafa\Desktop\FACU\PROYECTO_TD3\lpc_board_nxp_lpcxpresso_1769\Debug\liblpc_board_nxp_lpcxpresso_1769.a(board_sysinit.o)
 .debug_macro   0x00005ab4      0x1cd C:\Users\acafa\Desktop\FACU\PROYECTO_TD3\lpc_chip_175x_6x\Debug\liblpc_chip_175x_6x.a(chip_17xx_40xx.o)
 .debug_macro   0x00005c81      0x1cd C:\Users\acafa\Desktop\FACU\PROYECTO_TD3\lpc_chip_175x_6x\Debug\liblpc_chip_175x_6x.a(clock_17xx_40xx.o)
 .debug_macro   0x00005e4e      0x1df C:\Users\acafa\Desktop\FACU\PROYECTO_TD3\lpc_chip_175x_6x\Debug\liblpc_chip_175x_6x.a(i2c_17xx_40xx.o)
 .debug_macro   0x0000602d      0x1cd C:\Users\acafa\Desktop\FACU\PROYECTO_TD3\lpc_chip_175x_6x\Debug\liblpc_chip_175x_6x.a(iocon_17xx_40xx.o)
 .debug_macro   0x000061fa      0x1cd C:\Users\acafa\Desktop\FACU\PROYECTO_TD3\lpc_chip_175x_6x\Debug\liblpc_chip_175x_6x.a(sysinit_17xx_40xx.o)
 .debug_macro   0x000063c7      0x1cd C:\Users\acafa\Desktop\FACU\PROYECTO_TD3\lpc_chip_175x_6x\Debug\liblpc_chip_175x_6x.a(uart_17xx_40xx.o)
 .debug_macro   0x00006594      0x336 C:\Users\acafa\Desktop\FACU\PROYECTO_TD3\freertos\Debug\libfreertos.a(tasks.o)
 .debug_macro   0x000068ca      0x88c C:\Users\acafa\Desktop\FACU\PROYECTO_TD3\freertos\Debug\libfreertos.a(tasks.o)
 .debug_macro   0x00007156       0x28 C:\Users\acafa\Desktop\FACU\PROYECTO_TD3\freertos\Debug\libfreertos.a(tasks.o)
 .debug_macro   0x0000717e       0x5b C:\Users\acafa\Desktop\FACU\PROYECTO_TD3\freertos\Debug\libfreertos.a(tasks.o)
 .debug_macro   0x000071d9       0x16 C:\Users\acafa\Desktop\FACU\PROYECTO_TD3\freertos\Debug\libfreertos.a(tasks.o)
 .debug_macro   0x000071ef      0x2b2 C:\Users\acafa\Desktop\FACU\PROYECTO_TD3\freertos\Debug\libfreertos.a(heap_3.o)
 .debug_macro   0x000074a1      0x297 C:\Users\acafa\Desktop\FACU\PROYECTO_TD3\freertos\Debug\libfreertos.a(list.o)
 .debug_macro   0x00007738      0x329 C:\Users\acafa\Desktop\FACU\PROYECTO_TD3\freertos\Debug\libfreertos.a(port.o)

.debug_line     0x00000000     0x62b7
 .debug_line    0x00000000      0xa15 ./src/GPIO.o
 .debug_line    0x00000a15       0xd5 ./src/cr_startup_lpc175x_6x.o
 .debug_line    0x00000aea       0x79 ./src/crp.o
 .debug_line    0x00000b63      0x69d ./src/display.o
 .debug_line    0x00001200      0x479 ./src/sysinit.o
 .debug_line    0x00001679      0x844 C:\Users\acafa\Desktop\FACU\PROYECTO_TD3\lpc_board_nxp_lpcxpresso_1769\Debug\liblpc_board_nxp_lpcxpresso_1769.a(board.o)
 .debug_line    0x00001ebd      0x4b9 C:\Users\acafa\Desktop\FACU\PROYECTO_TD3\lpc_board_nxp_lpcxpresso_1769\Debug\liblpc_board_nxp_lpcxpresso_1769.a(board_sysinit.o)
 .debug_line    0x00002376      0x44c C:\Users\acafa\Desktop\FACU\PROYECTO_TD3\lpc_chip_175x_6x\Debug\liblpc_chip_175x_6x.a(chip_17xx_40xx.o)
 .debug_line    0x000027c2      0x6c8 C:\Users\acafa\Desktop\FACU\PROYECTO_TD3\lpc_chip_175x_6x\Debug\liblpc_chip_175x_6x.a(clock_17xx_40xx.o)
 .debug_line    0x00002e8a      0x71e C:\Users\acafa\Desktop\FACU\PROYECTO_TD3\lpc_chip_175x_6x\Debug\liblpc_chip_175x_6x.a(i2c_17xx_40xx.o)
 .debug_line    0x000035a8      0x438 C:\Users\acafa\Desktop\FACU\PROYECTO_TD3\lpc_chip_175x_6x\Debug\liblpc_chip_175x_6x.a(iocon_17xx_40xx.o)
 .debug_line    0x000039e0      0x4c2 C:\Users\acafa\Desktop\FACU\PROYECTO_TD3\lpc_chip_175x_6x\Debug\liblpc_chip_175x_6x.a(sysinit_17xx_40xx.o)
 .debug_line    0x00003ea2      0x774 C:\Users\acafa\Desktop\FACU\PROYECTO_TD3\lpc_chip_175x_6x\Debug\liblpc_chip_175x_6x.a(uart_17xx_40xx.o)
 .debug_line    0x00004616      0xb39 C:\Users\acafa\Desktop\FACU\PROYECTO_TD3\freertos\Debug\libfreertos.a(tasks.o)
 .debug_line    0x0000514f      0x54e C:\Users\acafa\Desktop\FACU\PROYECTO_TD3\freertos\Debug\libfreertos.a(heap_3.o)
 .debug_line    0x0000569d      0x59a C:\Users\acafa\Desktop\FACU\PROYECTO_TD3\freertos\Debug\libfreertos.a(list.o)
 .debug_line    0x00005c37      0x680 C:\Users\acafa\Desktop\FACU\PROYECTO_TD3\freertos\Debug\libfreertos.a(port.o)

.debug_str      0x00000000    0x19753
 .debug_str     0x00000000    0x15432 ./src/GPIO.o
                              0x15593 (size before relaxing)
 .debug_str     0x00015432      0x197 ./src/cr_startup_lpc175x_6x.o
                               0x26a7 (size before relaxing)
 .debug_str     0x000155c9       0xe9 ./src/crp.o
                               0x25bf (size before relaxing)
 .debug_str     0x000156b2      0x11a ./src/display.o
                              0x12641 (size before relaxing)
 .debug_str     0x000157cc       0x1b ./src/sysinit.o
                              0x10a5a (size before relaxing)
 .debug_str     0x000157e7      0xd17 C:\Users\acafa\Desktop\FACU\PROYECTO_TD3\lpc_board_nxp_lpcxpresso_1769\Debug\liblpc_board_nxp_lpcxpresso_1769.a(board.o)
                              0x1191a (size before relaxing)
 .debug_str     0x000164fe      0x22d C:\Users\acafa\Desktop\FACU\PROYECTO_TD3\lpc_board_nxp_lpcxpresso_1769\Debug\liblpc_board_nxp_lpcxpresso_1769.a(board_sysinit.o)
                              0x10e54 (size before relaxing)
 .debug_str     0x0001672b       0xc3 C:\Users\acafa\Desktop\FACU\PROYECTO_TD3\lpc_chip_175x_6x\Debug\liblpc_chip_175x_6x.a(chip_17xx_40xx.o)
                              0x10b4b (size before relaxing)
 .debug_str     0x000167ee      0x852 C:\Users\acafa\Desktop\FACU\PROYECTO_TD3\lpc_chip_175x_6x\Debug\liblpc_chip_175x_6x.a(clock_17xx_40xx.o)
                              0x111b9 (size before relaxing)
 .debug_str     0x00017040      0x591 C:\Users\acafa\Desktop\FACU\PROYECTO_TD3\lpc_chip_175x_6x\Debug\liblpc_chip_175x_6x.a(i2c_17xx_40xx.o)
                              0x111c9 (size before relaxing)
 .debug_str     0x000175d1       0x74 C:\Users\acafa\Desktop\FACU\PROYECTO_TD3\lpc_chip_175x_6x\Debug\liblpc_chip_175x_6x.a(iocon_17xx_40xx.o)
                              0x10636 (size before relaxing)
 .debug_str     0x00017645       0xc4 C:\Users\acafa\Desktop\FACU\PROYECTO_TD3\lpc_chip_175x_6x\Debug\liblpc_chip_175x_6x.a(sysinit_17xx_40xx.o)
                              0x1081e (size before relaxing)
 .debug_str     0x00017709      0x3b0 C:\Users\acafa\Desktop\FACU\PROYECTO_TD3\lpc_chip_175x_6x\Debug\liblpc_chip_175x_6x.a(uart_17xx_40xx.o)
                              0x1108e (size before relaxing)
 .debug_str     0x00017ab9     0x14db C:\Users\acafa\Desktop\FACU\PROYECTO_TD3\freertos\Debug\libfreertos.a(tasks.o)
                              0x14278 (size before relaxing)
 .debug_str     0x00018f94       0x3c C:\Users\acafa\Desktop\FACU\PROYECTO_TD3\freertos\Debug\libfreertos.a(heap_3.o)
                              0x12c5b (size before relaxing)
 .debug_str     0x00018fd0       0xa2 C:\Users\acafa\Desktop\FACU\PROYECTO_TD3\freertos\Debug\libfreertos.a(list.o)
                              0x129a0 (size before relaxing)
 .debug_str     0x00019072      0x6e1 C:\Users\acafa\Desktop\FACU\PROYECTO_TD3\freertos\Debug\libfreertos.a(port.o)
                              0x134a7 (size before relaxing)

.comment        0x00000000       0xdc
 .comment       0x00000000       0x6e ./src/GPIO.o
                                 0x6f (size before relaxing)
 .comment       0x0000006e       0x6f ./src/cr_startup_lpc175x_6x.o
 .comment       0x0000006e       0x6f ./src/crp.o
 .comment       0x0000006e       0x6f ./src/display.o
 .comment       0x0000006e       0x6f ./src/sysinit.o
 .comment       0x0000006e       0x6f C:\Users\acafa\Desktop\FACU\PROYECTO_TD3\lpc_board_nxp_lpcxpresso_1769\Debug\liblpc_board_nxp_lpcxpresso_1769.a(board.o)
 .comment       0x0000006e       0x6f C:\Users\acafa\Desktop\FACU\PROYECTO_TD3\lpc_board_nxp_lpcxpresso_1769\Debug\liblpc_board_nxp_lpcxpresso_1769.a(board_sysinit.o)
 .comment       0x0000006e       0x6f C:\Users\acafa\Desktop\FACU\PROYECTO_TD3\lpc_chip_175x_6x\Debug\liblpc_chip_175x_6x.a(chip_17xx_40xx.o)
 .comment       0x0000006e       0x6f C:\Users\acafa\Desktop\FACU\PROYECTO_TD3\lpc_chip_175x_6x\Debug\liblpc_chip_175x_6x.a(clock_17xx_40xx.o)
 .comment       0x0000006e       0x6f C:\Users\acafa\Desktop\FACU\PROYECTO_TD3\lpc_chip_175x_6x\Debug\liblpc_chip_175x_6x.a(i2c_17xx_40xx.o)
 .comment       0x0000006e       0x6f C:\Users\acafa\Desktop\FACU\PROYECTO_TD3\lpc_chip_175x_6x\Debug\liblpc_chip_175x_6x.a(iocon_17xx_40xx.o)
 .comment       0x0000006e       0x6f C:\Users\acafa\Desktop\FACU\PROYECTO_TD3\lpc_chip_175x_6x\Debug\liblpc_chip_175x_6x.a(sysinit_17xx_40xx.o)
 .comment       0x0000006e       0x6f C:\Users\acafa\Desktop\FACU\PROYECTO_TD3\lpc_chip_175x_6x\Debug\liblpc_chip_175x_6x.a(uart_17xx_40xx.o)
 .comment       0x0000006e       0x6f C:\Users\acafa\Desktop\FACU\PROYECTO_TD3\freertos\Debug\libfreertos.a(tasks.o)
 .comment       0x0000006e       0x6f C:\Users\acafa\Desktop\FACU\PROYECTO_TD3\freertos\Debug\libfreertos.a(heap_3.o)
 .comment       0x0000006e       0x6f C:\Users\acafa\Desktop\FACU\PROYECTO_TD3\freertos\Debug\libfreertos.a(list.o)
 .comment       0x0000006e       0x6f C:\Users\acafa\Desktop\FACU\PROYECTO_TD3\freertos\Debug\libfreertos.a(port.o)
 .comment       0x0000006e       0x6e d:/nxp2/lpcxpresso_8.2.0_647/lpcxpresso/tools/bin/../lib/gcc/arm-none-eabi/5.3.1/../../../../arm-none-eabi/lib/armv7-m\libcr_nohost.a(_cr__main.o)
                                 0x6f (size before relaxing)
 .comment       0x000000dc       0x6f d:/nxp2/lpcxpresso_8.2.0_647/lpcxpresso/tools/bin/../lib/gcc/arm-none-eabi/5.3.1/../../../../arm-none-eabi/lib/armv7-m\libcr_c.a(atan2f.o)
 .comment       0x000000dc       0x6f d:/nxp2/lpcxpresso_8.2.0_647/lpcxpresso/tools/bin/../lib/gcc/arm-none-eabi/5.3.1/../../../../arm-none-eabi/lib/armv7-m\libcr_c.a(atanf.o)
 .comment       0x000000dc       0x6f d:/nxp2/lpcxpresso_8.2.0_647/lpcxpresso/tools/bin/../lib/gcc/arm-none-eabi/5.3.1/../../../../arm-none-eabi/lib/armv7-m\libcr_c.a(fabsf.o)
 .comment       0x000000dc       0x6f d:/nxp2/lpcxpresso_8.2.0_647/lpcxpresso/tools/bin/../lib/gcc/arm-none-eabi/5.3.1/../../../../arm-none-eabi/lib/armv7-m\libcr_c.a(memset.o)
 .comment       0x000000dc       0x6f d:/nxp2/lpcxpresso_8.2.0_647/lpcxpresso/tools/bin/../lib/gcc/arm-none-eabi/5.3.1/../../../../arm-none-eabi/lib/armv7-m\libcr_c.a(alloc.o)
 .comment       0x000000dc       0x6f d:/nxp2/lpcxpresso_8.2.0_647/lpcxpresso/tools/bin/../lib/gcc/arm-none-eabi/5.3.1/../../../../arm-none-eabi/lib/armv7-m\libcr_c.a(errno.o)
 .comment       0x000000dc       0x6f d:/nxp2/lpcxpresso_8.2.0_647/lpcxpresso/tools/bin/../lib/gcc/arm-none-eabi/5.3.1/../../../../arm-none-eabi/lib/armv7-m\libcr_c.a(fabs.o)
 .comment       0x000000dc       0x6f d:/nxp2/lpcxpresso_8.2.0_647/lpcxpresso/tools/bin/../lib/gcc/arm-none-eabi/5.3.1/../../../../arm-none-eabi/lib/armv7-m\libcr_c.a(fpprintf.o)
 .comment       0x000000dc       0x6f d:/nxp2/lpcxpresso_8.2.0_647/lpcxpresso/tools/bin/../lib/gcc/arm-none-eabi/5.3.1/../../../../arm-none-eabi/lib/armv7-m\libcr_c.a(initio.o)
 .comment       0x000000dc       0x6f d:/nxp2/lpcxpresso_8.2.0_647/lpcxpresso/tools/bin/../lib/gcc/arm-none-eabi/5.3.1/../../../../arm-none-eabi/lib/armv7-m\libcr_c.a(printf.o)
 .comment       0x000000dc       0x6f d:/nxp2/lpcxpresso_8.2.0_647/lpcxpresso/tools/bin/../lib/gcc/arm-none-eabi/5.3.1/../../../../arm-none-eabi/lib/armv7-m\libcr_c.a(setvbuf.o)
 .comment       0x000000dc       0x6f d:/nxp2/lpcxpresso_8.2.0_647/lpcxpresso/tools/bin/../lib/gcc/arm-none-eabi/5.3.1/../../../../arm-none-eabi/lib/armv7-m\libcr_c.a(stdio.o)
 .comment       0x000000dc       0x6f d:/nxp2/lpcxpresso_8.2.0_647/lpcxpresso/tools/bin/../lib/gcc/arm-none-eabi/5.3.1/../../../../arm-none-eabi/lib/armv7-m\libcr_c.a(strlen.o)
 .comment       0x000000dc       0x6f d:/nxp2/lpcxpresso_8.2.0_647/lpcxpresso/tools/bin/../lib/gcc/arm-none-eabi/5.3.1/../../../../arm-none-eabi/lib/armv7-m\libcr_c.a(__init_alloc.o)
 .comment       0x000000dc       0x6f d:/nxp2/lpcxpresso_8.2.0_647/lpcxpresso/tools/bin/../lib/gcc/arm-none-eabi/5.3.1/../../../../arm-none-eabi/lib/armv7-m\libcr_c.a(_cr_sbrk.o)
 .comment       0x000000dc       0x6f d:/nxp2/lpcxpresso_8.2.0_647/lpcxpresso/tools/bin/../lib/gcc/arm-none-eabi/5.3.1/../../../../arm-none-eabi/lib/armv7-m\libcr_c.a(_deferredlazyseek.o)
 .comment       0x000000dc       0x6f d:/nxp2/lpcxpresso_8.2.0_647/lpcxpresso/tools/bin/../lib/gcc/arm-none-eabi/5.3.1/../../../../arm-none-eabi/lib/armv7-m\libcr_c.a(_fdopen.o)
 .comment       0x000000dc       0x6f d:/nxp2/lpcxpresso_8.2.0_647/lpcxpresso/tools/bin/../lib/gcc/arm-none-eabi/5.3.1/../../../../arm-none-eabi/lib/armv7-m\libcr_c.a(_fflush.o)
 .comment       0x000000dc       0x6f d:/nxp2/lpcxpresso_8.2.0_647/lpcxpresso/tools/bin/../lib/gcc/arm-none-eabi/5.3.1/../../../../arm-none-eabi/lib/armv7-m\libcr_c.a(_frexpl.o)
 .comment       0x000000dc       0x6f d:/nxp2/lpcxpresso_8.2.0_647/lpcxpresso/tools/bin/../lib/gcc/arm-none-eabi/5.3.1/../../../../arm-none-eabi/lib/armv7-m\libcr_c.a(_ldexpl.o)
 .comment       0x000000dc       0x6f d:/nxp2/lpcxpresso_8.2.0_647/lpcxpresso/tools/bin/../lib/gcc/arm-none-eabi/5.3.1/../../../../arm-none-eabi/lib/armv7-m\libcr_c.a(_writebuf.o)
 .comment       0x000000dc       0x6f d:/nxp2/lpcxpresso_8.2.0_647/lpcxpresso/tools/bin/../lib/gcc/arm-none-eabi/5.3.1/../../../../arm-none-eabi/lib/armv7-m\libcr_c.a(fclose.o)
 .comment       0x000000dc       0x6f d:/nxp2/lpcxpresso_8.2.0_647/lpcxpresso/tools/bin/../lib/gcc/arm-none-eabi/5.3.1/../../../../arm-none-eabi/lib/armv7-m\libcr_c.a(fflush.o)
 .comment       0x000000dc       0x6f d:/nxp2/lpcxpresso_8.2.0_647/lpcxpresso/tools/bin/../lib/gcc/arm-none-eabi/5.3.1/../../../../arm-none-eabi/lib/armv7-m\libcr_c.a(fseek.o)
 .comment       0x000000dc       0x6f d:/nxp2/lpcxpresso_8.2.0_647/lpcxpresso/tools/bin/../lib/gcc/arm-none-eabi/5.3.1/../../../../arm-none-eabi/lib/armv7-m\libcr_c.a(ftell.o)
 .comment       0x000000dc       0x6f d:/nxp2/lpcxpresso_8.2.0_647/lpcxpresso/tools/bin/../lib/gcc/arm-none-eabi/5.3.1/../../../../arm-none-eabi/lib/armv7-m\libcr_c.a(remove.o)
 .comment       0x000000dc       0x6f d:/nxp2/lpcxpresso_8.2.0_647/lpcxpresso/tools/bin/../lib/gcc/arm-none-eabi/5.3.1/../../../../arm-none-eabi/lib/armv7-m\libcr_c.a(_cr_check_heap.o)
 .comment       0x000000dc       0x6f d:/nxp2/lpcxpresso_8.2.0_647/lpcxpresso/tools/bin/../lib/gcc/arm-none-eabi/5.3.1/../../../../arm-none-eabi/lib/armv7-m\libcr_c.a(_do_fflush.o)
 .comment       0x000000dc       0x6f d:/nxp2/lpcxpresso_8.2.0_647/lpcxpresso/tools/bin/../lib/gcc/arm-none-eabi/5.3.1/../../../../arm-none-eabi/lib/armv7-m\libcr_c.a(_hugeval.o)
 .comment       0x000000dc       0x6f d:/nxp2/lpcxpresso_8.2.0_647/lpcxpresso/tools/bin/../lib/gcc/arm-none-eabi/5.3.1/armv7-m\libcr_eabihelpers.a(double.o)
 .comment       0x000000dc       0x6f d:/nxp2/lpcxpresso_8.2.0_647/lpcxpresso/tools/bin/../lib/gcc/arm-none-eabi/5.3.1/armv7-m\libcr_eabihelpers.a(float.o)
 .comment       0x000000dc       0x6f d:/nxp2/lpcxpresso_8.2.0_647/lpcxpresso/tools/bin/../lib/gcc/arm-none-eabi/5.3.1/../../../../arm-none-eabi/lib/armv7-m\libcr_nohost.a(__sys_appexit.o)
 .comment       0x000000dc       0x6f d:/nxp2/lpcxpresso_8.2.0_647/lpcxpresso/tools/bin/../lib/gcc/arm-none-eabi/5.3.1/../../../../arm-none-eabi/lib/armv7-m\libcr_nohost.a(__sys_close.o)